Component: ARM Compiler 5.06 update 5 (build 528) Tool: armlink [4d35e2]

==============================================================================

Section Cross References

    startup_stm32f103xb.o(STACK) refers (Special) to heapauxi.o(.text) for __use_two_region_memory
    startup_stm32f103xb.o(HEAP) refers (Special) to heapauxi.o(.text) for __use_two_region_memory
    startup_stm32f103xb.o(RESET) refers (Special) to heapauxi.o(.text) for __use_two_region_memory
    startup_stm32f103xb.o(RESET) refers to startup_stm32f103xb.o(STACK) for __initial_sp
    startup_stm32f103xb.o(RESET) refers to startup_stm32f103xb.o(.text) for Reset_Handler
    startup_stm32f103xb.o(RESET) refers to stm32f1xx_it.o(i.NMI_Handler) for NMI_Handler
    startup_stm32f103xb.o(RESET) refers to stm32f1xx_it.o(i.HardFault_Handler) for HardFault_Handler
    startup_stm32f103xb.o(RESET) refers to stm32f1xx_it.o(i.MemManage_Handler) for MemManage_Handler
    startup_stm32f103xb.o(RESET) refers to stm32f1xx_it.o(i.BusFault_Handler) for BusFault_Handler
    startup_stm32f103xb.o(RESET) refers to stm32f1xx_it.o(i.UsageFault_Handler) for UsageFault_Handler
    startup_stm32f103xb.o(RESET) refers to stm32f1xx_it.o(i.SVC_Handler) for SVC_Handler
    startup_stm32f103xb.o(RESET) refers to stm32f1xx_it.o(i.DebugMon_Handler) for DebugMon_Handler
    startup_stm32f103xb.o(RESET) refers to stm32f1xx_it.o(i.PendSV_Handler) for PendSV_Handler
    startup_stm32f103xb.o(RESET) refers to stm32f1xx_it.o(i.SysTick_Handler) for SysTick_Handler
    startup_stm32f103xb.o(RESET) refers to stm32f1xx_it.o(i.TIM2_IRQHandler) for TIM2_IRQHandler
    startup_stm32f103xb.o(RESET) refers to stm32f1xx_it.o(i.USART1_IRQHandler) for USART1_IRQHandler
    startup_stm32f103xb.o(.text) refers (Special) to heapauxi.o(.text) for __use_two_region_memory
    startup_stm32f103xb.o(.text) refers to system_stm32f1xx.o(i.SystemInit) for SystemInit
    startup_stm32f103xb.o(.text) refers to __main.o(!!!main) for __main
    startup_stm32f103xb.o(.text) refers to startup_stm32f103xb.o(HEAP) for Heap_Mem
    startup_stm32f103xb.o(.text) refers to startup_stm32f103xb.o(STACK) for Stack_Mem
    main.o(i.Debug_PrintStatus) refers to _printf_percent.o(.ARM.Collect$$_printf_percent$$00000000) for _printf_percent
    main.o(i.Debug_PrintStatus) refers to _printf_d.o(.ARM.Collect$$_printf_percent$$00000009) for _printf_d
    main.o(i.Debug_PrintStatus) refers to _printf_u.o(.ARM.Collect$$_printf_percent$$0000000A) for _printf_u
    main.o(i.Debug_PrintStatus) refers to _printf_dec.o(.text) for _printf_int_dec
    main.o(i.Debug_PrintStatus) refers to fmul.o(x$fpl$fmul) for __aeabi_fmul
    main.o(i.Debug_PrintStatus) refers to ffix.o(x$fpl$ffix) for __aeabi_f2iz
    main.o(i.Debug_PrintStatus) refers to stm32f1xx_hal.o(i.HAL_GetTick) for HAL_GetTick
    main.o(i.Debug_PrintStatus) refers to __2snprintf.o(.text) for __2snprintf
    main.o(i.Debug_PrintStatus) refers to stm32f1xx_hal_uart.o(i.HAL_UART_Transmit) for HAL_UART_Transmit
    main.o(i.Debug_PrintStatus) refers to modbus_regs.o(.data) for g_heat_out_volt
    main.o(i.Debug_PrintStatus) refers to usart.o(.bss) for huart2
    main.o(i.Heat_SetPwmDuty) refers to main.o(i.LimitFloat) for LimitFloat
    main.o(i.Heat_SetPwmDuty) refers to fflt_clz.o(x$fpl$ffltu) for __aeabi_ui2f
    main.o(i.Heat_SetPwmDuty) refers to fmul.o(x$fpl$fmul) for __aeabi_fmul
    main.o(i.Heat_SetPwmDuty) refers to fdiv.o(x$fpl$fdiv) for __aeabi_fdiv
    main.o(i.Heat_SetPwmDuty) refers to ffixu.o(x$fpl$ffixu) for __aeabi_f2uiz
    main.o(i.Heat_SetPwmDuty) refers to tim.o(.bss) for htim4
    main.o(i.Heating_ControlTask) refers to main.o(i.LimitFloat) for LimitFloat
    main.o(i.Heating_ControlTask) refers to frleqf.o(x$fpl$frleqf) for __aeabi_cfrcmple
    main.o(i.Heating_ControlTask) refers to faddsub_clz.o(x$fpl$fsub) for __aeabi_fsub
    main.o(i.Heating_ControlTask) refers to fmul.o(x$fpl$fmul) for __aeabi_fmul
    main.o(i.Heating_ControlTask) refers to faddsub_clz.o(x$fpl$fadd) for __aeabi_fadd
    main.o(i.Heating_ControlTask) refers to fdiv.o(x$fpl$fdiv) for __aeabi_fdiv
    main.o(i.Heating_ControlTask) refers to main.o(i.Heat_SetPwmDuty) for Heat_SetPwmDuty
    main.o(i.Heating_ControlTask) refers to modbus_regs.o(.data) for g_env_probe_status
    main.o(i.LimitFloat) refers to fleqf.o(x$fpl$fleqf) for __aeabi_cfcmple
    main.o(i.LimitFloat) refers to frleqf.o(x$fpl$frleqf) for __aeabi_cfrcmple
    main.o(i.SystemClock_Config) refers to rt_memclr_w.o(.text) for __aeabi_memclr4
    main.o(i.SystemClock_Config) refers to stm32f1xx_hal_rcc.o(i.HAL_RCC_OscConfig) for HAL_RCC_OscConfig
    main.o(i.SystemClock_Config) refers to stm32f1xx_hal_rcc.o(i.HAL_RCC_ClockConfig) for HAL_RCC_ClockConfig
    main.o(i.fputc) refers to stm32f1xx_hal_uart.o(i.HAL_UART_Transmit) for HAL_UART_Transmit
    main.o(i.fputc) refers to usart.o(.bss) for huart2
    main.o(i.main) refers to stm32f1xx_hal.o(i.HAL_Init) for HAL_Init
[...]
    i.HAL_RCC_GetPCLK2Freq                   0x08000df0   Section        0  stm32f1xx_hal_rcc.o(i.HAL_RCC_GetPCLK2Freq)
    i.HAL_RCC_GetSysClockFreq                0x08000e10   Section        0  stm32f1xx_hal_rcc.o(i.HAL_RCC_GetSysClockFreq)
    i.HAL_RCC_OscConfig                      0x08000e7c   Section        0  stm32f1xx_hal_rcc.o(i.HAL_RCC_OscConfig)
    i.HAL_SYSTICK_Config                     0x0800119c   Section        0  stm32f1xx_hal_cortex.o(i.HAL_SYSTICK_Config)
    i.HAL_TIMEx_MasterConfigSynchronization  0x080011c4   Section        0  stm32f1xx_hal_tim_ex.o(i.HAL_TIMEx_MasterConfigSynchronization)
    i.HAL_TIM_Base_Init                      0x08001206   Section        0  stm32f1xx_hal_tim.o(i.HAL_TIM_Base_Init)
    i.HAL_TIM_Base_MspInit                   0x0800123c   Section        0  tim.o(i.HAL_TIM_Base_MspInit)
    i.HAL_TIM_Base_Start_IT                  0x08001274   Section        0  stm32f1xx_hal_tim.o(i.HAL_TIM_Base_Start_IT)
    i.HAL_TIM_Base_Stop_IT                   0x08001296   Section        0  stm32f1xx_hal_tim.o(i.HAL_TIM_Base_Stop_IT)
    i.HAL_TIM_ConfigClockSource              0x080012c0   Section        0  stm32f1xx_hal_tim.o(i.HAL_TIM_ConfigClockSource)
    i.HAL_TIM_MspPostInit                    0x08001398   Section        0  tim.o(i.HAL_TIM_MspPostInit)
    i.HAL_TIM_PWM_ConfigChannel              0x080013e4   Section        0  stm32f1xx_hal_tim.o(i.HAL_TIM_PWM_ConfigChannel)
    i.HAL_TIM_PWM_Init                       0x080014b4   Section        0  stm32f1xx_hal_tim.o(i.HAL_TIM_PWM_Init)
    i.HAL_TIM_PWM_MspInit                    0x080014ec   Section        0  tim.o(i.HAL_TIM_PWM_MspInit)
    i.HAL_TIM_PWM_Start                      0x08001514   Section        0  stm32f1xx_hal_tim.o(i.HAL_TIM_PWM_Start)
    i.HAL_UART_Init                          0x0800154c   Section        0  stm32f1xx_hal_uart.o(i.HAL_UART_Init)
    i.HAL_UART_MspInit                       0x080015b0   Section        0  usart.o(i.HAL_UART_MspInit)
    i.HAL_UART_Transmit                      0x0800167c   Section        0  stm32f1xx_hal_uart.o(i.HAL_UART_Transmit)
    i.HardFault_Handler                      0x08001736   Section        0  stm32f1xx_it.o(i.HardFault_Handler)
    i.Heat_SetPwmDuty                        0x08001738   Section        0  main.o(i.Heat_SetPwmDuty)
    Heat_SetPwmDuty                          0x08001739   Thumb Code    70  main.o(i.Heat_SetPwmDuty)
    i.Heating_ControlTask                    0x08001788   Section        0  main.o(i.Heating_ControlTask)
    Heating_ControlTask                      0x08001789   Thumb Code   400  main.o(i.Heating_ControlTask)
    i.LimitFloat                             0x08001960   Section        0  main.o(i.LimitFloat)
    LimitFloat                               0x08001961   Thumb Code    36  main.o(i.LimitFloat)
    i.M1820_DelayUs                          0x08001984   Section        0  m1820.o(i.M1820_DelayUs)
    M1820_DelayUs                            0x08001985   Thumb Code    28  m1820.o(i.M1820_DelayUs)
    i.M1820_Init                             0x080019ac   Section        0  m1820.o(i.M1820_Init)
    i.M1820_LineDriveLow                     0x080019e4   Section        0  m1820.o(i.M1820_LineDriveLow)
    M1820_LineDriveLow                       0x080019e5   Thumb Code    46  m1820.o(i.M1820_LineDriveLow)
    i.M1820_LineRead                         0x08001a12   Section        0  m1820.o(i.M1820_LineRead)
    M1820_LineRead                           0x08001a13   Thumb Code     8  m1820.o(i.M1820_LineRead)
    i.M1820_LineRelease                      0x08001a1a   Section        0  m1820.o(i.M1820_LineRelease)
    M1820_LineRelease                        0x08001a1b   Thumb Code    26  m1820.o(i.M1820_LineRelease)
    i.M1820_ReadTemperature                  0x08001a34   Section        0  m1820.o(i.M1820_ReadTemperature)
    i.M1820_ResetAndPresence                 0x08001b3c   Section        0  m1820.o(i.M1820_ResetAndPresence)
    M1820_ResetAndPresence                   0x08001b3d   Thumb Code    52  m1820.o(i.M1820_ResetAndPresence)
    i.M1820_WriteByte                        0x08001b70   Section        0  m1820.o(i.M1820_WriteByte)
    M1820_WriteByte                          0x08001b71   Thumb Code    76  m1820.o(i.M1820_WriteByte)
    i.MX_GPIO_Init                           0x08001bbc   Section        0  gpio.o(i.MX_GPIO_Init)
    i.MX_TIM2_Init                           0x08001c58   Section        0  tim.o(i.MX_TIM2_Init)
    i.MX_TIM4_Init                           0x08001cbc   Section        0  tim.o(i.MX_TIM4_Init)
    i.MX_USART1_UART_Init                    0x08001d2c   Section        0  usart.o(i.MX_USART1_UART_Init)
    i.MX_USART2_UART_Init                    0x08001d64   Section        0  usart.o(i.MX_USART2_UART_Init)
    i.MemManage_Handler                      0x08001d9c   Section        0  stm32f1xx_it.o(i.MemManage_Handler)
    i.Modbus_AutoSaveTask                    0x08001da0   Section        0  modbus_regs.o(i.Modbus_AutoSaveTask)
    i.Modbus_CheckAutoSaveTrigger            0x08001dc8   Section        0  modbus_regs.o(i.Modbus_CheckAutoSaveTrigger)
    Modbus_CheckAutoSaveTrigger              0x08001dc9   Thumb Code   166  modbus_regs.o(i.Modbus_CheckAutoSaveTrigger)
    i.Modbus_CmdProcess                      0x08001e74   Section        0  modbus_regs.o(i.Modbus_CmdProcess)
    i.Modbus_LoadDefaultParams               0x08001ecc   Section        0  modbus_regs.o(i.Modbus_LoadDefaultParams)
    i.Modbus_RegsInit                        0x08001efc   Section        0  modbus_regs.o(i.Modbus_RegsInit)
    i.Modbus_RegsSyncFromBuffer              0x08001f1c   Section        0  modbus_regs.o(i.Modbus_RegsSyncFromBuffer)
    i.Modbus_RegsSyncToBuffer                0x08001f60   Section        0  modbus_regs.o(i.Modbus_RegsSyncToBuffer)
    i.Modbus_RequestAutoSave                 0x08002030   Section        0  modbus_regs.o(i.Modbus_RequestAutoSave)
    Modbus_RequestAutoSave                   0x08002031   Thumb Code    16  modbus_regs.o(i.Modbus_RequestAutoSave)
    i.NMI_Handler                            0x08002044   Section        0  stm32f1xx_it.o(i.NMI_Handler)
    i.ParamStore_CalcChecksum                0x08002046   Section        0  param_store.o(i.ParamStore_CalcChecksum)
    ParamStore_CalcChecksum                  0x08002047   Thumb Code    24  param_store.o(i.ParamStore_CalcChecksum)
    i.ParamStore_Load                        0x08002060   Section        0  param_store.o(i.ParamStore_Load)
    i.ParamStore_Save                        0x080020c4   Section        0  param_store.o(i.ParamStore_Save)
    i.PendSV_Handler                         0x0800215c   Section        0  stm32f1xx_it.o(i.PendSV_Handler)
    i.SVC_Handler                            0x0800215e   Section        0  stm32f1xx_it.o(i.SVC_Handler)
    i.SysTick_Handler                        0x08002160   Section        0  stm32f1xx_it.o(i.SysTick_Handler)
    i.SystemClock_Config                     0x08002164   Section        0  main.o(i.SystemClock_Config)
    i.SystemInit                             0x080021c4   Section        0  system_stm32f1xx.o(i.SystemInit)
    i.TIM2_IRQHandler                        0x0800220c   Section        0  stm32f1xx_it.o(i.TIM2_IRQHandler)
    i.TIM_Base_SetConfig                     0x08002210   Section        0  stm32f1xx_hal_tim.o(i.TIM_Base_SetConfig)
    i.TIM_CCxChannelCmd                      0x0800227c   Section        0  stm32f1xx_hal_tim.o(i.TIM_CCxChannelCmd)
    i.TIM_ETR_SetConfig                      0x08002296   Section        0  stm32f1xx_hal_tim.o(i.TIM_ETR_SetConfig)
    i.TIM_ITRx_SetConfig                     0x080022aa   Section        0  stm32f1xx_hal_tim.o(i.TIM_ITRx_SetConfig)
    TIM_ITRx_SetConfig                       0x080022ab   Thumb Code    16  stm32f1xx_hal_tim.o(i.TIM_ITRx_SetConfig)
    i.TIM_OC1_SetConfig                      0x080022bc   Section        0  stm32f1xx_hal_tim.o(i.TIM_OC1_SetConfig)
    TIM_OC1_SetConfig                        0x080022bd   Thumb Code    74  stm32f1xx_hal_tim.o(i.TIM_OC1_SetConfig)
    i.TIM_OC2_SetConfig                      0x0800230c   Section        0  stm32f1xx_hal_tim.o(i.TIM_OC2_SetConfig)
    i.TIM_OC3_SetConfig                      0x08002364   Section        0  stm32f1xx_hal_tim.o(i.TIM_OC3_SetConfig)
    TIM_OC3_SetConfig                        0x08002365   Thumb Code    82  stm32f1xx_hal_tim.o(i.TIM_OC3_SetConfig)
    i.TIM_OC4_SetConfig                      0x080023bc   Section        0  stm32f1xx_hal_tim.o(i.TIM_OC4_SetConfig)
    TIM_OC4_SetConfig                        0x080023bd   Thumb Code    64  stm32f1xx_hal_tim.o(i.TIM_OC4_SetConfig)
    i.TIM_TI1_ConfigInputStage               0x08002400   Section        0  stm32f1xx_hal_tim.o(i.TIM_TI1_ConfigInputStage)
    TIM_TI1_ConfigInputStage                 0x08002401   Thumb Code    34  stm32f1xx_hal_tim.o(i.TIM_TI1_ConfigInputStage)
    i.TIM_TI2_ConfigInputStage               0x08002422   Section        0  stm32f1xx_hal_tim.o(i.TIM_TI2_ConfigInputStage)
    TIM_TI2_ConfigInputStage                 0x08002423   Thumb Code    36  stm32f1xx_hal_tim.o(i.TIM_TI2_ConfigInputStage)
    i.UART_SetConfig                         0x08002448   Section        0  stm32f1xx_hal_uart.o(i.UART_SetConfig)
    UART_SetConfig                           0x08002449   Thumb Code   178  stm32f1xx_hal_uart.o(i.UART_SetConfig)
    i.UART_WaitOnFlagUntilTimeout            0x08002500   Section        0  stm32f1xx_hal_uart.o(i.UART_WaitOnFlagUntilTimeout)
    UART_WaitOnFlagUntilTimeout              0x08002501   Thumb Code   100  stm32f1xx_hal_uart.o(i.UART_WaitOnFlagUntilTimeout)
    i.USART1_IRQHandler                      0x08002564   Section        0  stm32f1xx_it.o(i.USART1_IRQHandler)
    i.UsageFault_Handler                     0x08002568   Section        0  stm32f1xx_it.o(i.UsageFault_Handler)
    i.__NVIC_SetPriority                     0x0800256a   Section        0  stm32f1xx_hal_cortex.o(i.__NVIC_SetPriority)
    __NVIC_SetPriority                       0x0800256b   Thumb Code    32  stm32f1xx_hal_cortex.o(i.__NVIC_SetPriority)
    i.eMBEnable                              0x0800258c   Section        0  mb.o(i.eMBEnable)
    i.eMBFuncReadHoldingRegister             0x080025ac   Section        0  mbfuncholding.o(i.eMBFuncReadHoldingRegister)
    i.eMBFuncWriteHoldingRegister            0x0800260a   Section        0  mbfuncholding.o(i.eMBFuncWriteHoldingRegister)
    i.eMBFuncWriteMultipleHoldingRegister    0x0800263c   Section        0  mbfuncholding.o(i.eMBFuncWriteMultipleHoldingRegister)
    i.eMBInit                                0x0800268c   Section        0  mb.o(i.eMBInit)
    i.eMBPoll                                0x0800270c   Section        0  mb.o(i.eMBPoll)
    i.eMBRTUInit                             0x080027c0   Section        0  mbrtu.o(i.eMBRTUInit)
    i.eMBRTUReceive                          0x080027fc   Section        0  mbrtu.o(i.eMBRTUReceive)
    i.eMBRTUSend                             0x0800284c   Section        0  mbrtu.o(i.eMBRTUSend)
    i.eMBRTUStart                            0x080028a4   Section        0  mbrtu.o(i.eMBRTUStart)
    i.eMBRTUStop                             0x080028c0   Section        0  mbrtu.o(i.eMBRTUStop)
    i.eMBRegHoldingCB                        0x080028d4   Section        0  modbus_regs.o(i.eMBRegHoldingCB)
    i.main                                   0x08002964   Section        0  main.o(i.main)
    i.prveMBError2Exception                  0x08002b08   Section        0  mbutils.o(i.prveMBError2Exception)
    i.usMBCRC16                              0x08002b20   Section        0  mbcrc.o(i.usMBCRC16)
    i.vMBPortSerialEnable                    0x08002b4c   Section        0  portserial.o(i.vMBPortSerialEnable)
    i.vMBPortTimersDisable                   0x08002bcc   Section        0  porttimer.o(i.vMBPortTimersDisable)
    i.vMBPortTimersEnable                    0x08002be8   Section        0  porttimer.o(i.vMBPortTimersEnable)
    i.xMBPortEventGet                        0x08002c14   Section        0  portevent.o(i.xMBPortEventGet)
    i.xMBPortEventInit                       0x08002c30   Section        0  portevent.o(i.xMBPortEventInit)
    i.xMBPortEventPost                       0x08002c40   Section        0  portevent.o(i.xMBPortEventPost)
    i.xMBPortSerialGetByte                   0x08002c50   Section        0  portserial.o(i.xMBPortSerialGetByte)
    i.xMBPortSerialInit                      0x08002c60   Section        0  portserial.o(i.xMBPortSerialInit)
    i.xMBPortSerialPutByte                   0x08002c98   Section        0  portserial.o(i.xMBPortSerialPutByte)
    i.xMBPortSerial_IRQHandler               0x08002ca8   Section        0  portserial.o(i.xMBPortSerial_IRQHandler)
    i.xMBPortTimer_IRQHandler                0x08002cf4   Section        0  porttimer.o(i.xMBPortTimer_IRQHandler)
    i.xMBPortTimersInit                      0x08002d28   Section        0  porttimer.o(i.xMBPortTimersInit)
    i.xMBRTUReceiveFSM                       0x08002d64   Section        0  mbrtu.o(i.xMBRTUReceiveFSM)
    i.xMBRTUTimerT35Expired                  0x08002dcc   Section        0  mbrtu.o(i.xMBRTUTimerT35Expired)
    i.xMBRTUTransmitFSM                      0x08002e0c   Section        0  mbrtu.o(i.xMBRTUTransmitFSM)
    x$fpl$fadd                               0x08002e68   Section      196  faddsub_clz.o(x$fpl$fadd)
    _fadd1                                   0x08002e77   Thumb Code     0  faddsub_clz.o(x$fpl$fadd)
    x$fpl$fcheck1                            0x08002f2c   Section       12  fcheck1.o(x$fpl$fcheck1)
    x$fpl$fcmpinf                            0x08002f38   Section       24  fcmpi.o(x$fpl$fcmpinf)
    x$fpl$fdiv                               0x08002f50   Section      388  fdiv.o(x$fpl$fdiv)
    _fdiv1                                   0x08002f51   Thumb Code     0  fdiv.o(x$fpl$fdiv)
    x$fpl$ffix                               0x080030d4   Section       54  ffix.o(x$fpl$ffix)
    x$fpl$ffixu                              0x0800310c   Section       62  ffixu.o(x$fpl$ffixu)
    x$fpl$fflt                               0x0800314c   Section       48  fflt_clz.o(x$fpl$fflt)
    x$fpl$ffltu                              0x0800317c   Section       38  fflt_clz.o(x$fpl$ffltu)
    x$fpl$fleqf                              0x080031a4   Section      104  fleqf.o(x$fpl$fleqf)
    x$fpl$fmul                               0x0800320c   Section      258  fmul.o(x$fpl$fmul)
    x$fpl$fnaninf                            0x0800330e   Section      140  fnaninf.o(x$fpl$fnaninf)
    x$fpl$fretinf                            0x0800339a   Section       10  fretinf.o(x$fpl$fretinf)
    x$fpl$frleqf                             0x080033a4   Section       98  frleqf.o(x$fpl$frleqf)
    x$fpl$fsub                               0x08003408   Section      234  faddsub_clz.o(x$fpl$fsub)
    _fsub1                                   0x08003417   Thumb Code     0  faddsub_clz.o(x$fpl$fsub)
    x$fpl$retnan                             0x080034f2   Section      100  retnan.o(x$fpl$retnan)
    x$fpl$scalbnf                            0x08003556   Section       76  scalbnf.o(x$fpl$scalbnf)
    x$fpl$trapveneer                         0x080035a2   Section       48  trapv.o(x$fpl$trapveneer)
    .constdata                               0x080035d2   Section       16  system_stm32f1xx.o(.constdata)
    x$fpl$usenofp                            0x080035d2   Section        0  usenofp.o(x$fpl$usenofp)
    .constdata                               0x080035e2   Section        8  system_stm32f1xx.o(.constdata)
    .constdata                               0x080035ea   Section      512  mbcrc.o(.constdata)
    aucCRCHi                                 0x080035ea   Data         256  mbcrc.o(.constdata)
    aucCRCLo                                 0x080036ea   Data         256  mbcrc.o(.constdata)
    .data                                    0x20000000   Section       20  main.o(.data)
    env_fail_streak                          0x20000008   Data           2  main.o(.data)
    surf_fail_streak                         0x2000000a   Data           2  main.o(.data)
    wd_tick                                  0x2000000c   Data           4  main.o(.data)
    temp_tick                                0x20000010   Data           4  main.o(.data)
    .data                                    0x20000014   Section       12  stm32f1xx_hal.o(.data)
    .data                                    0x20000020   Section        4  system_stm32f1xx.o(.data)
    .data                                    0x20000024   Section      172  mb.o(.data)
    eMBState                                 0x20000024   Data           1  mb.o(.data)
    ucRcvAddress                             0x20000025   Data           1  mb.o(.data)
    ucFunctionCode                           0x20000026   Data           1  mb.o(.data)
    eException                               0x20000027   Data           1  mb.o(.data)
    ucMBAddress                              0x20000028   Data           1  mb.o(.data)
    eMBCurrentMode                           0x20000029   Data           1  mb.o(.data)
    usLength                                 0x2000002a   Data           2  mb.o(.data)
    ucMBFrame                                0x2000002c   Data           4  mb.o(.data)
    peMBFrameSendCur                         0x20000030   Data           4  mb.o(.data)
    pvMBFrameStartCur                        0x20000034   Data           4  mb.o(.data)
    pvMBFrameStopCur                         0x20000038   Data           4  mb.o(.data)
    peMBFrameReceiveCur                      0x2000003c   Data           4  mb.o(.data)
    pvMBFrameCloseCur                        0x20000040   Data           4  mb.o(.data)
    xFuncHandlers                            0x20000050   Data         128  mb.o(.data)
    .data                                    0x200000d0   Section       12  mbrtu.o(.data)
    eSndState                                0x200000d0   Data           1  mbrtu.o(.data)
    eRcvState                                0x200000d1   Data           1  mbrtu.o(.data)
    usSndBufferCount                         0x200000d2   Data           2  mbrtu.o(.data)
    usRcvBufferPos                           0x200000d4   Data           2  mbrtu.o(.data)
    pucSndBufferCur                          0x200000d8   Data           4  mbrtu.o(.data)
    .data                                    0x200000dc   Section        2  portevent.o(.data)
    eQueuedEvent                             0x200000dc   Data           1  portevent.o(.data)
    xEventInQueue                            0x200000dd   Data           1  portevent.o(.data)
    .data                                    0x200000de   Section        2  portserial.o(.data)
    xTxBusy                                  0x200000de   Data           1  portserial.o(.data)
    ucUartRxByte                             0x200000df   Data           1  portserial.o(.data)
    .data                                    0x200000e0   Section        2  porttimer.o(.data)
    usTimerReloadValue                       0x200000e0   Data           2  porttimer.o(.data)
    .data                                    0x200000e4   Section       68  modbus_regs.o(.data)
    s_auto_save_pending                      0x200000e4   Data           1  modbus_regs.o(.data)
    s_env_wr_mask                            0x200000e5   Data           1  modbus_regs.o(.data)
    s_surf_wr_mask                           0x200000e6   Data           1  modbus_regs.o(.data)
    s_manual_wr_mask                         0x200000e7   Data           1  modbus_regs.o(.data)
    s_auto_save_tick                         0x20000114   Data           4  modbus_regs.o(.data)
    .data                                    0x20000128   Section       16  m1820.o(.data)
    .bss                                     0x20000138   Section      128  tim.o(.bss)
    .bss                                     0x200001b8   Section      128  usart.o(.bss)
    .bss                                     0x20000238   Section       32  stm32f1xx_hal_flash.o(.bss)
    .bss                                     0x20000258   Section      256  mbrtu.o(.bss)
    .bss                                     0x20000358   Section      138  modbus_regs.o(.bss)
    .bss                                     0x200003e4   Section       96  libspace.o(.bss)
    HEAP                                     0x20000448   Section      512  startup_stm32f103xb.o(HEAP)
    Heap_Mem                                 0x20000448   Data         512  startup_stm32f103xb.o(HEAP)
    STACK                                    0x20000648   Section     1024  startup_stm32f103xb.o(STACK)
    Stack_Mem                                0x20000648   Data        1024  startup_stm32f103xb.o(STACK)
    __initial_sp                             0x20000a48   Data           0  startup_stm32f103xb.o(STACK)

    Global Symbols

    Symbol Name                              Value     Ov Type        Size  Object(Section)

    BuildAttributes$$THM_ISAv4$P$D$K$B$S$PE$A:L22UL41UL21$X:L11$S22US41US21$IEEE1$IW$USESV6$~STKCKD$USESV7$~SHL$OSPACE$ROPI$EBA8$UX$STANDARDLIB$REQ8$PRES8$EABIv2 0x00000000   Number         0  anon$$obj.o ABSOLUTE
    __ARM_use_no_argv                        0x00000000   Number         0  main.o ABSOLUTE
    _printf_flags                            0x00000000   Number         0  printf_stubs.o ABSOLUTE
    _printf_return_value                     0x00000000   Number         0  printf_stubs.o ABSOLUTE
    _printf_sizespec                         0x00000000   Number         0  printf_stubs.o ABSOLUTE
    _printf_widthprec                        0x00000000   Number         0  printf_stubs.o ABSOLUTE
    __ARM_exceptions_init                     - Undefined Weak Reference
    __alloca_initialize                       - Undefined Weak Reference
    __arm_preinit_                            - Undefined Weak Reference
    __cpp_initialize__aeabi_                  - Undefined Weak Reference
    __cxa_finalize                            - Undefined Weak Reference
    __rt_locale                               - Undefined Weak Reference
    __sigvec_lookup                           - Undefined Weak Reference
    _atexit_init                              - Undefined Weak Reference
    _call_atexit_fns                          - Undefined Weak Reference
    _clock_init                               - Undefined Weak Reference
    _fp_trap_init                             - Undefined Weak Reference
    _fp_trap_shutdown                         - Undefined Weak Reference
    _get_lc_collate                           - Undefined Weak Reference
    _get_lc_ctype                             - Undefined Weak Reference
    _get_lc_monetary                          - Undefined Weak Reference
    _get_lc_numeric                           - Undefined Weak Reference
    _get_lc_time                              - Undefined Weak Reference
    _getenv_init                              - Undefined Weak Reference
    _handle_redirection                       - Undefined Weak Reference
    _init_alloc                               - Undefined Weak Reference
    _init_user_alloc                          - Undefined Weak Reference
    _initio                                   - Undefined Weak Reference
    _printf_post_padding                      - Undefined Weak Reference
    _printf_pre_padding                       - Undefined Weak Reference
    _printf_truncate_signed                   - Undefined Weak Reference
    _printf_truncate_unsigned                 - Undefined Weak Reference
    _rand_init                                - Undefined Weak Reference
    _signal_finish                            - Undefined Weak Reference
    _signal_init                              - Undefined Weak Reference
    _terminate_alloc                          - Undefined Weak Reference
    _terminate_user_alloc                     - Undefined Weak Reference
    _terminateio                              - Undefined Weak Reference
    __Vectors_Size                           0x000000ec   Number         0  startup_stm32f103xb.o ABSOLUTE
    __Vectors                                0x08000000   Data           4  startup_stm32f103xb.o(RESET)
    __Vectors_End                            0x080000ec   Data           0  startup_stm32f103xb.o(RESET)
    __main                                   0x080000ed   Thumb Code     8  __main.o(!!!main)
    __scatterload                            0x080000f5   Thumb Code     0  __scatter.o(!!!scatter)
    __scatterload_rt2                        0x080000f5   Thumb Code    44  __scatter.o(!!!scatter)
    __scatterload_rt2_thumb_only             0x080000f5   Thumb Code     0  __scatter.o(!!!scatter)
    __scatterload_null                       0x08000103   Thumb Code     0  __scatter.o(!!!scatter)
    __decompress                             0x08000129   Thumb Code    90  __dczerorl2.o(!!dczerorl2)
    __decompress1                            0x08000129   Thumb Code     0  __dczerorl2.o(!!dczerorl2)
    __scatterload_zeroinit                   0x08000185   Thumb Code    28  __scatter_zi.o(!!handler_zi)
    _printf_d                                0x080001a1   Thumb Code     0  _printf_d.o(.ARM.Collect$$_printf_percent$$00000009)
    _printf_percent                          0x080001a1   Thumb Code     0  _printf_percent.o(.ARM.Collect$$_printf_percent$$00000000)
    _printf_u                                0x080001a7   Thumb Code     0  _printf_u.o(.ARM.Collect$$_printf_percent$$0000000A)
    _printf_percent_end                      0x080001ad   Thumb Code     0  _printf_percent_end.o(.ARM.Collect$$_printf_percent$$00000017)
    __rt_lib_init                            0x080001b1   Thumb Code     0  libinit.o(.ARM.Collect$$libinit$$00000000)
    __rt_lib_init_alloca_1                   0x080001b3   Thumb Code     0  libinit2.o(.ARM.Collect$$libinit$$0000002E)
    __rt_lib_init_argv_1                     0x080001b3   Thumb Code     0  libinit2.o(.ARM.Collect$$libinit$$0000002C)
    __rt_lib_init_atexit_1                   0x080001b3   Thumb Code     0  libinit2.o(.ARM.Collect$$libinit$$0000001B)
    __rt_lib_init_clock_1                    0x080001b3   Thumb Code     0  libinit2.o(.ARM.Collect$$libinit$$00000021)
    __rt_lib_init_cpp_1                      0x080001b3   Thumb Code     0  libinit2.o(.ARM.Collect$$libinit$$00000032)
    __rt_lib_init_exceptions_1               0x080001b3   Thumb Code     0  libinit2.o(.ARM.Collect$$libinit$$00000030)
    __rt_lib_init_fp_1                       0x080001b3   Thumb Code     0  libinit2.o(.ARM.Collect$$libinit$$00000002)
    __rt_lib_init_fp_trap_1                  0x080001b3   Thumb Code     0  libinit2.o(.ARM.Collect$$libinit$$0000001F)
    __rt_lib_init_getenv_1                   0x080001b3   Thumb Code     0  libinit2.o(.ARM.Collect$$libinit$$00000023)
    __rt_lib_init_heap_1                     0x080001b3   Thumb Code     0  libinit2.o(.ARM.Collect$$libinit$$0000000A)
    __rt_lib_init_lc_collate_1               0x080001b3   Thumb Code     0  libinit2.o(.ARM.Collect$$libinit$$00000011)
    __rt_lib_init_lc_ctype_1                 0x080001b3   Thumb Code     0  libinit2.o(.ARM.Collect$$libinit$$00000013)
    __rt_lib_init_lc_monetary_1              0x080001b3   Thumb Code     0  libinit2.o(.ARM.Collect$$libinit$$00000015)
    __rt_lib_init_lc_numeric_1               0x080001b3   Thumb Code     0  libinit2.o(.ARM.Collect$$libinit$$00000017)
    __rt_lib_init_lc_time_1                  0x080001b3   Thumb Code     0  libinit2.o(.ARM.Collect$$libinit$$00000019)
    __rt_lib_init_preinit_1                  0x080001b3   Thumb Code     0  libinit2.o(.ARM.Collect$$libinit$$00000004)
    __rt_lib_init_rand_1                     0x080001b3   Thumb Code     0  libinit2.o(.ARM.Collect$$libinit$$0000000E)
    __rt_lib_init_return                     0x080001b3   Thumb Code     0  libinit2.o(.ARM.Collect$$libinit$$00000033)
    __rt_lib_init_signal_1                   0x080001b3   Thumb Code     0  libinit2.o(.ARM.Collect$$libinit$$0000001D)
    __rt_lib_init_stdio_1                    0x080001b3   Thumb Code     0  libinit2.o(.ARM.Collect$$libinit$$00000025)
    __rt_lib_init_user_alloc_1               0x080001b3   Thumb Code     0  libinit2.o(.ARM.Collect$$libinit$$0000000C)
    __rt_lib_shutdown                        0x080001b5   Thumb Code     0  libshutdown.o(.ARM.Collect$$libshutdown$$00000000)
    __rt_lib_shutdown_cpp_1                  0x080001b7   Thumb Code     0  libshutdown2.o(.ARM.Collect$$libshutdown$$00000002)
    __rt_lib_shutdown_fp_trap_1              0x080001b7   Thumb Code     0  libshutdown2.o(.ARM.Collect$$libshutdown$$00000007)
    __rt_lib_shutdown_heap_1                 0x080001b7   Thumb Code     0  libshutdown2.o(.ARM.Collect$$libshutdown$$0000000F)
    __rt_lib_shutdown_return                 0x080001b7   Thumb Code     0  libshutdown2.o(.ARM.Collect$$libshutdown$$00000010)
    __rt_lib_shutdown_signal_1               0x080001b7   Thumb Code     0  libshutdown2.o(.ARM.Collect$$libshutdown$$0000000A)
    __rt_lib_shutdown_stdio_1                0x080001b7   Thumb Code     0  libshutdown2.o(.ARM.Collect$$libshutdown$$00000004)
    __rt_lib_shutdown_user_alloc_1           0x080001b7   Thumb Code     0  libshutdown2.o(.ARM.Collect$$libshutdown$$0000000C)
    __rt_entry                               0x080001b9   Thumb Code     0  __rtentry.o(.ARM.Collect$$rtentry$$00000000)
    __rt_entry_presh_1                       0x080001b9   Thumb Code     0  __rtentry2.o(.ARM.Collect$$rtentry$$00000002)
    __rt_entry_sh                            0x080001b9   Thumb Code     0  __rtentry4.o(.ARM.Collect$$rtentry$$00000004)
    __rt_entry_li                            0x080001bf   Thumb Code     0  __rtentry2.o(.ARM.Collect$$rtentry$$0000000A)
    __rt_entry_postsh_1                      0x080001bf   Thumb Code     0  __rtentry2.o(.ARM.Collect$$rtentry$$00000009)
    __rt_entry_main                          0x080001c3   Thumb Code     0  __rtentry2.o(.ARM.Collect$$rtentry$$0000000D)
    __rt_entry_postli_1                      0x080001c3   Thumb Code     0  __rtentry2.o(.ARM.Collect$$rtentry$$0000000C)
    __rt_exit                                0x080001cb   Thumb Code     0  rtexit.o(.ARM.Collect$$rtexit$$00000000)
    __rt_exit_ls                             0x080001cd   Thumb Code     0  rtexit2.o(.ARM.Collect$$rtexit$$00000003)
    __rt_exit_prels_1                        0x080001cd   Thumb Code     0  rtexit2.o(.ARM.Collect$$rtexit$$00000002)
    __rt_exit_exit                           0x080001d1   Thumb Code     0  rtexit2.o(.ARM.Collect$$rtexit$$00000004)
    Reset_Handler                            0x080001d9   Thumb Code     8  startup_stm32f103xb.o(.text)
    ADC1_2_IRQHandler                        0x080001f3   Thumb Code     0  startup_stm32f103xb.o(.text)
    CAN1_RX1_IRQHandler                      0x080001f3   Thumb Code     0  startup_stm32f103xb.o(.text)
    CAN1_SCE_IRQHandler                      0x080001f3   Thumb Code     0  startup_stm32f103xb.o(.text)
    DMA1_Channel1_IRQHandler                 0x080001f3   Thumb Code     0  startup_stm32f103xb.o(.text)
    DMA1_Channel2_IRQHandler                 0x080001f3   Thumb Code     0  startup_stm32f103xb.o(.text)
    DMA1_Channel3_IRQHandler                 0x080001f3   Thumb Code     0  startup_stm32f103xb.o(.text)
    DMA1_Channel4_IRQHandler                 0x080001f3   Thumb Code     0  startup_stm32f103xb.o(.text)
    DMA1_Channel5_IRQHandler                 0x080001f3   Thumb Code     0  startup_stm32f103xb.o(.text)
    DMA1_Channel6_IRQHandler                 0x080001f3   Thumb Code     0  startup_stm32f103xb.o(.text)
    DMA1_Channel7_IRQHandler                 0x080001f3   Thumb Code     0  startup_stm32f103xb.o(.text)
    EXTI0_IRQHandler                         0x080001f3   Thumb Code     0  startup_stm32f103xb.o(.text)
    EXTI15_10_IRQHandler                     0x080001f3   Thumb Code     0  startup_stm32f103xb.o(.text)
    EXTI1_IRQHandler                         0x080001f3   Thumb Code     0  startup_stm32f103xb.o(.text)
    EXTI2_IRQHandler                         0x080001f3   Thumb Code     0  startup_stm32f103xb.o(.text)
    EXTI3_IRQHandler                         0x080001f3   Thumb Code     0  startup_stm32f103xb.o(.text)
    EXTI4_IRQHandler                         0x080001f3   Thumb Code     0  startup_stm32f103xb.o(.text)
    EXTI9_5_IRQHandler                       0x080001f3   Thumb Code     0  startup_stm32f103xb.o(.text)
    FLASH_IRQHandler                         0x080001f3   Thumb Code     0  startup_stm32f103xb.o(.text)
    I2C1_ER_IRQHandler                       0x080001f3   Thumb Code     0  startup_stm32f103xb.o(.text)
    I2C1_EV_IRQHandler                       0x080001f3   Thumb Code     0  startup_stm32f103xb.o(.text)
    I2C2_ER_IRQHandler                       0x080001f3   Thumb Code     0  startup_stm32f103xb.o(.text)
    I2C2_EV_IRQHandler                       0x080001f3   Thumb Code     0  startup_stm32f103xb.o(.text)
    PVD_IRQHandler                           0x080001f3   Thumb Code     0  startup_stm32f103xb.o(.text)
    RCC_IRQHandler                           0x080001f3   Thumb Code     0  startup_stm32f103xb.o(.text)
    RTC_Alarm_IRQHandler                     0x080001f3   Thumb Code     0  startup_stm32f103xb.o(.text)
    RTC_IRQHandler                           0x080001f3   Thumb Code     0  startup_stm32f103xb.o(.text)
    SPI1_IRQHandler                          0x080001f3   Thumb Code     0  startup_stm32f103xb.o(.text)
    SPI2_IRQHandler                          0x080001f3   Thumb Code     0  startup_stm32f103xb.o(.text)
    TAMPER_IRQHandler                        0x080001f3   Thumb Code     0  startup_stm32f103xb.o(.text)
    TIM1_BRK_IRQHandler                      0x080001f3   Thumb Code     0  startup_stm32f103xb.o(.text)
    TIM1_CC_IRQHandler                       0x080001f3   Thumb Code     0  startup_stm32f103xb.o(.text)
    TIM1_TRG_COM_IRQHandler                  0x080001f3   Thumb Code     0  startup_stm32f103xb.o(.text)
    TIM1_UP_IRQHandler                       0x080001f3   Thumb Code     0  startup_stm32f103xb.o(.text)
    TIM3_IRQHandler                          0x080001f3   Thumb Code     0  startup_stm32f103xb.o(.text)
    TIM4_IRQHandler                          0x080001f3   Thumb Code     0  startup_stm32f103xb.o(.text)
    USART2_IRQHandler                        0x080001f3   Thumb Code     0  startup_stm32f103xb.o(.text)
    USART3_IRQHandler                        0x080001f3   Thumb Code     0  startup_stm32f103xb.o(.text)
    USBWakeUp_IRQHandler                     0x080001f3   Thumb Code     0  startup_stm32f103xb.o(.text)
    USB_HP_CAN1_TX_IRQHandler                0x080001f3   Thumb Code     0  startup_stm32f103xb.o(.text)
    USB_LP_CAN1_RX0_IRQHandler               0x080001f3   Thumb Code     0  startup_stm32f103xb.o(.text)
    WWDG_IRQHandler                          0x080001f3   Thumb Code     0  startup_stm32f103xb.o(.text)
    __user_initial_stackheap                 0x080001f5   Thumb Code     0  startup_stm32f103xb.o(.text)
    __aeabi_llsr                             0x08000219   Thumb Code     0  llushr.o(.text)
    _ll_ushift_r                             0x08000219   Thumb Code    38  llushr.o(.text)
    __2snprintf                              0x08000241   Thumb Code    50  __2snprintf.o(.text)
    __printf                                 0x08000279   Thumb Code   104  __printf.o(.text)
    _printf_int_dec                          0x080002e1   Thumb Code   104  _printf_dec.o(.text)
    abort                                    0x08000359   Thumb Code    22  abort.o(.text)
    __aeabi_memclr                           0x0800036f   Thumb Code     0  rt_memclr.o(.text)
    __rt_memclr                              0x0800036f   Thumb Code    68  rt_memclr.o(.text)
    _memset                                  0x08000373   Thumb Code     0  rt_memclr.o(.text)
    __aeabi_memclr4                          0x080003b3   Thumb Code     0  rt_memclr_w.o(.text)
    __aeabi_memclr8                          0x080003b3   Thumb Code     0  rt_memclr_w.o(.text)
    __rt_memclr_w                            0x080003b3   Thumb Code    78  rt_memclr_w.o(.text)
    _memset_w                                0x080003b7   Thumb Code     0  rt_memclr_w.o(.text)
    __use_two_region_memory                  0x08000401   Thumb Code     2  heapauxi.o(.text)
    __rt_heap_escrow$2region                 0x08000403   Thumb Code     2  heapauxi.o(.text)
    __rt_heap_expand$2region                 0x08000405   Thumb Code     2  heapauxi.o(.text)
    _sys_exit                                0x08000409   Thumb Code     8  sys_exit.o(.text)
    _printf_int_common                       0x08000415   Thumb Code   178  _printf_intcommon.o(.text)
    _printf_char_common                      0x080004d3   Thumb Code    32  _printf_char_common.o(.text)
    _sputc                                   0x080004f9   Thumb Code    10  _sputc.o(.text)
    _snputc                                  0x08000503   Thumb Code    16  _snputc.o(.text)
    __rt_SIGABRT                             0x08000513   Thumb Code    14  defsig_abrt_outer.o(.text)
    __I$use$semihosting                      0x08000521   Thumb Code     0  use_no_semi.o(.text)
    __use_no_semihosting_swi                 0x08000521   Thumb Code     2  use_no_semi.o(.text)
    __semihosting_library_function           0x08000523   Thumb Code     0  indicate_semi.o(.text)
    __sig_exit                               0x08000523   Thumb Code    10  defsig_exit.o(.text)
    __rt_SIGABRT_inner                       0x0800052d   Thumb Code    14  defsig_abrt_inner.o(.text)
    __user_setup_stackheap                   0x0800055d   Thumb Code    74  sys_stackheap_outer.o(.text)
    exit                                     0x080005a7   Thumb Code    18  exit.o(.text)
    __default_signal_display                 0x080005b9   Thumb Code    50  defsig_general.o(.text)
    _ttywrch                                 0x080005eb   Thumb Code    14  sys_wrch.o(.text)
    __user_libspace                          0x080005f9   Thumb Code     8  libspace.o(.text)
    __user_perproc_libspace                  0x080005f9   Thumb Code     0  libspace.o(.text)
    __user_perthread_libspace                0x080005f9   Thumb Code     0  libspace.o(.text)
    BusFault_Handler                         0x08000601   Thumb Code     2  stm32f1xx_it.o(i.BusFault_Handler)
    DebugMon_Handler                         0x08000603   Thumb Code     2  stm32f1xx_it.o(i.DebugMon_Handler)
    Error_Handler                            0x080006bd   Thumb Code     4  main.o(i.Error_Handler)
    FLASH_PageErase                          0x080006e5   Thumb Code    28  stm32f1xx_hal_flash_ex.o(i.FLASH_PageErase)
    FLASH_WaitForLastOperation               0x08000781   Thumb Code    80  stm32f1xx_hal_flash.o(i.FLASH_WaitForLastOperation)
    HAL_Delay                                0x080007dd   Thumb Code    32  stm32f1xx_hal.o(i.HAL_Delay)
    HAL_FLASHEx_Erase                        0x08000801   Thumb Code   160  stm32f1xx_hal_flash_ex.o(i.HAL_FLASHEx_Erase)
    HAL_FLASH_Lock                           0x080008a9   Thumb Code    14  stm32f1xx_hal_flash.o(i.HAL_FLASH_Lock)
    HAL_FLASH_Program                        0x080008bd   Thumb Code   120  stm32f1xx_hal_flash.o(i.HAL_FLASH_Program)
    HAL_FLASH_Unlock                         0x0800093d   Thumb Code    28  stm32f1xx_hal_flash.o(i.HAL_FLASH_Unlock)
    HAL_GPIO_Init                            0x08000965   Thumb Code   446  stm32f1xx_hal_gpio.o(i.HAL_GPIO_Init)
    HAL_GPIO_ReadPin                         0x08000b45   Thumb Code    10  stm32f1xx_hal_gpio.o(i.HAL_GPIO_ReadPin)
    HAL_GPIO_TogglePin                       0x08000b4f   Thumb Code    14  stm32f1xx_hal_gpio.o(i.HAL_GPIO_TogglePin)
    HAL_GPIO_WritePin                        0x08000b5d   Thumb Code    10  stm32f1xx_hal_gpio.o(i.HAL_GPIO_WritePin)
    HAL_GetTick                              0x08000b69   Thumb Code     6  stm32f1xx_hal.o(i.HAL_GetTick)
    HAL_IncTick                              0x08000b75   Thumb Code    12  stm32f1xx_hal.o(i.HAL_IncTick)
    HAL_Init                                 0x08000b85   Thumb Code    32  stm32f1xx_hal.o(i.HAL_Init)
    HAL_InitTick                             0x08000ba9   Thumb Code    54  stm32f1xx_hal.o(i.HAL_InitTick)
    HAL_MspInit                              0x08000be9   Thumb Code    52  stm32f1xx_hal_msp.o(i.HAL_MspInit)
    HAL_NVIC_EnableIRQ                       0x08000c25   Thumb Code    26  stm32f1xx_hal_cortex.o(i.HAL_NVIC_EnableIRQ)
    HAL_NVIC_SetPriority                     0x08000c41   Thumb Code    60  stm32f1xx_hal_cortex.o(i.HAL_NVIC_SetPriority)
    HAL_NVIC_SetPriorityGrouping             0x08000c81   Thumb Code    26  stm32f1xx_hal_cortex.o(i.HAL_NVIC_SetPriorityGrouping)
    HAL_RCC_ClockConfig                      0x08000ca5   Thumb Code   280  stm32f1xx_hal_rcc.o(i.HAL_RCC_ClockConfig)
    HAL_RCC_GetPCLK1Freq                     0x08000dd1   Thumb Code    20  stm32f1xx_hal_rcc.o(i.HAL_RCC_GetPCLK1Freq)
    HAL_RCC_GetPCLK2Freq                     0x08000df1   Thumb Code    20  stm32f1xx_hal_rcc.o(i.HAL_RCC_GetPCLK2Freq)
    HAL_RCC_GetSysClockFreq                  0x08000e11   Thumb Code    74  stm32f1xx_hal_rcc.o(i.HAL_RCC_GetSysClockFreq)
    HAL_RCC_OscConfig                        0x08000e7d   Thumb Code   778  stm32f1xx_hal_rcc.o(i.HAL_RCC_OscConfig)
    HAL_SYSTICK_Config                       0x0800119d   Thumb Code    40  stm32f1xx_hal_cortex.o(i.HAL_SYSTICK_Config)
    HAL_TIMEx_MasterConfigSynchronization    0x080011c5   Thumb Code    66  stm32f1xx_hal_tim_ex.o(i.HAL_TIMEx_MasterConfigSynchronization)
    HAL_TIM_Base_Init                        0x08001207   Thumb Code    54  stm32f1xx_hal_tim.o(i.HAL_TIM_Base_Init)
    HAL_TIM_Base_MspInit                     0x0800123d   Thumb Code    50  tim.o(i.HAL_TIM_Base_MspInit)
    HAL_TIM_Base_Start_IT                    0x08001275   Thumb Code    34  stm32f1xx_hal_tim.o(i.HAL_TIM_Base_Start_IT)
    HAL_TIM_Base_Stop_IT                     0x08001297   Thumb Code    42  stm32f1xx_hal_tim.o(i.HAL_TIM_Base_Stop_IT)
    HAL_TIM_ConfigClockSource                0x080012c1   Thumb Code   214  stm32f1xx_hal_tim.o(i.HAL_TIM_ConfigClockSource)
    HAL_TIM_MspPostInit                      0x08001399   Thumb Code    62  tim.o(i.HAL_TIM_MspPostInit)
    HAL_TIM_PWM_ConfigChannel                0x080013e5   Thumb Code   208  stm32f1xx_hal_tim.o(i.HAL_TIM_PWM_ConfigChannel)
    HAL_TIM_PWM_Init                         0x080014b5   Thumb Code    54  stm32f1xx_hal_tim.o(i.HAL_TIM_PWM_Init)
    HAL_TIM_PWM_MspInit                      0x080014ed   Thumb Code    30  tim.o(i.HAL_TIM_PWM_MspInit)
    HAL_TIM_PWM_Start                        0x08001515   Thumb Code    52  stm32f1xx_hal_tim.o(i.HAL_TIM_PWM_Start)
    HAL_UART_Init                            0x0800154d   Thumb Code    98  stm32f1xx_hal_uart.o(i.HAL_UART_Init)
    HAL_UART_MspInit                         0x080015b1   Thumb Code   186  usart.o(i.HAL_UART_MspInit)
    HAL_UART_Transmit                        0x0800167d   Thumb Code   186  stm32f1xx_hal_uart.o(i.HAL_UART_Transmit)
    HardFault_Handler                        0x08001737   Thumb Code     2  stm32f1xx_it.o(i.HardFault_Handler)
    M1820_Init                               0x080019ad   Thumb Code    44  m1820.o(i.M1820_Init)
    M1820_ReadTemperature                    0x08001a35   Thumb Code   260  m1820.o(i.M1820_ReadTemperature)
    MX_GPIO_Init                             0x08001bbd   Thumb Code   142  gpio.o(i.MX_GPIO_Init)
    MX_TIM2_Init                             0x08001c59   Thumb Code    96  tim.o(i.MX_TIM2_Init)
    MX_TIM4_Init                             0x08001cbd   Thumb Code   104  tim.o(i.MX_TIM4_Init)
    MX_USART1_UART_Init                      0x08001d2d   Thumb Code    48  usart.o(i.MX_USART1_UART_Init)
    MX_USART2_UART_Init                      0x08001d65   Thumb Code    48  usart.o(i.MX_USART2_UART_Init)
    MemManage_Handler                        0x08001d9d   Thumb Code     2  stm32f1xx_it.o(i.MemManage_Handler)
    Modbus_AutoSaveTask                      0x08001da1   Thumb Code    34  modbus_regs.o(i.Modbus_AutoSaveTask)
    Modbus_CmdProcess                        0x08001e75   Thumb Code    74  modbus_regs.o(i.Modbus_CmdProcess)
    Modbus_LoadDefaultParams                 0x08001ecd   Thumb Code    30  modbus_regs.o(i.Modbus_LoadDefaultParams)
    Modbus_RegsInit                          0x08001efd   Thumb Code    26  modbus_regs.o(i.Modbus_RegsInit)
    Modbus_RegsSyncFromBuffer                0x08001f1d   Thumb Code    60  modbus_regs.o(i.Modbus_RegsSyncFromBuffer)
    Modbus_RegsSyncToBuffer                  0x08001f61   Thumb Code   198  modbus_regs.o(i.Modbus_RegsSyncToBuffer)
    NMI_Handler                              0x08002045   Thumb Code     2  stm32f1xx_it.o(i.NMI_Handler)
    ParamStore_Load                          0x08002061   Thumb Code    70  param_store.o(i.ParamStore_Load)
    ParamStore_Save                          0x080020c5   Thumb Code   122  param_store.o(i.ParamStore_Save)
    PendSV_Handler                           0x0800215d   Thumb Code     2  stm32f1xx_it.o(i.PendSV_Handler)
    SVC_Handler                              0x0800215f   Thumb Code     2  stm32f1xx_it.o(i.SVC_Handler)
    SysTick_Handler                          0x08002161   Thumb Code     4  stm32f1xx_it.o(i.SysTick_Handler)
    SystemClock_Config                       0x08002165   Thumb Code    94  main.o(i.SystemClock_Config)
    SystemInit                               0x080021c5   Thumb Code    56  system_stm32f1xx.o(i.SystemInit)
    TIM2_IRQHandler                          0x0800220d   Thumb Code     4  stm32f1xx_it.o(i.TIM2_IRQHandler)
    TIM_Base_SetConfig                       0x08002211   Thumb Code    94  stm32f1xx_hal_tim.o(i.TIM_Base_SetConfig)
    TIM_CCxChannelCmd                        0x0800227d   Thumb Code    26  stm32f1xx_hal_tim.o(i.TIM_CCxChannelCmd)
    TIM_ETR_SetConfig                        0x08002297   Thumb Code    20  stm32f1xx_hal_tim.o(i.TIM_ETR_SetConfig)
    TIM_OC2_SetConfig                        0x0800230d   Thumb Code    84  stm32f1xx_hal_tim.o(i.TIM_OC2_SetConfig)
    USART1_IRQHandler                        0x08002565   Thumb Code     4  stm32f1xx_it.o(i.USART1_IRQHandler)
    UsageFault_Handler                       0x08002569   Thumb Code     2  stm32f1xx_it.o(i.UsageFault_Handler)
    eMBEnable                                0x0800258d   Thumb Code    28  mb.o(i.eMBEnable)
    eMBFuncReadHoldingRegister               0x080025ad   Thumb Code    94  mbfuncholding.o(i.eMBFuncReadHoldingRegister)
    eMBFuncWriteHoldingRegister              0x0800260b   Thumb Code    50  mbfuncholding.o(i.eMBFuncWriteHoldingRegister)
    eMBFuncWriteMultipleHoldingRegister      0x0800263d   Thumb Code    78  mbfuncholding.o(i.eMBFuncWriteMultipleHoldingRegister)
    eMBInit                                  0x0800268d   Thumb Code    96  mb.o(i.eMBInit)
    eMBPoll                                  0x0800270d   Thumb Code   176  mb.o(i.eMBPoll)
    eMBRTUInit                               0x080027c1   Thumb Code    54  mbrtu.o(i.eMBRTUInit)
    eMBRTUReceive                            0x080027fd   Thumb Code    70  mbrtu.o(i.eMBRTUReceive)
    eMBRTUSend                               0x0800284d   Thumb Code    80  mbrtu.o(i.eMBRTUSend)
    eMBRTUStart                              0x080028a5   Thumb Code    24  mbrtu.o(i.eMBRTUStart)
    eMBRTUStop                               0x080028c1   Thumb Code    18  mbrtu.o(i.eMBRTUStop)
    eMBRegHoldingCB                          0x080028d5   Thumb Code   140  modbus_regs.o(i.eMBRegHoldingCB)
    main                                     0x08002965   Thumb Code   362  main.o(i.main)
    prveMBError2Exception                    0x08002b09   Thumb Code    24  mbutils.o(i.prveMBError2Exception)
    usMBCRC16                                0x08002b21   Thumb Code    40  mbcrc.o(i.usMBCRC16)
    vMBPortSerialEnable                      0x08002b4d   Thumb Code   116  portserial.o(i.vMBPortSerialEnable)
    vMBPortTimersDisable                     0x08002bcd   Thumb Code    24  porttimer.o(i.vMBPortTimersDisable)
    vMBPortTimersEnable                      0x08002be9   Thumb Code    34  porttimer.o(i.vMBPortTimersEnable)
    xMBPortEventGet                          0x08002c15   Thumb Code    24  portevent.o(i.xMBPortEventGet)
    xMBPortEventInit                         0x08002c31   Thumb Code    10  portevent.o(i.xMBPortEventInit)
    xMBPortEventPost                         0x08002c41   Thumb Code    12  portevent.o(i.xMBPortEventPost)
    xMBPortSerialGetByte                     0x08002c51   Thumb Code    10  portserial.o(i.xMBPortSerialGetByte)
    xMBPortSerialInit                        0x08002c61   Thumb Code    44  portserial.o(i.xMBPortSerialInit)
    xMBPortSerialPutByte                     0x08002c99   Thumb Code    10  portserial.o(i.xMBPortSerialPutByte)
    xMBPortSerial_IRQHandler                 0x08002ca9   Thumb Code    60  portserial.o(i.xMBPortSerial_IRQHandler)
    xMBPortTimer_IRQHandler                  0x08002cf5   Thumb Code    44  porttimer.o(i.xMBPortTimer_IRQHandler)
    xMBPortTimersInit                        0x08002d29   Thumb Code    50  porttimer.o(i.xMBPortTimersInit)
    xMBRTUReceiveFSM                         0x08002d65   Thumb Code    96  mbrtu.o(i.xMBRTUReceiveFSM)
    xMBRTUTimerT35Expired                    0x08002dcd   Thumb Code    58  mbrtu.o(i.xMBRTUTimerT35Expired)
    xMBRTUTransmitFSM                        0x08002e0d   Thumb Code    86  mbrtu.o(i.xMBRTUTransmitFSM)
    __aeabi_fadd                             0x08002e69   Thumb Code     0  faddsub_clz.o(x$fpl$fadd)
    _fadd                                    0x08002e69   Thumb Code   196  faddsub_clz.o(x$fpl$fadd)
    __fpl_fcheck_NaN1                        0x08002f2d   Thumb Code     6  fcheck1.o(x$fpl$fcheck1)
    __fpl_fcmp_Inf                           0x08002f39   Thumb Code    24  fcmpi.o(x$fpl$fcmpinf)
    __aeabi_fdiv                             0x08002f51   Thumb Code     0  fdiv.o(x$fpl$fdiv)
    _fdiv                                    0x08002f51   Thumb Code   384  fdiv.o(x$fpl$fdiv)
    __aeabi_f2iz                             0x080030d5   Thumb Code     0  ffix.o(x$fpl$ffix)
    _ffix                                    0x080030d5   Thumb Code    54  ffix.o(x$fpl$ffix)
    __aeabi_f2uiz                            0x0800310d   Thumb Code     0  ffixu.o(x$fpl$ffixu)
    _ffixu                                   0x0800310d   Thumb Code    62  ffixu.o(x$fpl$ffixu)
    __aeabi_i2f                              0x0800314d   Thumb Code     0  fflt_clz.o(x$fpl$fflt)
    _fflt                                    0x0800314d   Thumb Code    48  fflt_clz.o(x$fpl$fflt)
    __aeabi_ui2f                             0x0800317d   Thumb Code     0  fflt_clz.o(x$fpl$ffltu)
    _ffltu                                   0x0800317d   Thumb Code    38  fflt_clz.o(x$fpl$ffltu)
    __aeabi_cfcmple                          0x080031a5   Thumb Code     0  fleqf.o(x$fpl$fleqf)
    _fcmple                                  0x080031a5   Thumb Code   104  fleqf.o(x$fpl$fleqf)
    __fpl_fcmple_InfNaN                      0x080031f7   Thumb Code     0  fleqf.o(x$fpl$fleqf)
    __aeabi_fmul                             0x0800320d   Thumb Code     0  fmul.o(x$fpl$fmul)
    _fmul                                    0x0800320d   Thumb Code   258  fmul.o(x$fpl$fmul)
    __fpl_fnaninf                            0x0800330f   Thumb Code   140  fnaninf.o(x$fpl$fnaninf)
    __fpl_fretinf                            0x0800339b   Thumb Code    10  fretinf.o(x$fpl$fretinf)
    __aeabi_cfrcmple                         0x080033a5   Thumb Code     0  frleqf.o(x$fpl$frleqf)
    _frcmple                                 0x080033a5   Thumb Code    98  frleqf.o(x$fpl$frleqf)
    __aeabi_fsub                             0x08003409   Thumb Code     0  faddsub_clz.o(x$fpl$fsub)
    _fsub                                    0x08003409   Thumb Code   234  faddsub_clz.o(x$fpl$fsub)
    __fpl_return_NaN                         0x080034f3   Thumb Code   100  retnan.o(x$fpl$retnan)
    __ARM_scalbnf                            0x08003557   Thumb Code    76  scalbnf.o(x$fpl$scalbnf)
    __fpl_cmpreturn                          0x080035a3   Thumb Code    48  trapv.o(x$fpl$trapveneer)
    AHBPrescTable                            0x080035d2   Data          16  system_stm32f1xx.o(.constdata)
    __I$use$fp                               0x080035d2   Number         0  usenofp.o(x$fpl$usenofp)
    APBPrescTable                            0x080035e2   Data           8  system_stm32f1xx.o(.constdata)
    Region$$Table$$Base                      0x080037ec   Number         0  anon$$obj.o(Region$$Table)
    Region$$Table$$Limit                     0x0800380c   Number         0  anon$$obj.o(Region$$Table)
    g_surf_debug_enter                       0x20000000   Data           2  main.o(.data)
    g_surf_debug_ok                          0x20000002   Data           2  main.o(.data)
    g_env_debug_enter                        0x20000004   Data           2  main.o(.data)
    g_env_debug_ok                           0x20000006   Data           2  main.o(.data)
    uwTickFreq                               0x20000014   Data           1  stm32f1xx_hal.o(.data)
    uwTickPrio                               0x20000018   Data           4  stm32f1xx_hal.o(.data)
    uwTick                                   0x2000001c   Data           4  stm32f1xx_hal.o(.data)
    SystemCoreClock                          0x20000020   Data           4  system_stm32f1xx.o(.data)
    pxMBFrameCBByteReceived                  0x20000044   Data           4  mb.o(.data)
    pxMBFrameCBTransmitterEmpty              0x20000048   Data           4  mb.o(.data)
    pxMBPortCBTimerExpired                   0x2000004c   Data           4  mb.o(.data)
    g_ctrl_mode_set                          0x200000e8   Data           2  modbus_regs.o(.data)
    g_slave_addr                             0x200000ea   Data           2  modbus_regs.o(.data)
    g_baud_code                              0x200000ec   Data           2  modbus_regs.o(.data)
    g_temp_alarm_en                          0x200000ee   Data           2  modbus_regs.o(.data)
    g_cmd_clear_fault                        0x200000f0   Data           2  modbus_regs.o(.data)
    g_cmd_soft_reset                         0x200000f2   Data           2  modbus_regs.o(.data)
    g_status_word                            0x200000f4   Data           2  modbus_regs.o(.data)
    g_fault_word                             0x200000f6   Data           2  modbus_regs.o(.data)
    g_heat_output_status                     0x200000f8   Data           2  modbus_regs.o(.data)
    g_env_probe_status                       0x200000fa   Data           2  modbus_regs.o(.data)
    g_surf_probe_status                      0x200000fc   Data           2  modbus_regs.o(.data)
    g_env_probe_err_cnt                      0x200000fe   Data           2  modbus_regs.o(.data)
    g_surf_probe_err_cnt                     0x20000100   Data           2  modbus_regs.o(.data)
    g_fw_major_ver                           0x20000102   Data           2  modbus_regs.o(.data)
    g_fw_minor_ver                           0x20000104   Data           2  modbus_regs.o(.data)
    g_env_temp_threshold                     0x20000108   Data           4  modbus_regs.o(.data)
    g_surf_temp_target                       0x2000010c   Data           4  modbus_regs.o(.data)
    g_manual_pwm_set                         0x20000110   Data           4  modbus_regs.o(.data)
    g_env_temp_real                          0x20000118   Data           4  modbus_regs.o(.data)
    g_surf_temp_real                         0x2000011c   Data           4  modbus_regs.o(.data)
    g_heat_out_volt                          0x20000120   Data           4  modbus_regs.o(.data)
    g_pwm_duty_real                          0x20000124   Data           4  modbus_regs.o(.data)
    g_m1820_env                              0x20000128   Data           8  m1820.o(.data)
    g_m1820_surf                             0x20000130   Data           8  m1820.o(.data)
    htim2                                    0x20000138   Data          64  tim.o(.bss)
    htim4                                    0x20000178   Data          64  tim.o(.bss)
    huart1                                   0x200001b8   Data          64  usart.o(.bss)
    huart2                                   0x200001f8   Data          64  usart.o(.bss)
    pFlash                                   0x20000238   Data          32  stm32f1xx_hal_flash.o(.bss)
    ucRTUBuf                                 0x20000258   Data         256  mbrtu.o(.bss)
    usHoldingRegBuf                          0x20000358   Data         138  modbus_regs.o(.bss)
    __libspace_start                         0x200003e4   Data          96  libspace.o(.bss)
    __temporary_stack_top$libspace           0x20000444   Data           0  libspace.o(.bss)



==============================================================================

Memory Map of the image

  Image Entry point : 0x080000ed

  Load Region LR_IROM1 (Base: 0x08000000, Size: 0x00003944, Max: 0x00010000, ABSOLUTE, COMPRESSED[0x00003854])

    Execution Region ER_IROM1 (Exec base: 0x08000000, Load base: 0x08000000, Size: 0x0000380c, Max: 0x00010000, ABSOLUTE)

    Exec Addr    Load Addr    Size         Type   Attr      Idx    E Section Name        Object

    0x08000000   0x08000000   0x000000ec   Data   RO            3    RESET               startup_stm32f103xb.o
    0x080000ec   0x080000ec   0x00000008   Code   RO         3335  * !!!main             c_w.l(__main.o)
    0x080000f4   0x080000f4   0x00000034   Code   RO         3554    !!!scatter          c_w.l(__scatter.o)
    0x08000128   0x08000128   0x0000005a   Code   RO         3552    !!dczerorl2         c_w.l(__dczerorl2.o)
    0x08000182   0x08000182   0x00000002   PAD
    0x08000184   0x08000184   0x0000001c   Code   RO         3556    !!handler_zi        c_w.l(__scatter_zi.o)
    0x080001a0   0x080001a0   0x00000000   Code   RO         3326    .ARM.Collect$$_printf_percent$$00000000  c_w.l(_printf_percent.o)
    0x080001a0   0x080001a0   0x00000006   Code   RO         3324    .ARM.Collect$$_printf_percent$$00000009  c_w.l(_printf_d.o)
    0x080001a6   0x080001a6   0x00000006   Code   RO         3325    .ARM.Collect$$_printf_percent$$0000000A  c_w.l(_printf_u.o)
    0x080001ac   0x080001ac   0x00000004   Code   RO         3380    .ARM.Collect$$_printf_percent$$00000017  c_w.l(_printf_percent_end.o)
    0x080001b0   0x080001b0   0x00000002   Code   RO         3435    .ARM.Collect$$libinit$$00000000  c_w.l(libinit.o)
    0x080001b2   0x080001b2   0x00000000   Code   RO         3448    .ARM.Collect$$libinit$$00000002  c_w.l(libinit2.o)
    0x080001b2   0x080001b2   0x00000000   Code   RO         3450    .ARM.Collect$$libinit$$00000004  c_w.l(libinit2.o)
    0x080001b2   0x080001b2   0x00000000   Code   RO         3453    .ARM.Collect$$libinit$$0000000A  c_w.l(libinit2.o)
    0x080001b2   0x080001b2   0x00000000   Code   RO         3455    .ARM.Collect$$libinit$$0000000C  c_w.l(libinit2.o)
    0x080001b2   0x080001b2   0x00000000   Code   RO         3457    .ARM.Collect$$libinit$$0000000E  c_w.l(libinit2.o)
    0x080001b2   0x080001b2   0x00000000   Code   RO         3460    .ARM.Collect$$libinit$$00000011  c_w.l(libinit2.o)
    0x080001b2   0x080001b2   0x00000000   Code   RO         3462    .ARM.Collect$$libinit$$00000013  c_w.l(libinit2.o)
    0x080001b2   0x080001b2   0x00000000   Code   RO         3464    .ARM.Collect$$libinit$$00000015  c_w.l(libinit2.o)
    0x080001b2   0x080001b2   0x00000000   Code   RO         3466    .ARM.Collect$$libinit$$00000017  c_w.l(libinit2.o)
    0x080001b2   0x080001b2   0x00000000   Code   RO         3468    .ARM.Collect$$libinit$$00000019  c_w.l(libinit2.o)
    0x080001b2   0x080001b2   0x00000000   Code   RO         3470    .ARM.Collect$$libinit$$0000001B  c_w.l(libinit2.o)
    0x080001b2   0x080001b2   0x00000000   Code   RO         3472    .ARM.Collect$$libinit$$0000001D  c_w.l(libinit2.o)
    0x080001b2   0x080001b2   0x00000000   Code   RO         3474    .ARM.Collect$$libinit$$0000001F  c_w.l(libinit2.o)
    0x080001b2   0x080001b2   0x00000000   Code   RO         3476    .ARM.Collect$$libinit$$00000021  c_w.l(libinit2.o)
    0x080001b2   0x080001b2   0x00000000   Code   RO         3478    .ARM.Collect$$libinit$$00000023  c_w.l(libinit2.o)
    0x080001b2   0x080001b2   0x00000000   Code   RO         3480    .ARM.Collect$$libinit$$00000025  c_w.l(libinit2.o)
    0x080001b2   0x080001b2   0x00000000   Code   RO         3484    .ARM.Collect$$libinit$$0000002C  c_w.l(libinit2.o)
    0x080001b2   0x080001b2   0x00000000   Code   RO         3486    .ARM.Collect$$libinit$$0000002E  c_w.l(libinit2.o)
    0x080001b2   0x080001b2   0x00000000   Code   RO         3488    .ARM.Collect$$libinit$$00000030  c_w.l(libinit2.o)
    0x080001b2   0x080001b2   0x00000000   Code   RO         3490    .ARM.Collect$$libinit$$00000032  c_w.l(libinit2.o)
    0x080001b2   0x080001b2   0x00000002   Code   RO         3491    .ARM.Collect$$libinit$$00000033  c_w.l(libinit2.o)
    0x080001b4   0x080001b4   0x00000002   Code   RO         3525    .ARM.Collect$$libshutdown$$00000000  c_w.l(libshutdown.o)
    0x080001b6   0x080001b6   0x00000000   Code   RO         3535    .ARM.Collect$$libshutdown$$00000002  c_w.l(libshutdown2.o)
    0x080001b6   0x080001b6   0x00000000   Code   RO         3537    .ARM.Collect$$libshutdown$$00000004  c_w.l(libshutdown2.o)
    0x080001b6   0x080001b6   0x00000000   Code   RO         3540    .ARM.Collect$$libshutdown$$00000007  c_w.l(libshutdown2.o)
    0x080001b6   0x080001b6   0x00000000   Code   RO         3543    .ARM.Collect$$libshutdown$$0000000A  c_w.l(libshutdown2.o)
    0x080001b6   0x080001b6   0x00000000   Code   RO         3545    .ARM.Collect$$libshutdown$$0000000C  c_w.l(libshutdown2.o)
    0x080001b6   0x080001b6   0x00000000   Code   RO         3548    .ARM.Collect$$libshutdown$$0000000F  c_w.l(libshutdown2.o)
    0x080001b6   0x080001b6   0x00000002   Code   RO         3549    .ARM.Collect$$libshutdown$$00000010  c_w.l(libshutdown2.o)
    0x080001b8   0x080001b8   0x00000000   Code   RO         3371    .ARM.Collect$$rtentry$$00000000  c_w.l(__rtentry.o)
    0x080001b8   0x080001b8   0x00000000   Code   RO         3398    .ARM.Collect$$rtentry$$00000002  c_w.l(__rtentry2.o)
    0x080001b8   0x080001b8   0x00000006   Code   RO         3410    .ARM.Collect$$rtentry$$00000004  c_w.l(__rtentry4.o)
    0x080001be   0x080001be   0x00000000   Code   RO         3400    .ARM.Collect$$rtentry$$00000009  c_w.l(__rtentry2.o)
    0x080001be   0x080001be   0x00000004   Code   RO         3401    .ARM.Collect$$rtentry$$0000000A  c_w.l(__rtentry2.o)
    0x080001c2   0x080001c2   0x00000000   Code   RO         3403    .ARM.Collect$$rtentry$$0000000C  c_w.l(__rtentry2.o)
    0x080001c2   0x080001c2   0x00000008   Code   RO         3404    .ARM.Collect$$rtentry$$0000000D  c_w.l(__rtentry2.o)
    0x080001ca   0x080001ca   0x00000002   Code   RO         3443    .ARM.Collect$$rtexit$$00000000  c_w.l(rtexit.o)
    0x080001cc   0x080001cc   0x00000000   Code   RO         3493    .ARM.Collect$$rtexit$$00000002  c_w.l(rtexit2.o)
    0x080001cc   0x080001cc   0x00000004   Code   RO         3494    .ARM.Collect$$rtexit$$00000003  c_w.l(rtexit2.o)
    0x080001d0   0x080001d0   0x00000006   Code   RO         3495    .ARM.Collect$$rtexit$$00000004  c_w.l(rtexit2.o)
    0x080001d6   0x080001d6   0x00000002   PAD
    0x080001d8   0x080001d8   0x00000040   Code   RO            4    .text               startup_stm32f103xb.o
    0x08000218   0x08000218   0x00000026   Code   RO         3294    .text               c_w.l(llushr.o)
    0x0800023e   0x0800023e   0x00000002   PAD
    0x08000240   0x08000240   0x00000038   Code   RO         3296    .text               c_w.l(__2snprintf.o)
    0x08000278   0x08000278   0x00000068   Code   RO         3300    .text               c_w.l(__printf.o)
    0x080002e0   0x080002e0   0x00000078   Code   RO         3302    .text               c_w.l(_printf_dec.o)
    0x08000358   0x08000358   0x00000016   Code   RO         3327    .text               c_w.l(abort.o)
    0x0800036e   0x0800036e   0x00000044   Code   RO         3329    .text               c_w.l(rt_memclr.o)
    0x080003b2   0x080003b2   0x0000004e   Code   RO         3331    .text               c_w.l(rt_memclr_w.o)
    0x08000400   0x08000400   0x00000006   Code   RO         3333    .text               c_w.l(heapauxi.o)
    0x08000406   0x08000406   0x00000002   PAD
    0x08000408   0x08000408   0x0000000c   Code   RO         3369    .text               c_w.l(sys_exit.o)
    0x08000414   0x08000414   0x000000b2   Code   RO         3372    .text               c_w.l(_printf_intcommon.o)
    0x080004c6   0x080004c6   0x00000002   PAD
    0x080004c8   0x080004c8   0x00000030   Code   RO         3374    .text               c_w.l(_printf_char_common.o)
    0x080004f8   0x080004f8   0x0000000a   Code   RO         3376    .text               c_w.l(_sputc.o)
    0x08000502   0x08000502   0x00000010   Code   RO         3378    .text               c_w.l(_snputc.o)
    0x08000512   0x08000512   0x0000000e   Code   RO         3381    .text               c_w.l(defsig_abrt_outer.o)
    0x08000520   0x08000520   0x00000002   Code   RO         3394    .text               c_w.l(use_no_semi.o)
    0x08000522   0x08000522   0x00000000   Code   RO         3396    .text               c_w.l(indicate_semi.o)
    0x08000522   0x08000522   0x0000000a   Code   RO         3416    .text               c_w.l(defsig_exit.o)
    0x0800052c   0x0800052c   0x00000030   Code   RO         3418    .text               c_w.l(defsig_abrt_inner.o)
    0x0800055c   0x0800055c   0x0000004a   Code   RO         3422    .text               c_w.l(sys_stackheap_outer.o)
    0x080005a6   0x080005a6   0x00000012   Code   RO         3424    .text               c_w.l(exit.o)
    0x080005b8   0x080005b8   0x00000032   Code   RO         3428    .text               c_w.l(defsig_general.o)
    0x080005ea   0x080005ea   0x0000000e   Code   RO         3438    .text               c_w.l(sys_wrch.o)
    0x080005f8   0x080005f8   0x00000008   Code   RO         3440    .text               c_w.l(libspace.o)
    0x08000600   0x08000600   0x00000002   Code   RO          345    i.BusFault_Handler  stm32f1xx_it.o
    0x08000602   0x08000602   0x00000002   Code   RO          346    i.DebugMon_Handler  stm32f1xx_it.o
    0x08000604   0x08000604   0x000000b8   Code   RO           13    i.Debug_PrintStatus  main.o
    0x080006bc   0x080006bc   0x00000004   Code   RO           14    i.Error_Handler     main.o
    0x080006c0   0x080006c0   0x00000024   Code   RO         2239    i.FLASH_MassErase   stm32f1xx_hal_flash_ex.o
    0x080006e4   0x080006e4   0x00000024   Code   RO         2244    i.FLASH_PageErase   stm32f1xx_hal_flash_ex.o
    0x08000708   0x08000708   0x0000001c   Code   RO         2136    i.FLASH_Program_HalfWord  stm32f1xx_hal_flash.o
    0x08000724   0x08000724   0x0000005c   Code   RO         2137    i.FLASH_SetErrorCode  stm32f1xx_hal_flash.o
    0x08000780   0x08000780   0x00000054   Code   RO         2138    i.FLASH_WaitForLastOperation  stm32f1xx_hal_flash.o
    0x080007d4   0x080007d4   0x00000008   Code   RO         3093    i.FloatToRegs       modbus_regs.o
    0x080007dc   0x080007dc   0x00000024   Code   RO         1428    i.HAL_Delay         stm32f1xx_hal.o
    0x08000800   0x08000800   0x000000a8   Code   RO         2245    i.HAL_FLASHEx_Erase  stm32f1xx_hal_flash_ex.o
    0x080008a8   0x080008a8   0x00000014   Code   RO         2142    i.HAL_FLASH_Lock    stm32f1xx_hal_flash.o
    0x080008bc   0x080008bc   0x00000080   Code   RO         2147    i.HAL_FLASH_Program  stm32f1xx_hal_flash.o
    0x0800093c   0x0800093c   0x00000028   Code   RO         2149    i.HAL_FLASH_Unlock  stm32f1xx_hal_flash.o
    0x08000964   0x08000964   0x000001e0   Code   RO         1736    i.HAL_GPIO_Init     stm32f1xx_hal_gpio.o
    0x08000b44   0x08000b44   0x0000000a   Code   RO         1738    i.HAL_GPIO_ReadPin  stm32f1xx_hal_gpio.o
    0x08000b4e   0x08000b4e   0x0000000e   Code   RO         1739    i.HAL_GPIO_TogglePin  stm32f1xx_hal_gpio.o
    0x08000b5c   0x08000b5c   0x0000000a   Code   RO         1740    i.HAL_GPIO_WritePin  stm32f1xx_hal_gpio.o
    0x08000b66   0x08000b66   0x00000002   PAD
    0x08000b68   0x08000b68   0x0000000c   Code   RO         1432    i.HAL_GetTick       stm32f1xx_hal.o
    0x08000b74   0x08000b74   0x00000010   Code   RO         1438    i.HAL_IncTick       stm32f1xx_hal.o
    0x08000b84   0x08000b84   0x00000024   Code   RO         1439    i.HAL_Init          stm32f1xx_hal.o
    0x08000ba8   0x08000ba8   0x00000040   Code   RO         1440    i.HAL_InitTick      stm32f1xx_hal.o
    0x08000be8   0x08000be8   0x0000003c   Code   RO          433    i.HAL_MspInit       stm32f1xx_hal_msp.o
    0x08000c24   0x08000c24   0x0000001a   Code   RO         1896    i.HAL_NVIC_EnableIRQ  stm32f1xx_hal_cortex.o
    0x08000c3e   0x08000c3e   0x00000002   PAD
    0x08000c40   0x08000c40   0x00000040   Code   RO         1902    i.HAL_NVIC_SetPriority  stm32f1xx_hal_cortex.o
    0x08000c80   0x08000c80   0x00000024   Code   RO         1903    i.HAL_NVIC_SetPriorityGrouping  stm32f1xx_hal_cortex.o
    0x08000ca4   0x08000ca4   0x0000012c   Code   RO         1596    i.HAL_RCC_ClockConfig  stm32f1xx_hal_rcc.o
    0x08000dd0   0x08000dd0   0x00000020   Code   RO         1603    i.HAL_RCC_GetPCLK1Freq  stm32f1xx_hal_rcc.o
    0x08000df0   0x08000df0   0x00000020   Code   RO         1604    i.HAL_RCC_GetPCLK2Freq  stm32f1xx_hal_rcc.o
    0x08000e10   0x08000e10   0x0000006c   Code   RO         1605    i.HAL_RCC_GetSysClockFreq  stm32f1xx_hal_rcc.o
    0x08000e7c   0x08000e7c   0x00000320   Code   RO         1608    i.HAL_RCC_OscConfig  stm32f1xx_hal_rcc.o
    0x0800119c   0x0800119c   0x00000028   Code   RO         1907    i.HAL_SYSTICK_Config  stm32f1xx_hal_cortex.o
    0x080011c4   0x080011c4   0x00000042   Code   RO         1188    i.HAL_TIMEx_MasterConfigSynchronization  stm32f1xx_hal_tim_ex.o
    0x08001206   0x08001206   0x00000036   Code   RO          495    i.HAL_TIM_Base_Init  stm32f1xx_hal_tim.o
    0x0800123c   0x0800123c   0x00000038   Code   RO          232    i.HAL_TIM_Base_MspInit  tim.o
    0x08001274   0x08001274   0x00000022   Code   RO          500    i.HAL_TIM_Base_Start_IT  stm32f1xx_hal_tim.o
    0x08001296   0x08001296   0x0000002a   Code   RO          503    i.HAL_TIM_Base_Stop_IT  stm32f1xx_hal_tim.o
    0x080012c0   0x080012c0   0x000000d6   Code   RO          504    i.HAL_TIM_ConfigClockSource  stm32f1xx_hal_tim.o
    0x08001396   0x08001396   0x00000002   PAD
    0x08001398   0x08001398   0x0000004c   Code   RO          233    i.HAL_TIM_MspPostInit  tim.o
    0x080013e4   0x080013e4   0x000000d0   Code   RO          562    i.HAL_TIM_PWM_ConfigChannel  stm32f1xx_hal_tim.o
    0x080014b4   0x080014b4   0x00000036   Code   RO          565    i.HAL_TIM_PWM_Init  stm32f1xx_hal_tim.o
    0x080014ea   0x080014ea   0x00000002   PAD
    0x080014ec   0x080014ec   0x00000028   Code   RO          235    i.HAL_TIM_PWM_MspInit  tim.o
    0x08001514   0x08001514   0x00000038   Code   RO          570    i.HAL_TIM_PWM_Start  stm32f1xx_hal_tim.o
    0x0800154c   0x0800154c   0x00000062   Code   RO         2421    i.HAL_UART_Init     stm32f1xx_hal_uart.o
    0x080015ae   0x080015ae   0x00000002   PAD
    0x080015b0   0x080015b0   0x000000cc   Code   RO          298    i.HAL_UART_MspInit  usart.o
    0x0800167c   0x0800167c   0x000000ba   Code   RO         2429    i.HAL_UART_Transmit  stm32f1xx_hal_uart.o
    0x08001736   0x08001736   0x00000002   Code   RO          347    i.HardFault_Handler  stm32f1xx_it.o
    0x08001738   0x08001738   0x00000050   Code   RO           15    i.Heat_SetPwmDuty   main.o
    0x08001788   0x08001788   0x000001d8   Code   RO           16    i.Heating_ControlTask  main.o
    0x08001960   0x08001960   0x00000024   Code   RO           17    i.LimitFloat        main.o
    0x08001984   0x08001984   0x00000028   Code   RO         3229    i.M1820_DelayUs     m1820.o
    0x080019ac   0x080019ac   0x00000038   Code   RO         3230    i.M1820_Init        m1820.o
    0x080019e4   0x080019e4   0x0000002e   Code   RO         3231    i.M1820_LineDriveLow  m1820.o
    0x08001a12   0x08001a12   0x00000008   Code   RO         3232    i.M1820_LineRead    m1820.o
    0x08001a1a   0x08001a1a   0x0000001a   Code   RO         3233    i.M1820_LineRelease  m1820.o
    0x08001a34   0x08001a34   0x00000108   Code   RO         3234    i.M1820_ReadTemperature  m1820.o
    0x08001b3c   0x08001b3c   0x00000034   Code   RO         3235    i.M1820_ResetAndPresence  m1820.o
    0x08001b70   0x08001b70   0x0000004c   Code   RO         3236    i.M1820_WriteByte   m1820.o
    0x08001bbc   0x08001bbc   0x0000009c   Code   RO          207    i.MX_GPIO_Init      gpio.o
    0x08001c58   0x08001c58   0x00000064   Code   RO          236    i.MX_TIM2_Init      tim.o
    0x08001cbc   0x08001cbc   0x00000070   Code   RO          237    i.MX_TIM4_Init      tim.o
    0x08001d2c   0x08001d2c   0x00000038   Code   RO          299    i.MX_USART1_UART_Init  usart.o
    0x08001d64   0x08001d64   0x00000038   Code   RO          300    i.MX_USART2_UART_Init  usart.o
    0x08001d9c   0x08001d9c   0x00000002   Code   RO          348    i.MemManage_Handler  stm32f1xx_it.o
    0x08001d9e   0x08001d9e   0x00000002   PAD
    0x08001da0   0x08001da0   0x00000028   Code   RO         3094    i.Modbus_AutoSaveTask  modbus_regs.o
    0x08001dc8   0x08001dc8   0x000000ac   Code   RO         3095    i.Modbus_CheckAutoSaveTrigger  modbus_regs.o
    0x08001e74   0x08001e74   0x00000058   Code   RO         3096    i.Modbus_CmdProcess  modbus_regs.o
    0x08001ecc   0x08001ecc   0x00000030   Code   RO         3097    i.Modbus_LoadDefaultParams  modbus_regs.o
    0x08001efc   0x08001efc   0x00000020   Code   RO         3098    i.Modbus_RegsInit   modbus_regs.o
    0x08001f1c   0x08001f1c   0x00000044   Code   RO         3099    i.Modbus_RegsSyncFromBuffer  modbus_regs.o
    0x08001f60   0x08001f60   0x000000d0   Code   RO         3100    i.Modbus_RegsSyncToBuffer  modbus_regs.o
    0x08002030   0x08002030   0x00000014   Code   RO         3101    i.Modbus_RequestAutoSave  modbus_regs.o
    0x08002044   0x08002044   0x00000002   Code   RO          349    i.NMI_Handler       stm32f1xx_it.o
    0x08002046   0x08002046   0x00000018   Code   RO         3190    i.ParamStore_CalcChecksum  param_store.o
    0x0800205e   0x0800205e   0x00000002   PAD
    0x08002060   0x08002060   0x00000064   Code   RO         3191    i.ParamStore_Load   param_store.o
    0x080020c4   0x080020c4   0x00000098   Code   RO         3192    i.ParamStore_Save   param_store.o
    0x0800215c   0x0800215c   0x00000002   Code   RO          350    i.PendSV_Handler    stm32f1xx_it.o
    0x0800215e   0x0800215e   0x00000002   Code   RO          351    i.SVC_Handler       stm32f1xx_it.o
    0x08002160   0x08002160   0x00000004   Code   RO          352    i.SysTick_Handler   stm32f1xx_it.o
    0x08002164   0x08002164   0x0000005e   Code   RO           18    i.SystemClock_Config  main.o
    0x080021c2   0x080021c2   0x00000002   PAD
    0x080021c4   0x080021c4   0x00000048   Code   RO         2723    i.SystemInit        system_stm32f1xx.o
    0x0800220c   0x0800220c   0x00000004   Code   RO          353    i.TIM2_IRQHandler   stm32f1xx_it.o
    0x08002210   0x08002210   0x0000006c   Code   RO          583    i.TIM_Base_SetConfig  stm32f1xx_hal_tim.o
    0x0800227c   0x0800227c   0x0000001a   Code   RO          584    i.TIM_CCxChannelCmd  stm32f1xx_hal_tim.o
    0x08002296   0x08002296   0x00000014   Code   RO          594    i.TIM_ETR_SetConfig  stm32f1xx_hal_tim.o
    0x080022aa   0x080022aa   0x00000010   Code   RO          595    i.TIM_ITRx_SetConfig  stm32f1xx_hal_tim.o
    0x080022ba   0x080022ba   0x00000002   PAD
    0x080022bc   0x080022bc   0x00000050   Code   RO          596    i.TIM_OC1_SetConfig  stm32f1xx_hal_tim.o
    0x0800230c   0x0800230c   0x00000058   Code   RO          597    i.TIM_OC2_SetConfig  stm32f1xx_hal_tim.o
    0x08002364   0x08002364   0x00000058   Code   RO          598    i.TIM_OC3_SetConfig  stm32f1xx_hal_tim.o
    0x080023bc   0x080023bc   0x00000044   Code   RO          599    i.TIM_OC4_SetConfig  stm32f1xx_hal_tim.o
    0x08002400   0x08002400   0x00000022   Code   RO          601    i.TIM_TI1_ConfigInputStage  stm32f1xx_hal_tim.o
    0x08002422   0x08002422   0x00000024   Code   RO          603    i.TIM_TI2_ConfigInputStage  stm32f1xx_hal_tim.o
    0x08002446   0x08002446   0x00000002   PAD
    0x08002448   0x08002448   0x000000b8   Code   RO         2447    i.UART_SetConfig    stm32f1xx_hal_uart.o
    0x08002500   0x08002500   0x00000064   Code   RO         2449    i.UART_WaitOnFlagUntilTimeout  stm32f1xx_hal_uart.o
    0x08002564   0x08002564   0x00000004   Code   RO          354    i.USART1_IRQHandler  stm32f1xx_it.o
    0x08002568   0x08002568   0x00000002   Code   RO          355    i.UsageFault_Handler  stm32f1xx_it.o
    0x0800256a   0x0800256a   0x00000020   Code   RO         1909    i.__NVIC_SetPriority  stm32f1xx_hal_cortex.o
    0x0800258a   0x0800258a   0x00000002   PAD
    0x0800258c   0x0800258c   0x00000020   Code   RO         2759    i.eMBEnable         mb.o
    0x080025ac   0x080025ac   0x0000005e   Code   RO         2828    i.eMBFuncReadHoldingRegister  mbfuncholding.o
    0x0800260a   0x0800260a   0x00000032   Code   RO         2829    i.eMBFuncWriteHoldingRegister  mbfuncholding.o
    0x0800263c   0x0800263c   0x0000004e   Code   RO         2830    i.eMBFuncWriteMultipleHoldingRegister  mbfuncholding.o
    0x0800268a   0x0800268a   0x00000002   PAD
    0x0800268c   0x0800268c   0x00000080   Code   RO         2760    i.eMBInit           mb.o
    0x0800270c   0x0800270c   0x000000b4   Code   RO         2761    i.eMBPoll           mb.o
    0x080027c0   0x080027c0   0x0000003c   Code   RO         2893    i.eMBRTUInit        mbrtu.o
    0x080027fc   0x080027fc   0x00000050   Code   RO         2894    i.eMBRTUReceive     mbrtu.o
    0x0800284c   0x0800284c   0x00000058   Code   RO         2895    i.eMBRTUSend        mbrtu.o
    0x080028a4   0x080028a4   0x0000001c   Code   RO         2896    i.eMBRTUStart       mbrtu.o
    0x080028c0   0x080028c0   0x00000012   Code   RO         2897    i.eMBRTUStop        mbrtu.o
    0x080028d2   0x080028d2   0x00000002   PAD
    0x080028d4   0x080028d4   0x00000090   Code   RO         3102    i.eMBRegHoldingCB   modbus_regs.o
    0x08002964   0x08002964   0x000001a4   Code   RO           20    i.main              main.o
    0x08002b08   0x08002b08   0x00000018   Code   RO         2852    i.prveMBError2Exception  mbutils.o
    0x08002b20   0x08002b20   0x0000002c   Code   RO         2876    i.usMBCRC16         mbcrc.o
    0x08002b4c   0x08002b4c   0x00000080   Code   RO         2996    i.vMBPortSerialEnable  portserial.o
    0x08002bcc   0x08002bcc   0x0000001c   Code   RO         3049    i.vMBPortTimersDisable  porttimer.o
    0x08002be8   0x08002be8   0x0000002c   Code   RO         3050    i.vMBPortTimersEnable  porttimer.o
    0x08002c14   0x08002c14   0x0000001c   Code   RO         2957    i.xMBPortEventGet   portevent.o
    0x08002c30   0x08002c30   0x00000010   Code   RO         2958    i.xMBPortEventInit  portevent.o
    0x08002c40   0x08002c40   0x00000010   Code   RO         2959    i.xMBPortEventPost  portevent.o
    0x08002c50   0x08002c50   0x00000010   Code   RO         2997    i.xMBPortSerialGetByte  portserial.o
    0x08002c60   0x08002c60   0x00000038   Code   RO         2998    i.xMBPortSerialInit  portserial.o
    0x08002c98   0x08002c98   0x00000010   Code   RO         2999    i.xMBPortSerialPutByte  portserial.o
    0x08002ca8   0x08002ca8   0x0000004c   Code   RO         3000    i.xMBPortSerial_IRQHandler  portserial.o
    0x08002cf4   0x08002cf4   0x00000034   Code   RO         3051    i.xMBPortTimer_IRQHandler  porttimer.o
    0x08002d28   0x08002d28   0x0000003c   Code   RO         3052    i.xMBPortTimersInit  porttimer.o
    0x08002d64   0x08002d64   0x00000068   Code   RO         2898    i.xMBRTUReceiveFSM  mbrtu.o
    0x08002dcc   0x08002dcc   0x00000040   Code   RO         2899    i.xMBRTUTimerT35Expired  mbrtu.o
    0x08002e0c   0x08002e0c   0x0000005c   Code   RO         2900    i.xMBRTUTransmitFSM  mbrtu.o
    0x08002e68   0x08002e68   0x000000c4   Code   RO         3337    x$fpl$fadd          fz_ws.l(faddsub_clz.o)
    0x08002f2c   0x08002f2c   0x0000000c   Code   RO         3385    x$fpl$fcheck1       fz_ws.l(fcheck1.o)
    0x08002f38   0x08002f38   0x00000018   Code   RO         3387    x$fpl$fcmpinf       fz_ws.l(fcmpi.o)
    0x08002f50   0x08002f50   0x00000184   Code   RO         3344    x$fpl$fdiv          fz_ws.l(fdiv.o)
    0x080030d4   0x080030d4   0x00000036   Code   RO         3347    x$fpl$ffix          fz_ws.l(ffix.o)
    0x0800310a   0x0800310a   0x00000002   PAD
    0x0800310c   0x0800310c   0x0000003e   Code   RO         3351    x$fpl$ffixu         fz_ws.l(ffixu.o)
    0x0800314a   0x0800314a   0x00000002   PAD
    0x0800314c   0x0800314c   0x00000030   Code   RO         3356    x$fpl$fflt          fz_ws.l(fflt_clz.o)
    0x0800317c   0x0800317c   0x00000026   Code   RO         3355    x$fpl$ffltu         fz_ws.l(fflt_clz.o)
    0x080031a2   0x080031a2   0x00000002   PAD
    0x080031a4   0x080031a4   0x00000068   Code   RO         3361    x$fpl$fleqf         fz_ws.l(fleqf.o)
    0x0800320c   0x0800320c   0x00000102   Code   RO         3363    x$fpl$fmul          fz_ws.l(fmul.o)
    0x0800330e   0x0800330e   0x0000008c   Code   RO         3389    x$fpl$fnaninf       fz_ws.l(fnaninf.o)
    0x0800339a   0x0800339a   0x0000000a   Code   RO         3391    x$fpl$fretinf       fz_ws.l(fretinf.o)
    0x080033a4   0x080033a4   0x00000062   Code   RO         3365    x$fpl$frleqf        fz_ws.l(frleqf.o)
    0x08003406   0x08003406   0x00000002   PAD
    0x08003408   0x08003408   0x000000ea   Code   RO         3339    x$fpl$fsub          fz_ws.l(faddsub_clz.o)
    0x080034f2   0x080034f2   0x00000064   Code   RO         3420    x$fpl$retnan        fz_ws.l(retnan.o)
    0x08003556   0x08003556   0x0000004c   Code   RO         3367    x$fpl$scalbnf       fz_ws.l(scalbnf.o)
    0x080035a2   0x080035a2   0x00000030   Code   RO         3436    x$fpl$trapveneer    fz_ws.l(trapv.o)
    0x080035d2   0x080035d2   0x00000000   Code   RO         3393    x$fpl$usenofp       fz_ws.l(usenofp.o)
    0x080035d2   0x080035d2   0x00000010   Data   RO         2724    .constdata          system_stm32f1xx.o
    0x080035e2   0x080035e2   0x00000008   Data   RO         2725    .constdata          system_stm32f1xx.o
    0x080035ea   0x080035ea   0x00000200   Data   RO         2877    .constdata          mbcrc.o
    0x080037ea   0x080037ea   0x00000002   PAD
    0x080037ec   0x080037ec   0x00000020   Data   RO         3550    Region$$Table       anon$$obj.o


    Execution Region RW_IRAM1 (Exec base: 0x20000000, Load base: 0x0800380c, Size: 0x00000a48, Max: 0x00005000, ABSOLUTE, COMPRESSED[0x00000048])

    Exec Addr    Load Addr    Size         Type   Attr      Idx    E Section Name        Object

    0x20000000   COMPRESSED   0x00000014   Data   RW           23    .data               main.o
    0x20000014   COMPRESSED   0x0000000c   Data   RW         1446    .data               stm32f1xx_hal.o
    0x20000020   COMPRESSED   0x00000004   Data   RW         2726    .data               system_stm32f1xx.o
    0x20000024   COMPRESSED   0x000000ac   Data   RW         2763    .data               mb.o
    0x200000d0   COMPRESSED   0x0000000c   Data   RW         2902    .data               mbrtu.o
    0x200000dc   COMPRESSED   0x00000002   Data   RW         2960    .data               portevent.o
    0x200000de   COMPRESSED   0x00000002   Data   RW         3001    .data               portserial.o
    0x200000e0   COMPRESSED   0x00000002   Data   RW         3053    .data               porttimer.o
    0x200000e2   COMPRESSED   0x00000002   PAD
    0x200000e4   COMPRESSED   0x00000044   Data   RW         3104    .data               modbus_regs.o
    0x20000128   COMPRESSED   0x00000010   Data   RW         3237    .data               m1820.o
    0x20000138        -       0x00000080   Zero   RW          238    .bss                tim.o
    0x200001b8        -       0x00000080   Zero   RW          301    .bss                usart.o
    0x20000238        -       0x00000020   Zero   RW         2150    .bss                stm32f1xx_hal_flash.o
    0x20000258        -       0x00000100   Zero   RW         2901    .bss                mbrtu.o
    0x20000358        -       0x0000008a   Zero   RW         3103    .bss                modbus_regs.o
    0x200003e2   COMPRESSED   0x00000002   PAD
    0x200003e4        -       0x00000060   Zero   RW         3441    .bss                c_w.l(libspace.o)
    0x20000444   COMPRESSED   0x00000004   PAD
    0x20000448        -       0x00000200   Zero   RW            2    HEAP                startup_stm32f103xb.o
    0x20000648        -       0x00000400   Zero   RW            1    STACK               startup_stm32f103xb.o


==============================================================================

Image component sizes


      Code (inc. data)   RO Data    RW Data    ZI Data      Debug   Object Name

       156         14          0          0          0        855   gpio.o
       568         28          0         16          0       6272   m1820.o
      1290        200          0         20          0     435836   main.o
       340         40          0        172          0       4528   mb.o
        44          4        512          0          0       1144   mbcrc.o
       222          0          0          0          0       3965   mbfuncholding.o
       534         48          0         12        256       5975   mbrtu.o
        24          0          0          0          0        592   mbutils.o
       828         76          0         68        138      32731   modbus_regs.o
       276         60          0          0          0       2584   param_store.o
        60         14          0          2          0       3321   portevent.o
       292         52          0          2          0       3563   portserial.o
       184         32          0          2          0       2639   porttimer.o
        64         26        236          0       1536        772   startup_stm32f103xb.o
       164         28          0         12          0       5601   stm32f1xx_hal.o
       198         14          0          0          0      28707   stm32f1xx_hal_cortex.o
       392         46          0          0         32       4426   stm32f1xx_hal_flash.o
       240         26          0          0          0       3093   stm32f1xx_hal_flash_ex.o
       514         34          0          0          0       3920   stm32f1xx_hal_gpio.o
        60          8          0          0          0        794   stm32f1xx_hal_msp.o
      1272        100          0          0          0       4964   stm32f1xx_hal_rcc.o
      1226         38          0          0          0      11957   stm32f1xx_hal_tim.o
        66          0          0          0          0       1228   stm32f1xx_hal_tim_ex.o
       568          6          0          0          0       3736   stm32f1xx_hal_uart.o
        28          0          0          0          0       4320   stm32f1xx_it.o
        72         16         24          4          0       1063   system_stm32f1xx.o
       384         42          0          0        128       3159   tim.o
       316         34          0          0        128       2191   usart.o

    ----------------------------------------------------------------------
     10408        986        806        312       2220     583936   Object Totals
         0          0         32          0          0          0   (incl. Generated)
        26          0          2          2          2          0   (incl. Padding)

    ----------------------------------------------------------------------

      Code (inc. data)   RO Data    RW Data    ZI Data      Debug   Library Member Name

        56          6          0          0          0         88   __2snprintf.o
        90          0          0          0          0          0   __dczerorl2.o
         8          0          0          0          0         68   __main.o
       104          0          0          0          0         84   __printf.o
         0          0          0          0          0          0   __rtentry.o
        12          0          0          0          0          0   __rtentry2.o
         6          0          0          0          0          0   __rtentry4.o
        52          8          0          0          0          0   __scatter.o
        28          0          0          0          0          0   __scatter_zi.o
        48          6          0          0          0         96   _printf_char_common.o
         6          0          0          0          0          0   _printf_d.o
       120         16          0          0          0         92   _printf_dec.o
       178          0          0          0          0         88   _printf_intcommon.o
         0          0          0          0          0          0   _printf_percent.o
         4          0          0          0          0          0   _printf_percent_end.o
         6          0          0          0          0          0   _printf_u.o
        16          0          0          0          0         68   _snputc.o
        10          0          0          0          0         68   _sputc.o
        22          0          0          0          0         80   abort.o
        48         34          0          0          0         76   defsig_abrt_inner.o
        14          0          0          0          0         80   defsig_abrt_outer.o
        10          0          0          0          0         68   defsig_exit.o
        50          0          0          0          0         88   defsig_general.o
        18          0          0          0          0         80   exit.o
         6          0          0          0          0        152   heapauxi.o
         0          0          0          0          0          0   indicate_semi.o
         2          0          0          0          0          0   libinit.o
         2          0          0          0          0          0   libinit2.o
         2          0          0          0          0          0   libshutdown.o
         2          0          0          0          0          0   libshutdown2.o
         8          4          0          0         96         68   libspace.o
        38          0          0          0          0         68   llushr.o
        68          0          0          0          0         68   rt_memclr.o
        78          0          0          0          0         80   rt_memclr_w.o
         2          0          0          0          0          0   rtexit.o
        10          0          0          0          0          0   rtexit2.o
        12          4          0          0          0         68   sys_exit.o
        74          0          0          0          0         80   sys_stackheap_outer.o
        14          0          0          0          0         76   sys_wrch.o
         2          0          0          0          0         68   use_no_semi.o
       430          8          0          0          0        168   faddsub_clz.o
        12          4          0          0          0         68   fcheck1.o
        24          0          0          0          0         68   fcmpi.o
       388         76          0          0          0         96   fdiv.o
        54          4          0          0          0         84   ffix.o
        62          4          0          0          0         84   ffixu.o
        86          0          0          0          0        136   fflt_clz.o
       104          4          0          0          0         84   fleqf.o
       258          4          0          0          0         84   fmul.o
       140          4          0          0          0         84   fnaninf.o
        10          0          0          0          0         68   fretinf.o
        98          0          0          0          0         68   frleqf.o
       100          0          0          0          0         68   retnan.o
        76          0          0          0          0         68   scalbnf.o
        48          0          0          0          0         68   trapv.o
         0          0          0          0          0          0   usenofp.o

    ----------------------------------------------------------------------
      3134        186          0          0        100       3148   Library Totals
        18          0          0          0          4          0   (incl. Padding)

    ----------------------------------------------------------------------

      Code (inc. data)   RO Data    RW Data    ZI Data      Debug   Library Name

      1226         78          0          0         96       1852   c_w.l
      1890        108          0          0          0       1296   fz_ws.l

    ----------------------------------------------------------------------
      3134        186          0          0        100       3148   Library Totals

    ----------------------------------------------------------------------

==============================================================================


      Code (inc. data)   RO Data    RW Data    ZI Data      Debug   

     13542       1172        806        312       2320     578864   Grand Totals
     13542       1172        806         72       2320     578864   ELF Image Totals (compressed)
     13542       1172        806         72          0          0   ROM Totals

==============================================================================

    Total RO  Size (Code + RO Data)                14348 (  14.01kB)
    Total RW  Size (RW Data + ZI Data)              2632 (   2.57kB)
    Total ROM Size (Code + RO Data + RW Data)      14420 (  14.08kB)

==============================================================================

