Component: ARM Compiler 5.06 update 5 (build 528) Tool: armlink [4d35e2]

==============================================================================

Section Cross References

    startup_stm32f103xb.o(STACK) refers (Special) to heapauxi.o(.text) for __use_two_region_memory
    startup_stm32f103xb.o(HEAP) refers (Special) to heapauxi.o(.text) for __use_two_region_memory
    startup_stm32f103xb.o(RESET) refers (Special) to heapauxi.o(.text) for __use_two_region_memory
    startup_stm32f103xb.o(RESET) refers to startup_stm32f103xb.o(STACK) for __initial_sp
    startup_stm32f103xb.o(RESET) refers to startup_stm32f103xb.o(.text) for Reset_Handler
    startup_stm32f103xb.o(RESET) refers to stm32f1xx_it.o(i.NMI_Handler) for NMI_Handler
    startup_stm32f103xb.o(RESET) refers to stm32f1xx_it.o(i.HardFault_Handler) for HardFault_Handler
    startup_stm32f103xb.o(RESET) refers to stm32f1xx_it.o(i.MemManage_Handler) for MemManage_Handler
    startup_stm32f103xb.o(RESET) refers to stm32f1xx_it.o(i.BusFault_Handler) for BusFault_Handler
    startup_stm32f103xb.o(RESET) refers to stm32f1xx_it.o(i.UsageFault_Handler) for UsageFault_Handler
    startup_stm32f103xb.o(RESET) refers to stm32f1xx_it.o(i.SVC_Handler) for SVC_Handler
    startup_stm32f103xb.o(RESET) refers to stm32f1xx_it.o(i.DebugMon_Handler) for DebugMon_Handler
    startup_stm32f103xb.o(RESET) refers to stm32f1xx_it.o(i.PendSV_Handler) for PendSV_Handler
    startup_stm32f103xb.o(RESET) refers to stm32f1xx_it.o(i.SysTick_Handler) for SysTick_Handler
    startup_stm32f103xb.o(RESET) refers to stm32f1xx_it.o(i.TIM2_IRQHandler) for TIM2_IRQHandler
    startup_stm32f103xb.o(RESET) refers to stm32f1xx_it.o(i.USART1_IRQHandler) for USART1_IRQHandler
    startup_stm32f103xb.o(.text) refers (Special) to heapauxi.o(.text) for __use_two_region_memory
    startup_stm32f103xb.o(.text) refers to system_stm32f1xx.o(i.SystemInit) for SystemInit
    startup_stm32f103xb.o(.text) refers to __main.o(!!!main) for __main
    startup_stm32f103xb.o(.text) refers to startup_stm32f103xb.o(HEAP) for Heap_Mem
    startup_stm32f103xb.o(.text) refers to startup_stm32f103xb.o(STACK) for Stack_Mem
    main.o(i.Heat_SetPwmDuty) refers to main.o(i.LimitFloat) for LimitFloat
    main.o(i.Heat_SetPwmDuty) refers to fflt_clz.o(x$fpl$ffltu) for __aeabi_ui2f
    main.o(i.Heat_SetPwmDuty) refers to fmul.o(x$fpl$fmul) for __aeabi_fmul
    main.o(i.Heat_SetPwmDuty) refers to fdiv.o(x$fpl$fdiv) for __aeabi_fdiv
    main.o(i.Heat_SetPwmDuty) refers to ffixu.o(x$fpl$ffixu) for __aeabi_f2uiz
    main.o(i.Heat_SetPwmDuty) refers to tim.o(.bss) for htim4
    main.o(i.Heating_ControlTask) refers to main.o(i.LimitFloat) for LimitFloat
    main.o(i.Heating_ControlTask) refers to frleqf.o(x$fpl$frleqf) for __aeabi_cfrcmple
    main.o(i.Heating_ControlTask) refers to faddsub_clz.o(x$fpl$fsub) for __aeabi_fsub
    main.o(i.Heating_ControlTask) refers to fmul.o(x$fpl$fmul) for __aeabi_fmul
    main.o(i.Heating_ControlTask) refers to faddsub_clz.o(x$fpl$fadd) for __aeabi_fadd
    main.o(i.Heating_ControlTask) refers to fdiv.o(x$fpl$fdiv) for __aeabi_fdiv
    main.o(i.Heating_ControlTask) refers to main.o(i.Heat_SetPwmDuty) for Heat_SetPwmDuty
    main.o(i.Heating_ControlTask) refers to modbus_regs.o(.data) for g_env_probe_status
    main.o(i.LimitFloat) refers to fleqf.o(x$fpl$fleqf) for __aeabi_cfcmple
    main.o(i.LimitFloat) refers to frleqf.o(x$fpl$frleqf) for __aeabi_cfrcmple
    main.o(i.SystemClock_Config) refers to rt_memclr_w.o(.text) for __aeabi_memclr4
    main.o(i.SystemClock_Config) refers to stm32f1xx_hal_rcc.o(i.HAL_RCC_OscConfig) for HAL_RCC_OscConfig
    main.o(i.SystemClock_Config) refers to stm32f1xx_hal_rcc.o(i.HAL_RCC_ClockConfig) for HAL_RCC_ClockConfig
    main.o(i.main) refers to stm32f1xx_hal.o(i.HAL_Init) for HAL_Init
    main.o(i.main) refers to main.o(i.SystemClock_Config) for SystemClock_Config
    main.o(i.main) refers to gpio.o(i.MX_GPIO_Init) for MX_GPIO_Init
    main.o(i.main) refers to tim.o(i.MX_TIM2_Init) for MX_TIM2_Init
    main.o(i.main) refers to tim.o(i.MX_TIM4_Init) for MX_TIM4_Init
    main.o(i.main) refers to usart.o(i.MX_USART1_UART_Init) for MX_USART1_UART_Init
    main.o(i.main) refers to usart.o(i.MX_USART2_UART_Init) for MX_USART2_UART_Init
    main.o(i.main) refers to stm32f1xx_hal_tim.o(i.HAL_TIM_PWM_Start) for HAL_TIM_PWM_Start
    main.o(i.main) refers to main.o(i.Heat_SetPwmDuty) for Heat_SetPwmDuty
    main.o(i.main) refers to modbus_regs.o(i.Modbus_RegsInit) for Modbus_RegsInit
    main.o(i.main) refers to m1820.o(i.M1820_Init) for M1820_Init
    main.o(i.main) refers to mb.o(i.eMBInit) for eMBInit
    main.o(i.main) refers to mb.o(i.eMBEnable) for eMBEnable
    main.o(i.main) refers to mb.o(i.eMBPoll) for eMBPoll
    main.o(i.main) refers to modbus_regs.o(i.Modbus_CmdProcess) for Modbus_CmdProcess
    main.o(i.main) refers to stm32f1xx_hal.o(i.HAL_GetTick) for HAL_GetTick
[...]
    .ARM.Collect$$rtentry$$00000000          0x080001a8   Section        0  __rtentry.o(.ARM.Collect$$rtentry$$00000000)
    .ARM.Collect$$rtentry$$00000002          0x080001a8   Section        0  __rtentry2.o(.ARM.Collect$$rtentry$$00000002)
    .ARM.Collect$$rtentry$$00000004          0x080001a8   Section        6  __rtentry4.o(.ARM.Collect$$rtentry$$00000004)
    .ARM.Collect$$rtentry$$00000009          0x080001ae   Section        0  __rtentry2.o(.ARM.Collect$$rtentry$$00000009)
    .ARM.Collect$$rtentry$$0000000A          0x080001ae   Section        4  __rtentry2.o(.ARM.Collect$$rtentry$$0000000A)
    .ARM.Collect$$rtentry$$0000000C          0x080001b2   Section        0  __rtentry2.o(.ARM.Collect$$rtentry$$0000000C)
    .ARM.Collect$$rtentry$$0000000D          0x080001b2   Section        8  __rtentry2.o(.ARM.Collect$$rtentry$$0000000D)
    .ARM.Collect$$rtexit$$00000000           0x080001ba   Section        2  rtexit.o(.ARM.Collect$$rtexit$$00000000)
    .ARM.Collect$$rtexit$$00000002           0x080001bc   Section        0  rtexit2.o(.ARM.Collect$$rtexit$$00000002)
    .ARM.Collect$$rtexit$$00000003           0x080001bc   Section        4  rtexit2.o(.ARM.Collect$$rtexit$$00000003)
    .ARM.Collect$$rtexit$$00000004           0x080001c0   Section        6  rtexit2.o(.ARM.Collect$$rtexit$$00000004)
    .text                                    0x080001c8   Section       64  startup_stm32f103xb.o(.text)
    .text                                    0x08000208   Section       38  llushr.o(.text)
    .text                                    0x0800022e   Section        0  abort.o(.text)
    .text                                    0x08000244   Section       68  rt_memclr.o(.text)
    .text                                    0x08000288   Section       78  rt_memclr_w.o(.text)
    .text                                    0x080002d6   Section        0  heapauxi.o(.text)
    .text                                    0x080002dc   Section        0  sys_exit.o(.text)
    .text                                    0x080002e8   Section        0  defsig_abrt_outer.o(.text)
    .text                                    0x080002f6   Section        2  use_no_semi.o(.text)
    .text                                    0x080002f8   Section        0  indicate_semi.o(.text)
    .text                                    0x080002f8   Section        0  defsig_exit.o(.text)
    .text                                    0x08000304   Section        0  defsig_abrt_inner.o(.text)
    .text                                    0x08000334   Section       74  sys_stackheap_outer.o(.text)
    .text                                    0x0800037e   Section        0  exit.o(.text)
    .text                                    0x08000390   Section        0  defsig_general.o(.text)
    .text                                    0x080003c2   Section        0  sys_wrch.o(.text)
    .text                                    0x080003d0   Section        8  libspace.o(.text)
    i.BusFault_Handler                       0x080003d8   Section        0  stm32f1xx_it.o(i.BusFault_Handler)
    i.DebugMon_Handler                       0x080003da   Section        0  stm32f1xx_it.o(i.DebugMon_Handler)
    i.Error_Handler                          0x080003dc   Section        0  main.o(i.Error_Handler)
    i.FLASH_MassErase                        0x080003e0   Section        0  stm32f1xx_hal_flash_ex.o(i.FLASH_MassErase)
    FLASH_MassErase                          0x080003e1   Thumb Code    26  stm32f1xx_hal_flash_ex.o(i.FLASH_MassErase)
    i.FLASH_PageErase                        0x08000404   Section        0  stm32f1xx_hal_flash_ex.o(i.FLASH_PageErase)
    i.FLASH_Program_HalfWord                 0x08000428   Section        0  stm32f1xx_hal_flash.o(i.FLASH_Program_HalfWord)
    FLASH_Program_HalfWord                   0x08000429   Thumb Code    20  stm32f1xx_hal_flash.o(i.FLASH_Program_HalfWord)
    i.FLASH_SetErrorCode                     0x08000444   Section        0  stm32f1xx_hal_flash.o(i.FLASH_SetErrorCode)
    FLASH_SetErrorCode                       0x08000445   Thumb Code    84  stm32f1xx_hal_flash.o(i.FLASH_SetErrorCode)
    i.FLASH_WaitForLastOperation             0x080004a0   Section        0  stm32f1xx_hal_flash.o(i.FLASH_WaitForLastOperation)
    i.FloatToRegs                            0x080004f4   Section        0  modbus_regs.o(i.FloatToRegs)
    FloatToRegs                              0x080004f5   Thumb Code     8  modbus_regs.o(i.FloatToRegs)
    i.HAL_Delay                              0x080004fc   Section        0  stm32f1xx_hal.o(i.HAL_Delay)
    i.HAL_FLASHEx_Erase                      0x08000520   Section        0  stm32f1xx_hal_flash_ex.o(i.HAL_FLASHEx_Erase)
    i.HAL_FLASH_Lock                         0x080005c8   Section        0  stm32f1xx_hal_flash.o(i.HAL_FLASH_Lock)
    i.HAL_FLASH_Program                      0x080005dc   Section        0  stm32f1xx_hal_flash.o(i.HAL_FLASH_Program)
    i.HAL_FLASH_Unlock                       0x0800065c   Section        0  stm32f1xx_hal_flash.o(i.HAL_FLASH_Unlock)
    i.HAL_GPIO_Init                          0x08000684   Section        0  stm32f1xx_hal_gpio.o(i.HAL_GPIO_Init)
    i.HAL_GPIO_ReadPin                       0x08000864   Section        0  stm32f1xx_hal_gpio.o(i.HAL_GPIO_ReadPin)
    i.HAL_GPIO_TogglePin                     0x0800086e   Section        0  stm32f1xx_hal_gpio.o(i.HAL_GPIO_TogglePin)
    i.HAL_GPIO_WritePin                      0x0800087c   Section        0  stm32f1xx_hal_gpio.o(i.HAL_GPIO_WritePin)
    i.HAL_GetTick                            0x08000888   Section        0  stm32f1xx_hal.o(i.HAL_GetTick)
    i.HAL_IncTick                            0x08000894   Section        0  stm32f1xx_hal.o(i.HAL_IncTick)
    i.HAL_Init                               0x080008a4   Section        0  stm32f1xx_hal.o(i.HAL_Init)
    i.HAL_InitTick                           0x080008c8   Section        0  stm32f1xx_hal.o(i.HAL_InitTick)
    i.HAL_MspInit                            0x08000908   Section        0  stm32f1xx_hal_msp.o(i.HAL_MspInit)
    i.HAL_NVIC_EnableIRQ                     0x08000944   Section        0  stm32f1xx_hal_cortex.o(i.HAL_NVIC_EnableIRQ)
    i.HAL_NVIC_SetPriority                   0x08000960   Section        0  stm32f1xx_hal_cortex.o(i.HAL_NVIC_SetPriority)
    i.HAL_NVIC_SetPriorityGrouping           0x080009a0   Section        0  stm32f1xx_hal_cortex.o(i.HAL_NVIC_SetPriorityGrouping)
    i.HAL_RCC_ClockConfig                    0x080009c4   Section        0  stm32f1xx_hal_rcc.o(i.HAL_RCC_ClockConfig)
    i.HAL_RCC_GetPCLK1Freq                   0x08000af0   Section        0  stm32f1xx_hal_rcc.o(i.HAL_RCC_GetPCLK1Freq)
    i.HAL_RCC_GetPCLK2Freq                   0x08000b10   Section        0  stm32f1xx_hal_rcc.o(i.HAL_RCC_GetPCLK2Freq)
    i.HAL_RCC_GetSysClockFreq                0x08000b30   Section        0  stm32f1xx_hal_rcc.o(i.HAL_RCC_GetSysClockFreq)
    i.HAL_RCC_OscConfig                      0x08000b9c   Section        0  stm32f1xx_hal_rcc.o(i.HAL_RCC_OscConfig)
    i.HAL_SYSTICK_Config                     0x08000ebc   Section        0  stm32f1xx_hal_cortex.o(i.HAL_SYSTICK_Config)
    i.HAL_TIMEx_MasterConfigSynchronization  0x08000ee4   Section        0  stm32f1xx_hal_tim_ex.o(i.HAL_TIMEx_MasterConfigSynchronization)
    i.HAL_TIM_Base_Init                      0x08000f26   Section        0  stm32f1xx_hal_tim.o(i.HAL_TIM_Base_Init)
    i.HAL_TIM_Base_MspInit                   0x08000f5c   Section        0  tim.o(i.HAL_TIM_Base_MspInit)
    i.HAL_TIM_Base_Start_IT                  0x08000f94   Section        0  stm32f1xx_hal_tim.o(i.HAL_TIM_Base_Start_IT)
    i.HAL_TIM_Base_Stop_IT                   0x08000fb6   Section        0  stm32f1xx_hal_tim.o(i.HAL_TIM_Base_Stop_IT)
    i.HAL_TIM_ConfigClockSource              0x08000fe0   Section        0  stm32f1xx_hal_tim.o(i.HAL_TIM_ConfigClockSource)
    i.HAL_TIM_MspPostInit                    0x080010b8   Section        0  tim.o(i.HAL_TIM_MspPostInit)
    i.HAL_TIM_PWM_ConfigChannel              0x08001104   Section        0  stm32f1xx_hal_tim.o(i.HAL_TIM_PWM_ConfigChannel)
    i.HAL_TIM_PWM_Init                       0x080011d4   Section        0  stm32f1xx_hal_tim.o(i.HAL_TIM_PWM_Init)
    i.HAL_TIM_PWM_MspInit                    0x0800120c   Section        0  tim.o(i.HAL_TIM_PWM_MspInit)
    i.HAL_TIM_PWM_Start                      0x08001234   Section        0  stm32f1xx_hal_tim.o(i.HAL_TIM_PWM_Start)
    i.HAL_UART_Init                          0x0800126c   Section        0  stm32f1xx_hal_uart.o(i.HAL_UART_Init)
    i.HAL_UART_MspInit                       0x080012d0   Section        0  usart.o(i.HAL_UART_MspInit)
    i.HardFault_Handler                      0x0800139c   Section        0  stm32f1xx_it.o(i.HardFault_Handler)
    i.Heat_SetPwmDuty                        0x080013a0   Section        0  main.o(i.Heat_SetPwmDuty)
    Heat_SetPwmDuty                          0x080013a1   Thumb Code    70  main.o(i.Heat_SetPwmDuty)
    i.Heating_ControlTask                    0x080013f0   Section        0  main.o(i.Heating_ControlTask)
    Heating_ControlTask                      0x080013f1   Thumb Code   400  main.o(i.Heating_ControlTask)
    i.LimitFloat                             0x080015c8   Section        0  main.o(i.LimitFloat)
    LimitFloat                               0x080015c9   Thumb Code    36  main.o(i.LimitFloat)
    i.M1820_DelayUs                          0x080015ec   Section        0  m1820.o(i.M1820_DelayUs)
    M1820_DelayUs                            0x080015ed   Thumb Code    28  m1820.o(i.M1820_DelayUs)
    i.M1820_Init                             0x08001614   Section        0  m1820.o(i.M1820_Init)
    i.M1820_LineDriveLow                     0x0800164c   Section        0  m1820.o(i.M1820_LineDriveLow)
    M1820_LineDriveLow                       0x0800164d   Thumb Code    46  m1820.o(i.M1820_LineDriveLow)
    i.M1820_LineRead                         0x0800167a   Section        0  m1820.o(i.M1820_LineRead)
    M1820_LineRead                           0x0800167b   Thumb Code     8  m1820.o(i.M1820_LineRead)
    i.M1820_LineRelease                      0x08001682   Section        0  m1820.o(i.M1820_LineRelease)
    M1820_LineRelease                        0x08001683   Thumb Code    26  m1820.o(i.M1820_LineRelease)
    i.M1820_ReadTemperature                  0x0800169c   Section        0  m1820.o(i.M1820_ReadTemperature)
    i.M1820_ResetAndPresence                 0x080017a4   Section        0  m1820.o(i.M1820_ResetAndPresence)
    M1820_ResetAndPresence                   0x080017a5   Thumb Code    52  m1820.o(i.M1820_ResetAndPresence)
    i.M1820_WriteByte                        0x080017d8   Section        0  m1820.o(i.M1820_WriteByte)
    M1820_WriteByte                          0x080017d9   Thumb Code    76  m1820.o(i.M1820_WriteByte)
    i.MX_GPIO_Init                           0x08001824   Section        0  gpio.o(i.MX_GPIO_Init)
    i.MX_TIM2_Init                           0x080018c0   Section        0  tim.o(i.MX_TIM2_Init)
    i.MX_TIM4_Init                           0x08001924   Section        0  tim.o(i.MX_TIM4_Init)
    i.MX_USART1_UART_Init                    0x08001994   Section        0  usart.o(i.MX_USART1_UART_Init)
    i.MX_USART2_UART_Init                    0x080019cc   Section        0  usart.o(i.MX_USART2_UART_Init)
    i.MemManage_Handler                      0x08001a04   Section        0  stm32f1xx_it.o(i.MemManage_Handler)
    i.Modbus_CmdProcess                      0x08001a08   Section        0  modbus_regs.o(i.Modbus_CmdProcess)
    i.Modbus_LoadDefaultParams               0x08001a80   Section        0  modbus_regs.o(i.Modbus_LoadDefaultParams)
    i.Modbus_RegsInit                        0x08001ab0   Section        0  modbus_regs.o(i.Modbus_RegsInit)
    i.Modbus_RegsSyncFromBuffer              0x08001ad0   Section        0  modbus_regs.o(i.Modbus_RegsSyncFromBuffer)
    i.Modbus_RegsSyncToBuffer                0x08001b1c   Section        0  modbus_regs.o(i.Modbus_RegsSyncToBuffer)
    i.NMI_Handler                            0x08001bc8   Section        0  stm32f1xx_it.o(i.NMI_Handler)
    i.ParamStore_CalcChecksum                0x08001bca   Section        0  param_store.o(i.ParamStore_CalcChecksum)
    ParamStore_CalcChecksum                  0x08001bcb   Thumb Code    24  param_store.o(i.ParamStore_CalcChecksum)
    i.ParamStore_Load                        0x08001be4   Section        0  param_store.o(i.ParamStore_Load)
    i.ParamStore_Save                        0x08001c48   Section        0  param_store.o(i.ParamStore_Save)
    i.PendSV_Handler                         0x08001ce0   Section        0  stm32f1xx_it.o(i.PendSV_Handler)
    i.SVC_Handler                            0x08001ce2   Section        0  stm32f1xx_it.o(i.SVC_Handler)
    i.SysTick_Handler                        0x08001ce4   Section        0  stm32f1xx_it.o(i.SysTick_Handler)
    i.SystemClock_Config                     0x08001ce8   Section        0  main.o(i.SystemClock_Config)
    i.SystemInit                             0x08001d48   Section        0  system_stm32f1xx.o(i.SystemInit)
    i.TIM2_IRQHandler                        0x08001d90   Section        0  stm32f1xx_it.o(i.TIM2_IRQHandler)
    i.TIM_Base_SetConfig                     0x08001d94   Section        0  stm32f1xx_hal_tim.o(i.TIM_Base_SetConfig)
    i.TIM_CCxChannelCmd                      0x08001e00   Section        0  stm32f1xx_hal_tim.o(i.TIM_CCxChannelCmd)
    i.TIM_ETR_SetConfig                      0x08001e1a   Section        0  stm32f1xx_hal_tim.o(i.TIM_ETR_SetConfig)
    i.TIM_ITRx_SetConfig                     0x08001e2e   Section        0  stm32f1xx_hal_tim.o(i.TIM_ITRx_SetConfig)
    TIM_ITRx_SetConfig                       0x08001e2f   Thumb Code    16  stm32f1xx_hal_tim.o(i.TIM_ITRx_SetConfig)
    i.TIM_OC1_SetConfig                      0x08001e40   Section        0  stm32f1xx_hal_tim.o(i.TIM_OC1_SetConfig)
    TIM_OC1_SetConfig                        0x08001e41   Thumb Code    74  stm32f1xx_hal_tim.o(i.TIM_OC1_SetConfig)
    i.TIM_OC2_SetConfig                      0x08001e90   Section        0  stm32f1xx_hal_tim.o(i.TIM_OC2_SetConfig)
    i.TIM_OC3_SetConfig                      0x08001ee8   Section        0  stm32f1xx_hal_tim.o(i.TIM_OC3_SetConfig)
    TIM_OC3_SetConfig                        0x08001ee9   Thumb Code    82  stm32f1xx_hal_tim.o(i.TIM_OC3_SetConfig)
    i.TIM_OC4_SetConfig                      0x08001f40   Section        0  stm32f1xx_hal_tim.o(i.TIM_OC4_SetConfig)
    TIM_OC4_SetConfig                        0x08001f41   Thumb Code    64  stm32f1xx_hal_tim.o(i.TIM_OC4_SetConfig)
    i.TIM_TI1_ConfigInputStage               0x08001f84   Section        0  stm32f1xx_hal_tim.o(i.TIM_TI1_ConfigInputStage)
    TIM_TI1_ConfigInputStage                 0x08001f85   Thumb Code    34  stm32f1xx_hal_tim.o(i.TIM_TI1_ConfigInputStage)
    i.TIM_TI2_ConfigInputStage               0x08001fa6   Section        0  stm32f1xx_hal_tim.o(i.TIM_TI2_ConfigInputStage)
    TIM_TI2_ConfigInputStage                 0x08001fa7   Thumb Code    36  stm32f1xx_hal_tim.o(i.TIM_TI2_ConfigInputStage)
    i.UART_SetConfig                         0x08001fcc   Section        0  stm32f1xx_hal_uart.o(i.UART_SetConfig)
    UART_SetConfig                           0x08001fcd   Thumb Code   178  stm32f1xx_hal_uart.o(i.UART_SetConfig)
    i.USART1_IRQHandler                      0x08002084   Section        0  stm32f1xx_it.o(i.USART1_IRQHandler)
    i.UsageFault_Handler                     0x08002088   Section        0  stm32f1xx_it.o(i.UsageFault_Handler)
    i.__NVIC_SetPriority                     0x0800208a   Section        0  stm32f1xx_hal_cortex.o(i.__NVIC_SetPriority)
    __NVIC_SetPriority                       0x0800208b   Thumb Code    32  stm32f1xx_hal_cortex.o(i.__NVIC_SetPriority)
    i.eMBEnable                              0x080020ac   Section        0  mb.o(i.eMBEnable)
    i.eMBFuncReadHoldingRegister             0x080020cc   Section        0  mbfuncholding.o(i.eMBFuncReadHoldingRegister)
    i.eMBFuncWriteHoldingRegister            0x0800212a   Section        0  mbfuncholding.o(i.eMBFuncWriteHoldingRegister)
    i.eMBFuncWriteMultipleHoldingRegister    0x0800215c   Section        0  mbfuncholding.o(i.eMBFuncWriteMultipleHoldingRegister)
    i.eMBInit                                0x080021ac   Section        0  mb.o(i.eMBInit)
    i.eMBPoll                                0x0800222c   Section        0  mb.o(i.eMBPoll)
    i.eMBRTUInit                             0x080022e0   Section        0  mbrtu.o(i.eMBRTUInit)
    i.eMBRTUReceive                          0x0800231c   Section        0  mbrtu.o(i.eMBRTUReceive)
    i.eMBRTUSend                             0x0800236c   Section        0  mbrtu.o(i.eMBRTUSend)
    i.eMBRTUStart                            0x080023c4   Section        0  mbrtu.o(i.eMBRTUStart)
    i.eMBRTUStop                             0x080023e0   Section        0  mbrtu.o(i.eMBRTUStop)
    i.eMBRegHoldingCB                        0x080023f4   Section        0  modbus_regs.o(i.eMBRegHoldingCB)
    i.main                                   0x08002470   Section        0  main.o(i.main)
    i.prveMBError2Exception                  0x080025f4   Section        0  mbutils.o(i.prveMBError2Exception)
    i.usMBCRC16                              0x0800260c   Section        0  mbcrc.o(i.usMBCRC16)
    i.vMBPortSerialEnable                    0x08002638   Section        0  portserial.o(i.vMBPortSerialEnable)
    i.vMBPortTimersDisable                   0x080026b8   Section        0  porttimer.o(i.vMBPortTimersDisable)
    i.vMBPortTimersEnable                    0x080026d4   Section        0  porttimer.o(i.vMBPortTimersEnable)
    i.xMBPortEventGet                        0x08002700   Section        0  portevent.o(i.xMBPortEventGet)
    i.xMBPortEventInit                       0x0800271c   Section        0  portevent.o(i.xMBPortEventInit)
    i.xMBPortEventPost                       0x0800272c   Section        0  portevent.o(i.xMBPortEventPost)
    i.xMBPortSerialGetByte                   0x0800273c   Section        0  portserial.o(i.xMBPortSerialGetByte)
    i.xMBPortSerialInit                      0x0800274c   Section        0  portserial.o(i.xMBPortSerialInit)
    i.xMBPortSerialPutByte                   0x08002784   Section        0  portserial.o(i.xMBPortSerialPutByte)
    i.xMBPortSerial_IRQHandler               0x08002794   Section        0  portserial.o(i.xMBPortSerial_IRQHandler)
    i.xMBPortTimer_IRQHandler                0x080027e0   Section        0  porttimer.o(i.xMBPortTimer_IRQHandler)
    i.xMBPortTimersInit                      0x08002814   Section        0  porttimer.o(i.xMBPortTimersInit)
    i.xMBRTUReceiveFSM                       0x08002850   Section        0  mbrtu.o(i.xMBRTUReceiveFSM)
    i.xMBRTUTimerT35Expired                  0x080028b8   Section        0  mbrtu.o(i.xMBRTUTimerT35Expired)
    i.xMBRTUTransmitFSM                      0x080028f8   Section        0  mbrtu.o(i.xMBRTUTransmitFSM)
    x$fpl$fadd                               0x08002954   Section      196  faddsub_clz.o(x$fpl$fadd)
    _fadd1                                   0x08002963   Thumb Code     0  faddsub_clz.o(x$fpl$fadd)
    x$fpl$fcheck1                            0x08002a18   Section       12  fcheck1.o(x$fpl$fcheck1)
    x$fpl$fcmpinf                            0x08002a24   Section       24  fcmpi.o(x$fpl$fcmpinf)
    x$fpl$fdiv                               0x08002a3c   Section      388  fdiv.o(x$fpl$fdiv)
    _fdiv1                                   0x08002a3d   Thumb Code     0  fdiv.o(x$fpl$fdiv)
    x$fpl$ffixu                              0x08002bc0   Section       62  ffixu.o(x$fpl$ffixu)
    x$fpl$fflt                               0x08002c00   Section       48  fflt_clz.o(x$fpl$fflt)
    x$fpl$ffltu                              0x08002c30   Section       38  fflt_clz.o(x$fpl$ffltu)
    x$fpl$fleqf                              0x08002c58   Section      104  fleqf.o(x$fpl$fleqf)
    x$fpl$fmul                               0x08002cc0   Section      258  fmul.o(x$fpl$fmul)
    x$fpl$fnaninf                            0x08002dc2   Section      140  fnaninf.o(x$fpl$fnaninf)
    x$fpl$fretinf                            0x08002e4e   Section       10  fretinf.o(x$fpl$fretinf)
    x$fpl$frleqf                             0x08002e58   Section       98  frleqf.o(x$fpl$frleqf)
    x$fpl$fsub                               0x08002ebc   Section      234  faddsub_clz.o(x$fpl$fsub)
    _fsub1                                   0x08002ecb   Thumb Code     0  faddsub_clz.o(x$fpl$fsub)
    x$fpl$retnan                             0x08002fa6   Section      100  retnan.o(x$fpl$retnan)
    x$fpl$scalbnf                            0x0800300a   Section       76  scalbnf.o(x$fpl$scalbnf)
    x$fpl$trapveneer                         0x08003056   Section       48  trapv.o(x$fpl$trapveneer)
    .constdata                               0x08003086   Section       16  system_stm32f1xx.o(.constdata)
    x$fpl$usenofp                            0x08003086   Section        0  usenofp.o(x$fpl$usenofp)
    .constdata                               0x08003096   Section        8  system_stm32f1xx.o(.constdata)
    .constdata                               0x0800309e   Section      512  mbcrc.o(.constdata)
    aucCRCHi                                 0x0800309e   Data         256  mbcrc.o(.constdata)
    aucCRCLo                                 0x0800319e   Data         256  mbcrc.o(.constdata)
    .data                                    0x20000000   Section       20  main.o(.data)
    env_fail_streak                          0x20000008   Data           2  main.o(.data)
    surf_fail_streak                         0x2000000a   Data           2  main.o(.data)
    wd_tick                                  0x2000000c   Data           4  main.o(.data)
    temp_tick                                0x20000010   Data           4  main.o(.data)
    .data                                    0x20000014   Section       12  stm32f1xx_hal.o(.data)
    .data                                    0x20000020   Section        4  system_stm32f1xx.o(.data)
    .data                                    0x20000024   Section      172  mb.o(.data)
    eMBState                                 0x20000024   Data           1  mb.o(.data)
    ucRcvAddress                             0x20000025   Data           1  mb.o(.data)
    ucFunctionCode                           0x20000026   Data           1  mb.o(.data)
    eException                               0x20000027   Data           1  mb.o(.data)
    ucMBAddress                              0x20000028   Data           1  mb.o(.data)
    eMBCurrentMode                           0x20000029   Data           1  mb.o(.data)
    usLength                                 0x2000002a   Data           2  mb.o(.data)
    ucMBFrame                                0x2000002c   Data           4  mb.o(.data)
    peMBFrameSendCur                         0x20000030   Data           4  mb.o(.data)
    pvMBFrameStartCur                        0x20000034   Data           4  mb.o(.data)
    pvMBFrameStopCur                         0x20000038   Data           4  mb.o(.data)
    peMBFrameReceiveCur                      0x2000003c   Data           4  mb.o(.data)
    pvMBFrameCloseCur                        0x20000040   Data           4  mb.o(.data)
    xFuncHandlers                            0x20000050   Data         128  mb.o(.data)
    .data                                    0x200000d0   Section       12  mbrtu.o(.data)
    eSndState                                0x200000d0   Data           1  mbrtu.o(.data)
    eRcvState                                0x200000d1   Data           1  mbrtu.o(.data)
    usSndBufferCount                         0x200000d2   Data           2  mbrtu.o(.data)
    usRcvBufferPos                           0x200000d4   Data           2  mbrtu.o(.data)
    pucSndBufferCur                          0x200000d8   Data           4  mbrtu.o(.data)
    .data                                    0x200000dc   Section        2  portevent.o(.data)
    eQueuedEvent                             0x200000dc   Data           1  portevent.o(.data)
    xEventInQueue                            0x200000dd   Data           1  portevent.o(.data)
    .data                                    0x200000de   Section        2  portserial.o(.data)
    xTxBusy                                  0x200000de   Data           1  portserial.o(.data)
    ucUartRxByte                             0x200000df   Data           1  portserial.o(.data)
    .data                                    0x200000e0   Section        2  porttimer.o(.data)
    usTimerReloadValue                       0x200000e0   Data           2  porttimer.o(.data)
    .data                                    0x200000e4   Section       64  modbus_regs.o(.data)
    .data                                    0x20000124   Section       16  m1820.o(.data)
    .bss                                     0x20000134   Section      128  tim.o(.bss)
    .bss                                     0x200001b4   Section      128  usart.o(.bss)
    .bss                                     0x20000238   Section       32  stm32f1xx_hal_flash.o(.bss)
    .bss                                     0x20000258   Section      256  mbrtu.o(.bss)
    .bss                                     0x20000358   Section      138  modbus_regs.o(.bss)
    .bss                                     0x200003e4   Section       96  libspace.o(.bss)
    HEAP                                     0x20000448   Section      512  startup_stm32f103xb.o(HEAP)
    Heap_Mem                                 0x20000448   Data         512  startup_stm32f103xb.o(HEAP)
    STACK                                    0x20000648   Section     1024  startup_stm32f103xb.o(STACK)
    Stack_Mem                                0x20000648   Data        1024  startup_stm32f103xb.o(STACK)
    __initial_sp                             0x20000a48   Data           0  startup_stm32f103xb.o(STACK)

    Global Symbols

    Symbol Name                              Value     Ov Type        Size  Object(Section)

    BuildAttributes$$THM_ISAv4$P$D$K$B$S$PE$A:L22UL41UL21$X:L11$S22US41US21$IEEE1$IW$USESV6$~STKCKD$USESV7$~SHL$OSPACE$ROPI$EBA8$UX$STANDARDLIB$REQ8$PRES8$EABIv2 0x00000000   Number         0  anon$$obj.o ABSOLUTE
    __ARM_use_no_argv                        0x00000000   Number         0  main.o ABSOLUTE
    __ARM_exceptions_init                     - Undefined Weak Reference
    __alloca_initialize                       - Undefined Weak Reference
    __arm_preinit_                            - Undefined Weak Reference
    __cpp_initialize__aeabi_                  - Undefined Weak Reference
    __cxa_finalize                            - Undefined Weak Reference
    __rt_locale                               - Undefined Weak Reference
    __sigvec_lookup                           - Undefined Weak Reference
    _atexit_init                              - Undefined Weak Reference
    _call_atexit_fns                          - Undefined Weak Reference
    _clock_init                               - Undefined Weak Reference
    _fp_trap_init                             - Undefined Weak Reference
    _fp_trap_shutdown                         - Undefined Weak Reference
    _get_lc_collate                           - Undefined Weak Reference
    _get_lc_ctype                             - Undefined Weak Reference
    _get_lc_monetary                          - Undefined Weak Reference
    _get_lc_numeric                           - Undefined Weak Reference
    _get_lc_time                              - Undefined Weak Reference
    _getenv_init                              - Undefined Weak Reference
    _handle_redirection                       - Undefined Weak Reference
    _init_alloc                               - Undefined Weak Reference
    _init_user_alloc                          - Undefined Weak Reference
    _initio                                   - Undefined Weak Reference
    _rand_init                                - Undefined Weak Reference
    _signal_finish                            - Undefined Weak Reference
    _signal_init                              - Undefined Weak Reference
    _terminate_alloc                          - Undefined Weak Reference
    _terminate_user_alloc                     - Undefined Weak Reference
    _terminateio                              - Undefined Weak Reference
    __Vectors_Size                           0x000000ec   Number         0  startup_stm32f103xb.o ABSOLUTE
    __Vectors                                0x08000000   Data           4  startup_stm32f103xb.o(RESET)
    __Vectors_End                            0x080000ec   Data           0  startup_stm32f103xb.o(RESET)
    __main                                   0x080000ed   Thumb Code     8  __main.o(!!!main)
    __scatterload                            0x080000f5   Thumb Code     0  __scatter.o(!!!scatter)
    __scatterload_rt2                        0x080000f5   Thumb Code    44  __scatter.o(!!!scatter)
    __scatterload_rt2_thumb_only             0x080000f5   Thumb Code     0  __scatter.o(!!!scatter)
    __scatterload_null                       0x08000103   Thumb Code     0  __scatter.o(!!!scatter)
    __decompress                             0x08000129   Thumb Code    90  __dczerorl2.o(!!dczerorl2)
    __decompress1                            0x08000129   Thumb Code     0  __dczerorl2.o(!!dczerorl2)
    __scatterload_zeroinit                   0x08000185   Thumb Code    28  __scatter_zi.o(!!handler_zi)
    __rt_lib_init                            0x080001a1   Thumb Code     0  libinit.o(.ARM.Collect$$libinit$$00000000)
    __rt_lib_init_alloca_1                   0x080001a3   Thumb Code     0  libinit2.o(.ARM.Collect$$libinit$$0000002E)
    __rt_lib_init_argv_1                     0x080001a3   Thumb Code     0  libinit2.o(.ARM.Collect$$libinit$$0000002C)
    __rt_lib_init_atexit_1                   0x080001a3   Thumb Code     0  libinit2.o(.ARM.Collect$$libinit$$0000001B)
    __rt_lib_init_clock_1                    0x080001a3   Thumb Code     0  libinit2.o(.ARM.Collect$$libinit$$00000021)
    __rt_lib_init_cpp_1                      0x080001a3   Thumb Code     0  libinit2.o(.ARM.Collect$$libinit$$00000032)
    __rt_lib_init_exceptions_1               0x080001a3   Thumb Code     0  libinit2.o(.ARM.Collect$$libinit$$00000030)
    __rt_lib_init_fp_1                       0x080001a3   Thumb Code     0  libinit2.o(.ARM.Collect$$libinit$$00000002)
    __rt_lib_init_fp_trap_1                  0x080001a3   Thumb Code     0  libinit2.o(.ARM.Collect$$libinit$$0000001F)
    __rt_lib_init_getenv_1                   0x080001a3   Thumb Code     0  libinit2.o(.ARM.Collect$$libinit$$00000023)
    __rt_lib_init_heap_1                     0x080001a3   Thumb Code     0  libinit2.o(.ARM.Collect$$libinit$$0000000A)
    __rt_lib_init_lc_collate_1               0x080001a3   Thumb Code     0  libinit2.o(.ARM.Collect$$libinit$$00000011)
    __rt_lib_init_lc_ctype_1                 0x080001a3   Thumb Code     0  libinit2.o(.ARM.Collect$$libinit$$00000013)
    __rt_lib_init_lc_monetary_1              0x080001a3   Thumb Code     0  libinit2.o(.ARM.Collect$$libinit$$00000015)
    __rt_lib_init_lc_numeric_1               0x080001a3   Thumb Code     0  libinit2.o(.ARM.Collect$$libinit$$00000017)
    __rt_lib_init_lc_time_1                  0x080001a3   Thumb Code     0  libinit2.o(.ARM.Collect$$libinit$$00000019)
    __rt_lib_init_preinit_1                  0x080001a3   Thumb Code     0  libinit2.o(.ARM.Collect$$libinit$$00000004)
    __rt_lib_init_rand_1                     0x080001a3   Thumb Code     0  libinit2.o(.ARM.Collect$$libinit$$0000000E)
    __rt_lib_init_return                     0x080001a3   Thumb Code     0  libinit2.o(.ARM.Collect$$libinit$$00000033)
    __rt_lib_init_signal_1                   0x080001a3   Thumb Code     0  libinit2.o(.ARM.Collect$$libinit$$0000001D)
    __rt_lib_init_stdio_1                    0x080001a3   Thumb Code     0  libinit2.o(.ARM.Collect$$libinit$$00000025)
    __rt_lib_init_user_alloc_1               0x080001a3   Thumb Code     0  libinit2.o(.ARM.Collect$$libinit$$0000000C)
    __rt_lib_shutdown                        0x080001a5   Thumb Code     0  libshutdown.o(.ARM.Collect$$libshutdown$$00000000)
    __rt_lib_shutdown_cpp_1                  0x080001a7   Thumb Code     0  libshutdown2.o(.ARM.Collect$$libshutdown$$00000002)
    __rt_lib_shutdown_fp_trap_1              0x080001a7   Thumb Code     0  libshutdown2.o(.ARM.Collect$$libshutdown$$00000007)
    __rt_lib_shutdown_heap_1                 0x080001a7   Thumb Code     0  libshutdown2.o(.ARM.Collect$$libshutdown$$0000000F)
    __rt_lib_shutdown_return                 0x080001a7   Thumb Code     0  libshutdown2.o(.ARM.Collect$$libshutdown$$00000010)
    __rt_lib_shutdown_signal_1               0x080001a7   Thumb Code     0  libshutdown2.o(.ARM.Collect$$libshutdown$$0000000A)
    __rt_lib_shutdown_stdio_1                0x080001a7   Thumb Code     0  libshutdown2.o(.ARM.Collect$$libshutdown$$00000004)
    __rt_lib_shutdown_user_alloc_1           0x080001a7   Thumb Code     0  libshutdown2.o(.ARM.Collect$$libshutdown$$0000000C)
    __rt_entry                               0x080001a9   Thumb Code     0  __rtentry.o(.ARM.Collect$$rtentry$$00000000)
    __rt_entry_presh_1                       0x080001a9   Thumb Code     0  __rtentry2.o(.ARM.Collect$$rtentry$$00000002)
    __rt_entry_sh                            0x080001a9   Thumb Code     0  __rtentry4.o(.ARM.Collect$$rtentry$$00000004)
    __rt_entry_li                            0x080001af   Thumb Code     0  __rtentry2.o(.ARM.Collect$$rtentry$$0000000A)
    __rt_entry_postsh_1                      0x080001af   Thumb Code     0  __rtentry2.o(.ARM.Collect$$rtentry$$00000009)
    __rt_entry_main                          0x080001b3   Thumb Code     0  __rtentry2.o(.ARM.Collect$$rtentry$$0000000D)
    __rt_entry_postli_1                      0x080001b3   Thumb Code     0  __rtentry2.o(.ARM.Collect$$rtentry$$0000000C)
    __rt_exit                                0x080001bb   Thumb Code     0  rtexit.o(.ARM.Collect$$rtexit$$00000000)
    __rt_exit_ls                             0x080001bd   Thumb Code     0  rtexit2.o(.ARM.Collect$$rtexit$$00000003)
    __rt_exit_prels_1                        0x080001bd   Thumb Code     0  rtexit2.o(.ARM.Collect$$rtexit$$00000002)
    __rt_exit_exit                           0x080001c1   Thumb Code     0  rtexit2.o(.ARM.Collect$$rtexit$$00000004)
    Reset_Handler                            0x080001c9   Thumb Code     8  startup_stm32f103xb.o(.text)
    ADC1_2_IRQHandler                        0x080001e3   Thumb Code     0  startup_stm32f103xb.o(.text)
    CAN1_RX1_IRQHandler                      0x080001e3   Thumb Code     0  startup_stm32f103xb.o(.text)
    CAN1_SCE_IRQHandler                      0x080001e3   Thumb Code     0  startup_stm32f103xb.o(.text)
    DMA1_Channel1_IRQHandler                 0x080001e3   Thumb Code     0  startup_stm32f103xb.o(.text)
    DMA1_Channel2_IRQHandler                 0x080001e3   Thumb Code     0  startup_stm32f103xb.o(.text)
    DMA1_Channel3_IRQHandler                 0x080001e3   Thumb Code     0  startup_stm32f103xb.o(.text)
    DMA1_Channel4_IRQHandler                 0x080001e3   Thumb Code     0  startup_stm32f103xb.o(.text)
    DMA1_Channel5_IRQHandler                 0x080001e3   Thumb Code     0  startup_stm32f103xb.o(.text)
    DMA1_Channel6_IRQHandler                 0x080001e3   Thumb Code     0  startup_stm32f103xb.o(.text)
    DMA1_Channel7_IRQHandler                 0x080001e3   Thumb Code     0  startup_stm32f103xb.o(.text)
    EXTI0_IRQHandler                         0x080001e3   Thumb Code     0  startup_stm32f103xb.o(.text)
    EXTI15_10_IRQHandler                     0x080001e3   Thumb Code     0  startup_stm32f103xb.o(.text)
    EXTI1_IRQHandler                         0x080001e3   Thumb Code     0  startup_stm32f103xb.o(.text)
    EXTI2_IRQHandler                         0x080001e3   Thumb Code     0  startup_stm32f103xb.o(.text)
    EXTI3_IRQHandler                         0x080001e3   Thumb Code     0  startup_stm32f103xb.o(.text)
    EXTI4_IRQHandler                         0x080001e3   Thumb Code     0  startup_stm32f103xb.o(.text)
    EXTI9_5_IRQHandler                       0x080001e3   Thumb Code     0  startup_stm32f103xb.o(.text)
    FLASH_IRQHandler                         0x080001e3   Thumb Code     0  startup_stm32f103xb.o(.text)
    I2C1_ER_IRQHandler                       0x080001e3   Thumb Code     0  startup_stm32f103xb.o(.text)
    I2C1_EV_IRQHandler                       0x080001e3   Thumb Code     0  startup_stm32f103xb.o(.text)
    I2C2_ER_IRQHandler                       0x080001e3   Thumb Code     0  startup_stm32f103xb.o(.text)
    I2C2_EV_IRQHandler                       0x080001e3   Thumb Code     0  startup_stm32f103xb.o(.text)
    PVD_IRQHandler                           0x080001e3   Thumb Code     0  startup_stm32f103xb.o(.text)
    RCC_IRQHandler                           0x080001e3   Thumb Code     0  startup_stm32f103xb.o(.text)
    RTC_Alarm_IRQHandler                     0x080001e3   Thumb Code     0  startup_stm32f103xb.o(.text)
    RTC_IRQHandler                           0x080001e3   Thumb Code     0  startup_stm32f103xb.o(.text)
    SPI1_IRQHandler                          0x080001e3   Thumb Code     0  startup_stm32f103xb.o(.text)
    SPI2_IRQHandler                          0x080001e3   Thumb Code     0  startup_stm32f103xb.o(.text)
    TAMPER_IRQHandler                        0x080001e3   Thumb Code     0  startup_stm32f103xb.o(.text)
    TIM1_BRK_IRQHandler                      0x080001e3   Thumb Code     0  startup_stm32f103xb.o(.text)
    TIM1_CC_IRQHandler                       0x080001e3   Thumb Code     0  startup_stm32f103xb.o(.text)
    TIM1_TRG_COM_IRQHandler                  0x080001e3   Thumb Code     0  startup_stm32f103xb.o(.text)
    TIM1_UP_IRQHandler                       0x080001e3   Thumb Code     0  startup_stm32f103xb.o(.text)
    TIM3_IRQHandler                          0x080001e3   Thumb Code     0  startup_stm32f103xb.o(.text)
    TIM4_IRQHandler                          0x080001e3   Thumb Code     0  startup_stm32f103xb.o(.text)
    USART2_IRQHandler                        0x080001e3   Thumb Code     0  startup_stm32f103xb.o(.text)
    USART3_IRQHandler                        0x080001e3   Thumb Code     0  startup_stm32f103xb.o(.text)
    USBWakeUp_IRQHandler                     0x080001e3   Thumb Code     0  startup_stm32f103xb.o(.text)
    USB_HP_CAN1_TX_IRQHandler                0x080001e3   Thumb Code     0  startup_stm32f103xb.o(.text)
    USB_LP_CAN1_RX0_IRQHandler               0x080001e3   Thumb Code     0  startup_stm32f103xb.o(.text)
    WWDG_IRQHandler                          0x080001e3   Thumb Code     0  startup_stm32f103xb.o(.text)
    __user_initial_stackheap                 0x080001e5   Thumb Code     0  startup_stm32f103xb.o(.text)
    __aeabi_llsr                             0x08000209   Thumb Code     0  llushr.o(.text)
    _ll_ushift_r                             0x08000209   Thumb Code    38  llushr.o(.text)
    abort                                    0x0800022f   Thumb Code    22  abort.o(.text)
    __aeabi_memclr                           0x08000245   Thumb Code     0  rt_memclr.o(.text)
    __rt_memclr                              0x08000245   Thumb Code    68  rt_memclr.o(.text)
    _memset                                  0x08000249   Thumb Code     0  rt_memclr.o(.text)
    __aeabi_memclr4                          0x08000289   Thumb Code     0  rt_memclr_w.o(.text)
    __aeabi_memclr8                          0x08000289   Thumb Code     0  rt_memclr_w.o(.text)
    __rt_memclr_w                            0x08000289   Thumb Code    78  rt_memclr_w.o(.text)
    _memset_w                                0x0800028d   Thumb Code     0  rt_memclr_w.o(.text)
    __use_two_region_memory                  0x080002d7   Thumb Code     2  heapauxi.o(.text)
    __rt_heap_escrow$2region                 0x080002d9   Thumb Code     2  heapauxi.o(.text)
    __rt_heap_expand$2region                 0x080002db   Thumb Code     2  heapauxi.o(.text)
    _sys_exit                                0x080002dd   Thumb Code     8  sys_exit.o(.text)
    __rt_SIGABRT                             0x080002e9   Thumb Code    14  defsig_abrt_outer.o(.text)
    __I$use$semihosting                      0x080002f7   Thumb Code     0  use_no_semi.o(.text)
    __use_no_semihosting_swi                 0x080002f7   Thumb Code     2  use_no_semi.o(.text)
    __semihosting_library_function           0x080002f9   Thumb Code     0  indicate_semi.o(.text)
    __sig_exit                               0x080002f9   Thumb Code    10  defsig_exit.o(.text)
    __rt_SIGABRT_inner                       0x08000305   Thumb Code    14  defsig_abrt_inner.o(.text)
    __user_setup_stackheap                   0x08000335   Thumb Code    74  sys_stackheap_outer.o(.text)
    exit                                     0x0800037f   Thumb Code    18  exit.o(.text)
    __default_signal_display                 0x08000391   Thumb Code    50  defsig_general.o(.text)
    _ttywrch                                 0x080003c3   Thumb Code    14  sys_wrch.o(.text)
    __user_libspace                          0x080003d1   Thumb Code     8  libspace.o(.text)
    __user_perproc_libspace                  0x080003d1   Thumb Code     0  libspace.o(.text)
    __user_perthread_libspace                0x080003d1   Thumb Code     0  libspace.o(.text)
    BusFault_Handler                         0x080003d9   Thumb Code     2  stm32f1xx_it.o(i.BusFault_Handler)
    DebugMon_Handler                         0x080003db   Thumb Code     2  stm32f1xx_it.o(i.DebugMon_Handler)
    Error_Handler                            0x080003dd   Thumb Code     4  main.o(i.Error_Handler)
    FLASH_PageErase                          0x08000405   Thumb Code    28  stm32f1xx_hal_flash_ex.o(i.FLASH_PageErase)
    FLASH_WaitForLastOperation               0x080004a1   Thumb Code    80  stm32f1xx_hal_flash.o(i.FLASH_WaitForLastOperation)
    HAL_Delay                                0x080004fd   Thumb Code    32  stm32f1xx_hal.o(i.HAL_Delay)
    HAL_FLASHEx_Erase                        0x08000521   Thumb Code   160  stm32f1xx_hal_flash_ex.o(i.HAL_FLASHEx_Erase)
    HAL_FLASH_Lock                           0x080005c9   Thumb Code    14  stm32f1xx_hal_flash.o(i.HAL_FLASH_Lock)
    HAL_FLASH_Program                        0x080005dd   Thumb Code   120  stm32f1xx_hal_flash.o(i.HAL_FLASH_Program)
    HAL_FLASH_Unlock                         0x0800065d   Thumb Code    28  stm32f1xx_hal_flash.o(i.HAL_FLASH_Unlock)
    HAL_GPIO_Init                            0x08000685   Thumb Code   446  stm32f1xx_hal_gpio.o(i.HAL_GPIO_Init)
    HAL_GPIO_ReadPin                         0x08000865   Thumb Code    10  stm32f1xx_hal_gpio.o(i.HAL_GPIO_ReadPin)
    HAL_GPIO_TogglePin                       0x0800086f   Thumb Code    14  stm32f1xx_hal_gpio.o(i.HAL_GPIO_TogglePin)
    HAL_GPIO_WritePin                        0x0800087d   Thumb Code    10  stm32f1xx_hal_gpio.o(i.HAL_GPIO_WritePin)
    HAL_GetTick                              0x08000889   Thumb Code     6  stm32f1xx_hal.o(i.HAL_GetTick)
    HAL_IncTick                              0x08000895   Thumb Code    12  stm32f1xx_hal.o(i.HAL_IncTick)
    HAL_Init                                 0x080008a5   Thumb Code    32  stm32f1xx_hal.o(i.HAL_Init)
    HAL_InitTick                             0x080008c9   Thumb Code    54  stm32f1xx_hal.o(i.HAL_InitTick)
    HAL_MspInit                              0x08000909   Thumb Code    52  stm32f1xx_hal_msp.o(i.HAL_MspInit)
    HAL_NVIC_EnableIRQ                       0x08000945   Thumb Code    26  stm32f1xx_hal_cortex.o(i.HAL_NVIC_EnableIRQ)
    HAL_NVIC_SetPriority                     0x08000961   Thumb Code    60  stm32f1xx_hal_cortex.o(i.HAL_NVIC_SetPriority)
    HAL_NVIC_SetPriorityGrouping             0x080009a1   Thumb Code    26  stm32f1xx_hal_cortex.o(i.HAL_NVIC_SetPriorityGrouping)
    HAL_RCC_ClockConfig                      0x080009c5   Thumb Code   280  stm32f1xx_hal_rcc.o(i.HAL_RCC_ClockConfig)
    HAL_RCC_GetPCLK1Freq                     0x08000af1   Thumb Code    20  stm32f1xx_hal_rcc.o(i.HAL_RCC_GetPCLK1Freq)
    HAL_RCC_GetPCLK2Freq                     0x08000b11   Thumb Code    20  stm32f1xx_hal_rcc.o(i.HAL_RCC_GetPCLK2Freq)
    HAL_RCC_GetSysClockFreq                  0x08000b31   Thumb Code    74  stm32f1xx_hal_rcc.o(i.HAL_RCC_GetSysClockFreq)
    HAL_RCC_OscConfig                        0x08000b9d   Thumb Code   778  stm32f1xx_hal_rcc.o(i.HAL_RCC_OscConfig)
    HAL_SYSTICK_Config                       0x08000ebd   Thumb Code    40  stm32f1xx_hal_cortex.o(i.HAL_SYSTICK_Config)
    HAL_TIMEx_MasterConfigSynchronization    0x08000ee5   Thumb Code    66  stm32f1xx_hal_tim_ex.o(i.HAL_TIMEx_MasterConfigSynchronization)
    HAL_TIM_Base_Init                        0x08000f27   Thumb Code    54  stm32f1xx_hal_tim.o(i.HAL_TIM_Base_Init)
    HAL_TIM_Base_MspInit                     0x08000f5d   Thumb Code    50  tim.o(i.HAL_TIM_Base_MspInit)
    HAL_TIM_Base_Start_IT                    0x08000f95   Thumb Code    34  stm32f1xx_hal_tim.o(i.HAL_TIM_Base_Start_IT)
    HAL_TIM_Base_Stop_IT                     0x08000fb7   Thumb Code    42  stm32f1xx_hal_tim.o(i.HAL_TIM_Base_Stop_IT)
    HAL_TIM_ConfigClockSource                0x08000fe1   Thumb Code   214  stm32f1xx_hal_tim.o(i.HAL_TIM_ConfigClockSource)
    HAL_TIM_MspPostInit                      0x080010b9   Thumb Code    62  tim.o(i.HAL_TIM_MspPostInit)
    HAL_TIM_PWM_ConfigChannel                0x08001105   Thumb Code   208  stm32f1xx_hal_tim.o(i.HAL_TIM_PWM_ConfigChannel)
    HAL_TIM_PWM_Init                         0x080011d5   Thumb Code    54  stm32f1xx_hal_tim.o(i.HAL_TIM_PWM_Init)
    HAL_TIM_PWM_MspInit                      0x0800120d   Thumb Code    30  tim.o(i.HAL_TIM_PWM_MspInit)
    HAL_TIM_PWM_Start                        0x08001235   Thumb Code    52  stm32f1xx_hal_tim.o(i.HAL_TIM_PWM_Start)
    HAL_UART_Init                            0x0800126d   Thumb Code    98  stm32f1xx_hal_uart.o(i.HAL_UART_Init)
    HAL_UART_MspInit                         0x080012d1   Thumb Code   186  usart.o(i.HAL_UART_MspInit)
    HardFault_Handler                        0x0800139d   Thumb Code     2  stm32f1xx_it.o(i.HardFault_Handler)
    M1820_Init                               0x08001615   Thumb Code    44  m1820.o(i.M1820_Init)
    M1820_ReadTemperature                    0x0800169d   Thumb Code   260  m1820.o(i.M1820_ReadTemperature)
    MX_GPIO_Init                             0x08001825   Thumb Code   142  gpio.o(i.MX_GPIO_Init)
    MX_TIM2_Init                             0x080018c1   Thumb Code    96  tim.o(i.MX_TIM2_Init)
    MX_TIM4_Init                             0x08001925   Thumb Code   104  tim.o(i.MX_TIM4_Init)
    MX_USART1_UART_Init                      0x08001995   Thumb Code    48  usart.o(i.MX_USART1_UART_Init)
    MX_USART2_UART_Init                      0x080019cd   Thumb Code    48  usart.o(i.MX_USART2_UART_Init)
    MemManage_Handler                        0x08001a05   Thumb Code     2  stm32f1xx_it.o(i.MemManage_Handler)
    Modbus_CmdProcess                        0x08001a09   Thumb Code   106  modbus_regs.o(i.Modbus_CmdProcess)
    Modbus_LoadDefaultParams                 0x08001a81   Thumb Code    30  modbus_regs.o(i.Modbus_LoadDefaultParams)
    Modbus_RegsInit                          0x08001ab1   Thumb Code    26  modbus_regs.o(i.Modbus_RegsInit)
    Modbus_RegsSyncFromBuffer                0x08001ad1   Thumb Code    68  modbus_regs.o(i.Modbus_RegsSyncFromBuffer)
    Modbus_RegsSyncToBuffer                  0x08001b1d   Thumb Code   164  modbus_regs.o(i.Modbus_RegsSyncToBuffer)
    NMI_Handler                              0x08001bc9   Thumb Code     2  stm32f1xx_it.o(i.NMI_Handler)
    ParamStore_Load                          0x08001be5   Thumb Code    70  param_store.o(i.ParamStore_Load)
    ParamStore_Save                          0x08001c49   Thumb Code   122  param_store.o(i.ParamStore_Save)
    PendSV_Handler                           0x08001ce1   Thumb Code     2  stm32f1xx_it.o(i.PendSV_Handler)
    SVC_Handler                              0x08001ce3   Thumb Code     2  stm32f1xx_it.o(i.SVC_Handler)
    SysTick_Handler                          0x08001ce5   Thumb Code     4  stm32f1xx_it.o(i.SysTick_Handler)
    SystemClock_Config                       0x08001ce9   Thumb Code    94  main.o(i.SystemClock_Config)
    SystemInit                               0x08001d49   Thumb Code    56  system_stm32f1xx.o(i.SystemInit)
    TIM2_IRQHandler                          0x08001d91   Thumb Code     4  stm32f1xx_it.o(i.TIM2_IRQHandler)
    TIM_Base_SetConfig                       0x08001d95   Thumb Code    94  stm32f1xx_hal_tim.o(i.TIM_Base_SetConfig)
    TIM_CCxChannelCmd                        0x08001e01   Thumb Code    26  stm32f1xx_hal_tim.o(i.TIM_CCxChannelCmd)
    TIM_ETR_SetConfig                        0x08001e1b   Thumb Code    20  stm32f1xx_hal_tim.o(i.TIM_ETR_SetConfig)
    TIM_OC2_SetConfig                        0x08001e91   Thumb Code    84  stm32f1xx_hal_tim.o(i.TIM_OC2_SetConfig)
    USART1_IRQHandler                        0x08002085   Thumb Code     4  stm32f1xx_it.o(i.USART1_IRQHandler)
    UsageFault_Handler                       0x08002089   Thumb Code     2  stm32f1xx_it.o(i.UsageFault_Handler)
    eMBEnable                                0x080020ad   Thumb Code    28  mb.o(i.eMBEnable)
    eMBFuncReadHoldingRegister               0x080020cd   Thumb Code    94  mbfuncholding.o(i.eMBFuncReadHoldingRegister)
    eMBFuncWriteHoldingRegister              0x0800212b   Thumb Code    50  mbfuncholding.o(i.eMBFuncWriteHoldingRegister)
    eMBFuncWriteMultipleHoldingRegister      0x0800215d   Thumb Code    78  mbfuncholding.o(i.eMBFuncWriteMultipleHoldingRegister)
    eMBInit                                  0x080021ad   Thumb Code    96  mb.o(i.eMBInit)
    eMBPoll                                  0x0800222d   Thumb Code   176  mb.o(i.eMBPoll)
    eMBRTUInit                               0x080022e1   Thumb Code    54  mbrtu.o(i.eMBRTUInit)
    eMBRTUReceive                            0x0800231d   Thumb Code    70  mbrtu.o(i.eMBRTUReceive)
    eMBRTUSend                               0x0800236d   Thumb Code    80  mbrtu.o(i.eMBRTUSend)
    eMBRTUStart                              0x080023c5   Thumb Code    24  mbrtu.o(i.eMBRTUStart)
    eMBRTUStop                               0x080023e1   Thumb Code    18  mbrtu.o(i.eMBRTUStop)
    eMBRegHoldingCB                          0x080023f5   Thumb Code   120  modbus_regs.o(i.eMBRegHoldingCB)
    main                                     0x08002471   Thumb Code   342  main.o(i.main)
    prveMBError2Exception                    0x080025f5   Thumb Code    24  mbutils.o(i.prveMBError2Exception)
    usMBCRC16                                0x0800260d   Thumb Code    40  mbcrc.o(i.usMBCRC16)
    vMBPortSerialEnable                      0x08002639   Thumb Code   116  portserial.o(i.vMBPortSerialEnable)
    vMBPortTimersDisable                     0x080026b9   Thumb Code    24  porttimer.o(i.vMBPortTimersDisable)
    vMBPortTimersEnable                      0x080026d5   Thumb Code    34  porttimer.o(i.vMBPortTimersEnable)
    xMBPortEventGet                          0x08002701   Thumb Code    24  portevent.o(i.xMBPortEventGet)
    xMBPortEventInit                         0x0800271d   Thumb Code    10  portevent.o(i.xMBPortEventInit)
    xMBPortEventPost                         0x0800272d   Thumb Code    12  portevent.o(i.xMBPortEventPost)
    xMBPortSerialGetByte                     0x0800273d   Thumb Code    10  portserial.o(i.xMBPortSerialGetByte)
    xMBPortSerialInit                        0x0800274d   Thumb Code    44  portserial.o(i.xMBPortSerialInit)
    xMBPortSerialPutByte                     0x08002785   Thumb Code    10  portserial.o(i.xMBPortSerialPutByte)
    xMBPortSerial_IRQHandler                 0x08002795   Thumb Code    60  portserial.o(i.xMBPortSerial_IRQHandler)
    xMBPortTimer_IRQHandler                  0x080027e1   Thumb Code    44  porttimer.o(i.xMBPortTimer_IRQHandler)
    xMBPortTimersInit                        0x08002815   Thumb Code    50  porttimer.o(i.xMBPortTimersInit)
    xMBRTUReceiveFSM                         0x08002851   Thumb Code    96  mbrtu.o(i.xMBRTUReceiveFSM)
    xMBRTUTimerT35Expired                    0x080028b9   Thumb Code    58  mbrtu.o(i.xMBRTUTimerT35Expired)
    xMBRTUTransmitFSM                        0x080028f9   Thumb Code    86  mbrtu.o(i.xMBRTUTransmitFSM)
    __aeabi_fadd                             0x08002955   Thumb Code     0  faddsub_clz.o(x$fpl$fadd)
    _fadd                                    0x08002955   Thumb Code   196  faddsub_clz.o(x$fpl$fadd)
    __fpl_fcheck_NaN1                        0x08002a19   Thumb Code     6  fcheck1.o(x$fpl$fcheck1)
    __fpl_fcmp_Inf                           0x08002a25   Thumb Code    24  fcmpi.o(x$fpl$fcmpinf)
    __aeabi_fdiv                             0x08002a3d   Thumb Code     0  fdiv.o(x$fpl$fdiv)
    _fdiv                                    0x08002a3d   Thumb Code   384  fdiv.o(x$fpl$fdiv)
    __aeabi_f2uiz                            0x08002bc1   Thumb Code     0  ffixu.o(x$fpl$ffixu)
    _ffixu                                   0x08002bc1   Thumb Code    62  ffixu.o(x$fpl$ffixu)
    __aeabi_i2f                              0x08002c01   Thumb Code     0  fflt_clz.o(x$fpl$fflt)
    _fflt                                    0x08002c01   Thumb Code    48  fflt_clz.o(x$fpl$fflt)
    __aeabi_ui2f                             0x08002c31   Thumb Code     0  fflt_clz.o(x$fpl$ffltu)
    _ffltu                                   0x08002c31   Thumb Code    38  fflt_clz.o(x$fpl$ffltu)
    __aeabi_cfcmple                          0x08002c59   Thumb Code     0  fleqf.o(x$fpl$fleqf)
    _fcmple                                  0x08002c59   Thumb Code   104  fleqf.o(x$fpl$fleqf)
    __fpl_fcmple_InfNaN                      0x08002cab   Thumb Code     0  fleqf.o(x$fpl$fleqf)
    __aeabi_fmul                             0x08002cc1   Thumb Code     0  fmul.o(x$fpl$fmul)
    _fmul                                    0x08002cc1   Thumb Code   258  fmul.o(x$fpl$fmul)
    __fpl_fnaninf                            0x08002dc3   Thumb Code   140  fnaninf.o(x$fpl$fnaninf)
    __fpl_fretinf                            0x08002e4f   Thumb Code    10  fretinf.o(x$fpl$fretinf)
    __aeabi_cfrcmple                         0x08002e59   Thumb Code     0  frleqf.o(x$fpl$frleqf)
    _frcmple                                 0x08002e59   Thumb Code    98  frleqf.o(x$fpl$frleqf)
    __aeabi_fsub                             0x08002ebd   Thumb Code     0  faddsub_clz.o(x$fpl$fsub)
    _fsub                                    0x08002ebd   Thumb Code   234  faddsub_clz.o(x$fpl$fsub)
    __fpl_return_NaN                         0x08002fa7   Thumb Code   100  retnan.o(x$fpl$retnan)
    __ARM_scalbnf                            0x0800300b   Thumb Code    76  scalbnf.o(x$fpl$scalbnf)
    __fpl_cmpreturn                          0x08003057   Thumb Code    48  trapv.o(x$fpl$trapveneer)
    AHBPrescTable                            0x08003086   Data          16  system_stm32f1xx.o(.constdata)
    __I$use$fp                               0x08003086   Number         0  usenofp.o(x$fpl$usenofp)
    APBPrescTable                            0x08003096   Data           8  system_stm32f1xx.o(.constdata)
    Region$$Table$$Base                      0x080032a0   Number         0  anon$$obj.o(Region$$Table)
    Region$$Table$$Limit                     0x080032c0   Number         0  anon$$obj.o(Region$$Table)
    g_surf_debug_enter                       0x20000000   Data           2  main.o(.data)
    g_surf_debug_ok                          0x20000002   Data           2  main.o(.data)
    g_env_debug_enter                        0x20000004   Data           2  main.o(.data)
    g_env_debug_ok                           0x20000006   Data           2  main.o(.data)
    uwTickFreq                               0x20000014   Data           1  stm32f1xx_hal.o(.data)
    uwTickPrio                               0x20000018   Data           4  stm32f1xx_hal.o(.data)
    uwTick                                   0x2000001c   Data           4  stm32f1xx_hal.o(.data)
    SystemCoreClock                          0x20000020   Data           4  system_stm32f1xx.o(.data)
    pxMBFrameCBByteReceived                  0x20000044   Data           4  mb.o(.data)
    pxMBFrameCBTransmitterEmpty              0x20000048   Data           4  mb.o(.data)
    pxMBPortCBTimerExpired                   0x2000004c   Data           4  mb.o(.data)
    g_ctrl_mode_set                          0x200000e4   Data           2  modbus_regs.o(.data)
    g_slave_addr                             0x200000e6   Data           2  modbus_regs.o(.data)
    g_baud_code                              0x200000e8   Data           2  modbus_regs.o(.data)
    g_temp_alarm_en                          0x200000ea   Data           2  modbus_regs.o(.data)
    g_cmd_save_param                         0x200000ec   Data           2  modbus_regs.o(.data)
    g_cmd_clear_fault                        0x200000ee   Data           2  modbus_regs.o(.data)
    g_cmd_restore_default                    0x200000f0   Data           2  modbus_regs.o(.data)
    g_cmd_soft_reset                         0x200000f2   Data           2  modbus_regs.o(.data)
    g_status_word                            0x200000f4   Data           2  modbus_regs.o(.data)
    g_fault_word                             0x200000f6   Data           2  modbus_regs.o(.data)
    g_heat_output_status                     0x200000f8   Data           2  modbus_regs.o(.data)
    g_env_probe_status                       0x200000fa   Data           2  modbus_regs.o(.data)
    g_surf_probe_status                      0x200000fc   Data           2  modbus_regs.o(.data)
    g_env_probe_err_cnt                      0x200000fe   Data           2  modbus_regs.o(.data)
    g_surf_probe_err_cnt                     0x20000100   Data           2  modbus_regs.o(.data)
    g_comm_err_cnt                           0x20000102   Data           2  modbus_regs.o(.data)
    g_fw_major_ver                           0x20000104   Data           2  modbus_regs.o(.data)
    g_fw_minor_ver                           0x20000106   Data           2  modbus_regs.o(.data)
    g_env_temp_threshold                     0x20000108   Data           4  modbus_regs.o(.data)
    g_surf_temp_target                       0x2000010c   Data           4  modbus_regs.o(.data)
    g_manual_pwm_set                         0x20000110   Data           4  modbus_regs.o(.data)
    g_env_temp_real                          0x20000114   Data           4  modbus_regs.o(.data)
    g_surf_temp_real                         0x20000118   Data           4  modbus_regs.o(.data)
    g_heat_out_volt                          0x2000011c   Data           4  modbus_regs.o(.data)
    g_pwm_duty_real                          0x20000120   Data           4  modbus_regs.o(.data)
    g_m1820_env                              0x20000124   Data           8  m1820.o(.data)
    g_m1820_surf                             0x2000012c   Data           8  m1820.o(.data)
    htim2                                    0x20000134   Data          64  tim.o(.bss)
    htim4                                    0x20000174   Data          64  tim.o(.bss)
    huart1                                   0x200001b4   Data          64  usart.o(.bss)
    huart2                                   0x200001f4   Data          64  usart.o(.bss)
    pFlash                                   0x20000238   Data          32  stm32f1xx_hal_flash.o(.bss)
    ucRTUBuf                                 0x20000258   Data         256  mbrtu.o(.bss)
    usHoldingRegBuf                          0x20000358   Data         138  modbus_regs.o(.bss)
    __libspace_start                         0x200003e4   Data          96  libspace.o(.bss)
    __temporary_stack_top$libspace           0x20000444   Data           0  libspace.o(.bss)



==============================================================================

Memory Map of the image

  Image Entry point : 0x080000ed

  Load Region LR_IROM1 (Base: 0x08000000, Size: 0x000033f4, Max: 0x00010000, ABSOLUTE, COMPRESSED[0x00003308])

    Execution Region ER_IROM1 (Exec base: 0x08000000, Load base: 0x08000000, Size: 0x000032c0, Max: 0x00010000, ABSOLUTE)

    Exec Addr    Load Addr    Size         Type   Attr      Idx    E Section Name        Object

    0x08000000   0x08000000   0x000000ec   Data   RO            3    RESET               startup_stm32f103xb.o
    0x080000ec   0x080000ec   0x00000008   Code   RO         3272  * !!!main             c_w.l(__main.o)
    0x080000f4   0x080000f4   0x00000034   Code   RO         3476    !!!scatter          c_w.l(__scatter.o)
    0x08000128   0x08000128   0x0000005a   Code   RO         3474    !!dczerorl2         c_w.l(__dczerorl2.o)
    0x08000182   0x08000182   0x00000002   PAD
    0x08000184   0x08000184   0x0000001c   Code   RO         3478    !!handler_zi        c_w.l(__scatter_zi.o)
    0x080001a0   0x080001a0   0x00000002   Code   RO         3357    .ARM.Collect$$libinit$$00000000  c_w.l(libinit.o)
    0x080001a2   0x080001a2   0x00000000   Code   RO         3370    .ARM.Collect$$libinit$$00000002  c_w.l(libinit2.o)
    0x080001a2   0x080001a2   0x00000000   Code   RO         3372    .ARM.Collect$$libinit$$00000004  c_w.l(libinit2.o)
    0x080001a2   0x080001a2   0x00000000   Code   RO         3375    .ARM.Collect$$libinit$$0000000A  c_w.l(libinit2.o)
    0x080001a2   0x080001a2   0x00000000   Code   RO         3377    .ARM.Collect$$libinit$$0000000C  c_w.l(libinit2.o)
    0x080001a2   0x080001a2   0x00000000   Code   RO         3379    .ARM.Collect$$libinit$$0000000E  c_w.l(libinit2.o)
    0x080001a2   0x080001a2   0x00000000   Code   RO         3382    .ARM.Collect$$libinit$$00000011  c_w.l(libinit2.o)
    0x080001a2   0x080001a2   0x00000000   Code   RO         3384    .ARM.Collect$$libinit$$00000013  c_w.l(libinit2.o)
    0x080001a2   0x080001a2   0x00000000   Code   RO         3386    .ARM.Collect$$libinit$$00000015  c_w.l(libinit2.o)
    0x080001a2   0x080001a2   0x00000000   Code   RO         3388    .ARM.Collect$$libinit$$00000017  c_w.l(libinit2.o)
    0x080001a2   0x080001a2   0x00000000   Code   RO         3390    .ARM.Collect$$libinit$$00000019  c_w.l(libinit2.o)
    0x080001a2   0x080001a2   0x00000000   Code   RO         3392    .ARM.Collect$$libinit$$0000001B  c_w.l(libinit2.o)
    0x080001a2   0x080001a2   0x00000000   Code   RO         3394    .ARM.Collect$$libinit$$0000001D  c_w.l(libinit2.o)
    0x080001a2   0x080001a2   0x00000000   Code   RO         3396    .ARM.Collect$$libinit$$0000001F  c_w.l(libinit2.o)
    0x080001a2   0x080001a2   0x00000000   Code   RO         3398    .ARM.Collect$$libinit$$00000021  c_w.l(libinit2.o)
    0x080001a2   0x080001a2   0x00000000   Code   RO         3400    .ARM.Collect$$libinit$$00000023  c_w.l(libinit2.o)
    0x080001a2   0x080001a2   0x00000000   Code   RO         3402    .ARM.Collect$$libinit$$00000025  c_w.l(libinit2.o)
    0x080001a2   0x080001a2   0x00000000   Code   RO         3406    .ARM.Collect$$libinit$$0000002C  c_w.l(libinit2.o)
    0x080001a2   0x080001a2   0x00000000   Code   RO         3408    .ARM.Collect$$libinit$$0000002E  c_w.l(libinit2.o)
    0x080001a2   0x080001a2   0x00000000   Code   RO         3410    .ARM.Collect$$libinit$$00000030  c_w.l(libinit2.o)
    0x080001a2   0x080001a2   0x00000000   Code   RO         3412    .ARM.Collect$$libinit$$00000032  c_w.l(libinit2.o)
    0x080001a2   0x080001a2   0x00000002   Code   RO         3413    .ARM.Collect$$libinit$$00000033  c_w.l(libinit2.o)
    0x080001a4   0x080001a4   0x00000002   Code   RO         3447    .ARM.Collect$$libshutdown$$00000000  c_w.l(libshutdown.o)
    0x080001a6   0x080001a6   0x00000000   Code   RO         3457    .ARM.Collect$$libshutdown$$00000002  c_w.l(libshutdown2.o)
    0x080001a6   0x080001a6   0x00000000   Code   RO         3459    .ARM.Collect$$libshutdown$$00000004  c_w.l(libshutdown2.o)
    0x080001a6   0x080001a6   0x00000000   Code   RO         3462    .ARM.Collect$$libshutdown$$00000007  c_w.l(libshutdown2.o)
    0x080001a6   0x080001a6   0x00000000   Code   RO         3465    .ARM.Collect$$libshutdown$$0000000A  c_w.l(libshutdown2.o)
    0x080001a6   0x080001a6   0x00000000   Code   RO         3467    .ARM.Collect$$libshutdown$$0000000C  c_w.l(libshutdown2.o)
    0x080001a6   0x080001a6   0x00000000   Code   RO         3470    .ARM.Collect$$libshutdown$$0000000F  c_w.l(libshutdown2.o)
    0x080001a6   0x080001a6   0x00000002   Code   RO         3471    .ARM.Collect$$libshutdown$$00000010  c_w.l(libshutdown2.o)
    0x080001a8   0x080001a8   0x00000000   Code   RO         3304    .ARM.Collect$$rtentry$$00000000  c_w.l(__rtentry.o)
    0x080001a8   0x080001a8   0x00000000   Code   RO         3322    .ARM.Collect$$rtentry$$00000002  c_w.l(__rtentry2.o)
    0x080001a8   0x080001a8   0x00000006   Code   RO         3334    .ARM.Collect$$rtentry$$00000004  c_w.l(__rtentry4.o)
    0x080001ae   0x080001ae   0x00000000   Code   RO         3324    .ARM.Collect$$rtentry$$00000009  c_w.l(__rtentry2.o)
    0x080001ae   0x080001ae   0x00000004   Code   RO         3325    .ARM.Collect$$rtentry$$0000000A  c_w.l(__rtentry2.o)
    0x080001b2   0x080001b2   0x00000000   Code   RO         3327    .ARM.Collect$$rtentry$$0000000C  c_w.l(__rtentry2.o)
    0x080001b2   0x080001b2   0x00000008   Code   RO         3328    .ARM.Collect$$rtentry$$0000000D  c_w.l(__rtentry2.o)
    0x080001ba   0x080001ba   0x00000002   Code   RO         3365    .ARM.Collect$$rtexit$$00000000  c_w.l(rtexit.o)
    0x080001bc   0x080001bc   0x00000000   Code   RO         3415    .ARM.Collect$$rtexit$$00000002  c_w.l(rtexit2.o)
    0x080001bc   0x080001bc   0x00000004   Code   RO         3416    .ARM.Collect$$rtexit$$00000003  c_w.l(rtexit2.o)
    0x080001c0   0x080001c0   0x00000006   Code   RO         3417    .ARM.Collect$$rtexit$$00000004  c_w.l(rtexit2.o)
    0x080001c6   0x080001c6   0x00000002   PAD
    0x080001c8   0x080001c8   0x00000040   Code   RO            4    .text               startup_stm32f103xb.o
    0x08000208   0x08000208   0x00000026   Code   RO         3262    .text               c_w.l(llushr.o)
    0x0800022e   0x0800022e   0x00000016   Code   RO         3264    .text               c_w.l(abort.o)
    0x08000244   0x08000244   0x00000044   Code   RO         3266    .text               c_w.l(rt_memclr.o)
    0x08000288   0x08000288   0x0000004e   Code   RO         3268    .text               c_w.l(rt_memclr_w.o)
    0x080002d6   0x080002d6   0x00000006   Code   RO         3270    .text               c_w.l(heapauxi.o)
    0x080002dc   0x080002dc   0x0000000c   Code   RO         3302    .text               c_w.l(sys_exit.o)
    0x080002e8   0x080002e8   0x0000000e   Code   RO         3305    .text               c_w.l(defsig_abrt_outer.o)
    0x080002f6   0x080002f6   0x00000002   Code   RO         3318    .text               c_w.l(use_no_semi.o)
    0x080002f8   0x080002f8   0x00000000   Code   RO         3320    .text               c_w.l(indicate_semi.o)
    0x080002f8   0x080002f8   0x0000000a   Code   RO         3338    .text               c_w.l(defsig_exit.o)
    0x08000302   0x08000302   0x00000002   PAD
    0x08000304   0x08000304   0x00000030   Code   RO         3340    .text               c_w.l(defsig_abrt_inner.o)
    0x08000334   0x08000334   0x0000004a   Code   RO         3344    .text               c_w.l(sys_stackheap_outer.o)
    0x0800037e   0x0800037e   0x00000012   Code   RO         3346    .text               c_w.l(exit.o)
    0x08000390   0x08000390   0x00000032   Code   RO         3350    .text               c_w.l(defsig_general.o)
    0x080003c2   0x080003c2   0x0000000e   Code   RO         3360    .text               c_w.l(sys_wrch.o)
    0x080003d0   0x080003d0   0x00000008   Code   RO         3362    .text               c_w.l(libspace.o)
    0x080003d8   0x080003d8   0x00000002   Code   RO          330    i.BusFault_Handler  stm32f1xx_it.o
    0x080003da   0x080003da   0x00000002   Code   RO          331    i.DebugMon_Handler  stm32f1xx_it.o
    0x080003dc   0x080003dc   0x00000004   Code   RO           13    i.Error_Handler     main.o
    0x080003e0   0x080003e0   0x00000024   Code   RO         2224    i.FLASH_MassErase   stm32f1xx_hal_flash_ex.o
    0x08000404   0x08000404   0x00000024   Code   RO         2229    i.FLASH_PageErase   stm32f1xx_hal_flash_ex.o
    0x08000428   0x08000428   0x0000001c   Code   RO         2121    i.FLASH_Program_HalfWord  stm32f1xx_hal_flash.o
    0x08000444   0x08000444   0x0000005c   Code   RO         2122    i.FLASH_SetErrorCode  stm32f1xx_hal_flash.o
    0x080004a0   0x080004a0   0x00000054   Code   RO         2123    i.FLASH_WaitForLastOperation  stm32f1xx_hal_flash.o
    0x080004f4   0x080004f4   0x00000008   Code   RO         3078    i.FloatToRegs       modbus_regs.o
    0x080004fc   0x080004fc   0x00000024   Code   RO         1413    i.HAL_Delay         stm32f1xx_hal.o
    0x08000520   0x08000520   0x000000a8   Code   RO         2230    i.HAL_FLASHEx_Erase  stm32f1xx_hal_flash_ex.o
    0x080005c8   0x080005c8   0x00000014   Code   RO         2127    i.HAL_FLASH_Lock    stm32f1xx_hal_flash.o
    0x080005dc   0x080005dc   0x00000080   Code   RO         2132    i.HAL_FLASH_Program  stm32f1xx_hal_flash.o
    0x0800065c   0x0800065c   0x00000028   Code   RO         2134    i.HAL_FLASH_Unlock  stm32f1xx_hal_flash.o
    0x08000684   0x08000684   0x000001e0   Code   RO         1721    i.HAL_GPIO_Init     stm32f1xx_hal_gpio.o
    0x08000864   0x08000864   0x0000000a   Code   RO         1723    i.HAL_GPIO_ReadPin  stm32f1xx_hal_gpio.o
    0x0800086e   0x0800086e   0x0000000e   Code   RO         1724    i.HAL_GPIO_TogglePin  stm32f1xx_hal_gpio.o
    0x0800087c   0x0800087c   0x0000000a   Code   RO         1725    i.HAL_GPIO_WritePin  stm32f1xx_hal_gpio.o
    0x08000886   0x08000886   0x00000002   PAD
    0x08000888   0x08000888   0x0000000c   Code   RO         1417    i.HAL_GetTick       stm32f1xx_hal.o
    0x08000894   0x08000894   0x00000010   Code   RO         1423    i.HAL_IncTick       stm32f1xx_hal.o
    0x080008a4   0x080008a4   0x00000024   Code   RO         1424    i.HAL_Init          stm32f1xx_hal.o
    0x080008c8   0x080008c8   0x00000040   Code   RO         1425    i.HAL_InitTick      stm32f1xx_hal.o
    0x08000908   0x08000908   0x0000003c   Code   RO          418    i.HAL_MspInit       stm32f1xx_hal_msp.o
    0x08000944   0x08000944   0x0000001a   Code   RO         1881    i.HAL_NVIC_EnableIRQ  stm32f1xx_hal_cortex.o
    0x0800095e   0x0800095e   0x00000002   PAD
    0x08000960   0x08000960   0x00000040   Code   RO         1887    i.HAL_NVIC_SetPriority  stm32f1xx_hal_cortex.o
    0x080009a0   0x080009a0   0x00000024   Code   RO         1888    i.HAL_NVIC_SetPriorityGrouping  stm32f1xx_hal_cortex.o
    0x080009c4   0x080009c4   0x0000012c   Code   RO         1581    i.HAL_RCC_ClockConfig  stm32f1xx_hal_rcc.o
    0x08000af0   0x08000af0   0x00000020   Code   RO         1588    i.HAL_RCC_GetPCLK1Freq  stm32f1xx_hal_rcc.o
    0x08000b10   0x08000b10   0x00000020   Code   RO         1589    i.HAL_RCC_GetPCLK2Freq  stm32f1xx_hal_rcc.o
    0x08000b30   0x08000b30   0x0000006c   Code   RO         1590    i.HAL_RCC_GetSysClockFreq  stm32f1xx_hal_rcc.o
    0x08000b9c   0x08000b9c   0x00000320   Code   RO         1593    i.HAL_RCC_OscConfig  stm32f1xx_hal_rcc.o
    0x08000ebc   0x08000ebc   0x00000028   Code   RO         1892    i.HAL_SYSTICK_Config  stm32f1xx_hal_cortex.o
    0x08000ee4   0x08000ee4   0x00000042   Code   RO         1173    i.HAL_TIMEx_MasterConfigSynchronization  stm32f1xx_hal_tim_ex.o
    0x08000f26   0x08000f26   0x00000036   Code   RO          480    i.HAL_TIM_Base_Init  stm32f1xx_hal_tim.o
    0x08000f5c   0x08000f5c   0x00000038   Code   RO          217    i.HAL_TIM_Base_MspInit  tim.o
    0x08000f94   0x08000f94   0x00000022   Code   RO          485    i.HAL_TIM_Base_Start_IT  stm32f1xx_hal_tim.o
    0x08000fb6   0x08000fb6   0x0000002a   Code   RO          488    i.HAL_TIM_Base_Stop_IT  stm32f1xx_hal_tim.o
    0x08000fe0   0x08000fe0   0x000000d6   Code   RO          489    i.HAL_TIM_ConfigClockSource  stm32f1xx_hal_tim.o
    0x080010b6   0x080010b6   0x00000002   PAD
    0x080010b8   0x080010b8   0x0000004c   Code   RO          218    i.HAL_TIM_MspPostInit  tim.o
    0x08001104   0x08001104   0x000000d0   Code   RO          547    i.HAL_TIM_PWM_ConfigChannel  stm32f1xx_hal_tim.o
    0x080011d4   0x080011d4   0x00000036   Code   RO          550    i.HAL_TIM_PWM_Init  stm32f1xx_hal_tim.o
    0x0800120a   0x0800120a   0x00000002   PAD
    0x0800120c   0x0800120c   0x00000028   Code   RO          220    i.HAL_TIM_PWM_MspInit  tim.o
    0x08001234   0x08001234   0x00000038   Code   RO          555    i.HAL_TIM_PWM_Start  stm32f1xx_hal_tim.o
    0x0800126c   0x0800126c   0x00000062   Code   RO         2406    i.HAL_UART_Init     stm32f1xx_hal_uart.o
    0x080012ce   0x080012ce   0x00000002   PAD
    0x080012d0   0x080012d0   0x000000cc   Code   RO          283    i.HAL_UART_MspInit  usart.o
    0x0800139c   0x0800139c   0x00000002   Code   RO          332    i.HardFault_Handler  stm32f1xx_it.o
    0x0800139e   0x0800139e   0x00000002   PAD
    0x080013a0   0x080013a0   0x00000050   Code   RO           14    i.Heat_SetPwmDuty   main.o
    0x080013f0   0x080013f0   0x000001d8   Code   RO           15    i.Heating_ControlTask  main.o
    0x080015c8   0x080015c8   0x00000024   Code   RO           16    i.LimitFloat        main.o
    0x080015ec   0x080015ec   0x00000028   Code   RO         3197    i.M1820_DelayUs     m1820.o
    0x08001614   0x08001614   0x00000038   Code   RO         3198    i.M1820_Init        m1820.o
    0x0800164c   0x0800164c   0x0000002e   Code   RO         3199    i.M1820_LineDriveLow  m1820.o
    0x0800167a   0x0800167a   0x00000008   Code   RO         3200    i.M1820_LineRead    m1820.o
    0x08001682   0x08001682   0x0000001a   Code   RO         3201    i.M1820_LineRelease  m1820.o
    0x0800169c   0x0800169c   0x00000108   Code   RO         3202    i.M1820_ReadTemperature  m1820.o
    0x080017a4   0x080017a4   0x00000034   Code   RO         3203    i.M1820_ResetAndPresence  m1820.o
    0x080017d8   0x080017d8   0x0000004c   Code   RO         3204    i.M1820_WriteByte   m1820.o
    0x08001824   0x08001824   0x0000009c   Code   RO          192    i.MX_GPIO_Init      gpio.o
    0x080018c0   0x080018c0   0x00000064   Code   RO          221    i.MX_TIM2_Init      tim.o
    0x08001924   0x08001924   0x00000070   Code   RO          222    i.MX_TIM4_Init      tim.o
    0x08001994   0x08001994   0x00000038   Code   RO          284    i.MX_USART1_UART_Init  usart.o
    0x080019cc   0x080019cc   0x00000038   Code   RO          285    i.MX_USART2_UART_Init  usart.o
    0x08001a04   0x08001a04   0x00000002   Code   RO          333    i.MemManage_Handler  stm32f1xx_it.o
    0x08001a06   0x08001a06   0x00000002   PAD
    0x08001a08   0x08001a08   0x00000078   Code   RO         3079    i.Modbus_CmdProcess  modbus_regs.o
    0x08001a80   0x08001a80   0x00000030   Code   RO         3080    i.Modbus_LoadDefaultParams  modbus_regs.o
    0x08001ab0   0x08001ab0   0x00000020   Code   RO         3081    i.Modbus_RegsInit   modbus_regs.o
    0x08001ad0   0x08001ad0   0x0000004c   Code   RO         3082    i.Modbus_RegsSyncFromBuffer  modbus_regs.o
    0x08001b1c   0x08001b1c   0x000000ac   Code   RO         3083    i.Modbus_RegsSyncToBuffer  modbus_regs.o
    0x08001bc8   0x08001bc8   0x00000002   Code   RO          334    i.NMI_Handler       stm32f1xx_it.o
    0x08001bca   0x08001bca   0x00000018   Code   RO         3158    i.ParamStore_CalcChecksum  param_store.o
    0x08001be2   0x08001be2   0x00000002   PAD
    0x08001be4   0x08001be4   0x00000064   Code   RO         3159    i.ParamStore_Load   param_store.o
    0x08001c48   0x08001c48   0x00000098   Code   RO         3160    i.ParamStore_Save   param_store.o
    0x08001ce0   0x08001ce0   0x00000002   Code   RO          335    i.PendSV_Handler    stm32f1xx_it.o
    0x08001ce2   0x08001ce2   0x00000002   Code   RO          336    i.SVC_Handler       stm32f1xx_it.o
    0x08001ce4   0x08001ce4   0x00000004   Code   RO          337    i.SysTick_Handler   stm32f1xx_it.o
    0x08001ce8   0x08001ce8   0x0000005e   Code   RO           17    i.SystemClock_Config  main.o
    0x08001d46   0x08001d46   0x00000002   PAD
    0x08001d48   0x08001d48   0x00000048   Code   RO         2708    i.SystemInit        system_stm32f1xx.o
    0x08001d90   0x08001d90   0x00000004   Code   RO          338    i.TIM2_IRQHandler   stm32f1xx_it.o
    0x08001d94   0x08001d94   0x0000006c   Code   RO          568    i.TIM_Base_SetConfig  stm32f1xx_hal_tim.o
    0x08001e00   0x08001e00   0x0000001a   Code   RO          569    i.TIM_CCxChannelCmd  stm32f1xx_hal_tim.o
    0x08001e1a   0x08001e1a   0x00000014   Code   RO          579    i.TIM_ETR_SetConfig  stm32f1xx_hal_tim.o
    0x08001e2e   0x08001e2e   0x00000010   Code   RO          580    i.TIM_ITRx_SetConfig  stm32f1xx_hal_tim.o
    0x08001e3e   0x08001e3e   0x00000002   PAD
    0x08001e40   0x08001e40   0x00000050   Code   RO          581    i.TIM_OC1_SetConfig  stm32f1xx_hal_tim.o
    0x08001e90   0x08001e90   0x00000058   Code   RO          582    i.TIM_OC2_SetConfig  stm32f1xx_hal_tim.o
    0x08001ee8   0x08001ee8   0x00000058   Code   RO          583    i.TIM_OC3_SetConfig  stm32f1xx_hal_tim.o
    0x08001f40   0x08001f40   0x00000044   Code   RO          584    i.TIM_OC4_SetConfig  stm32f1xx_hal_tim.o
    0x08001f84   0x08001f84   0x00000022   Code   RO          586    i.TIM_TI1_ConfigInputStage  stm32f1xx_hal_tim.o
    0x08001fa6   0x08001fa6   0x00000024   Code   RO          588    i.TIM_TI2_ConfigInputStage  stm32f1xx_hal_tim.o
    0x08001fca   0x08001fca   0x00000002   PAD
    0x08001fcc   0x08001fcc   0x000000b8   Code   RO         2432    i.UART_SetConfig    stm32f1xx_hal_uart.o
    0x08002084   0x08002084   0x00000004   Code   RO          339    i.USART1_IRQHandler  stm32f1xx_it.o
    0x08002088   0x08002088   0x00000002   Code   RO          340    i.UsageFault_Handler  stm32f1xx_it.o
    0x0800208a   0x0800208a   0x00000020   Code   RO         1894    i.__NVIC_SetPriority  stm32f1xx_hal_cortex.o
    0x080020aa   0x080020aa   0x00000002   PAD
    0x080020ac   0x080020ac   0x00000020   Code   RO         2744    i.eMBEnable         mb.o
    0x080020cc   0x080020cc   0x0000005e   Code   RO         2813    i.eMBFuncReadHoldingRegister  mbfuncholding.o
    0x0800212a   0x0800212a   0x00000032   Code   RO         2814    i.eMBFuncWriteHoldingRegister  mbfuncholding.o
    0x0800215c   0x0800215c   0x0000004e   Code   RO         2815    i.eMBFuncWriteMultipleHoldingRegister  mbfuncholding.o
    0x080021aa   0x080021aa   0x00000002   PAD
    0x080021ac   0x080021ac   0x00000080   Code   RO         2745    i.eMBInit           mb.o
    0x0800222c   0x0800222c   0x000000b4   Code   RO         2746    i.eMBPoll           mb.o
    0x080022e0   0x080022e0   0x0000003c   Code   RO         2878    i.eMBRTUInit        mbrtu.o
    0x0800231c   0x0800231c   0x00000050   Code   RO         2879    i.eMBRTUReceive     mbrtu.o
    0x0800236c   0x0800236c   0x00000058   Code   RO         2880    i.eMBRTUSend        mbrtu.o
    0x080023c4   0x080023c4   0x0000001c   Code   RO         2881    i.eMBRTUStart       mbrtu.o
    0x080023e0   0x080023e0   0x00000012   Code   RO         2882    i.eMBRTUStop        mbrtu.o
    0x080023f2   0x080023f2   0x00000002   PAD
    0x080023f4   0x080023f4   0x0000007c   Code   RO         3084    i.eMBRegHoldingCB   modbus_regs.o
    0x08002470   0x08002470   0x00000184   Code   RO           18    i.main              main.o
    0x080025f4   0x080025f4   0x00000018   Code   RO         2837    i.prveMBError2Exception  mbutils.o
    0x0800260c   0x0800260c   0x0000002c   Code   RO         2861    i.usMBCRC16         mbcrc.o
    0x08002638   0x08002638   0x00000080   Code   RO         2981    i.vMBPortSerialEnable  portserial.o
    0x080026b8   0x080026b8   0x0000001c   Code   RO         3034    i.vMBPortTimersDisable  porttimer.o
    0x080026d4   0x080026d4   0x0000002c   Code   RO         3035    i.vMBPortTimersEnable  porttimer.o
    0x08002700   0x08002700   0x0000001c   Code   RO         2942    i.xMBPortEventGet   portevent.o
    0x0800271c   0x0800271c   0x00000010   Code   RO         2943    i.xMBPortEventInit  portevent.o
    0x0800272c   0x0800272c   0x00000010   Code   RO         2944    i.xMBPortEventPost  portevent.o
    0x0800273c   0x0800273c   0x00000010   Code   RO         2982    i.xMBPortSerialGetByte  portserial.o
    0x0800274c   0x0800274c   0x00000038   Code   RO         2983    i.xMBPortSerialInit  portserial.o
    0x08002784   0x08002784   0x00000010   Code   RO         2984    i.xMBPortSerialPutByte  portserial.o
    0x08002794   0x08002794   0x0000004c   Code   RO         2985    i.xMBPortSerial_IRQHandler  portserial.o
    0x080027e0   0x080027e0   0x00000034   Code   RO         3036    i.xMBPortTimer_IRQHandler  porttimer.o
    0x08002814   0x08002814   0x0000003c   Code   RO         3037    i.xMBPortTimersInit  porttimer.o
    0x08002850   0x08002850   0x00000068   Code   RO         2883    i.xMBRTUReceiveFSM  mbrtu.o
    0x080028b8   0x080028b8   0x00000040   Code   RO         2884    i.xMBRTUTimerT35Expired  mbrtu.o
    0x080028f8   0x080028f8   0x0000005c   Code   RO         2885    i.xMBRTUTransmitFSM  mbrtu.o
    0x08002954   0x08002954   0x000000c4   Code   RO         3274    x$fpl$fadd          fz_ws.l(faddsub_clz.o)
    0x08002a18   0x08002a18   0x0000000c   Code   RO         3309    x$fpl$fcheck1       fz_ws.l(fcheck1.o)
    0x08002a24   0x08002a24   0x00000018   Code   RO         3311    x$fpl$fcmpinf       fz_ws.l(fcmpi.o)
    0x08002a3c   0x08002a3c   0x00000184   Code   RO         3281    x$fpl$fdiv          fz_ws.l(fdiv.o)
    0x08002bc0   0x08002bc0   0x0000003e   Code   RO         3284    x$fpl$ffixu         fz_ws.l(ffixu.o)
    0x08002bfe   0x08002bfe   0x00000002   PAD
    0x08002c00   0x08002c00   0x00000030   Code   RO         3289    x$fpl$fflt          fz_ws.l(fflt_clz.o)
    0x08002c30   0x08002c30   0x00000026   Code   RO         3288    x$fpl$ffltu         fz_ws.l(fflt_clz.o)
    0x08002c56   0x08002c56   0x00000002   PAD
    0x08002c58   0x08002c58   0x00000068   Code   RO         3294    x$fpl$fleqf         fz_ws.l(fleqf.o)
    0x08002cc0   0x08002cc0   0x00000102   Code   RO         3296    x$fpl$fmul          fz_ws.l(fmul.o)
    0x08002dc2   0x08002dc2   0x0000008c   Code   RO         3313    x$fpl$fnaninf       fz_ws.l(fnaninf.o)
    0x08002e4e   0x08002e4e   0x0000000a   Code   RO         3315    x$fpl$fretinf       fz_ws.l(fretinf.o)
    0x08002e58   0x08002e58   0x00000062   Code   RO         3298    x$fpl$frleqf        fz_ws.l(frleqf.o)
    0x08002eba   0x08002eba   0x00000002   PAD
    0x08002ebc   0x08002ebc   0x000000ea   Code   RO         3276    x$fpl$fsub          fz_ws.l(faddsub_clz.o)
    0x08002fa6   0x08002fa6   0x00000064   Code   RO         3342    x$fpl$retnan        fz_ws.l(retnan.o)
    0x0800300a   0x0800300a   0x0000004c   Code   RO         3300    x$fpl$scalbnf       fz_ws.l(scalbnf.o)
    0x08003056   0x08003056   0x00000030   Code   RO         3358    x$fpl$trapveneer    fz_ws.l(trapv.o)
    0x08003086   0x08003086   0x00000000   Code   RO         3317    x$fpl$usenofp       fz_ws.l(usenofp.o)
    0x08003086   0x08003086   0x00000010   Data   RO         2709    .constdata          system_stm32f1xx.o
    0x08003096   0x08003096   0x00000008   Data   RO         2710    .constdata          system_stm32f1xx.o
    0x0800309e   0x0800309e   0x00000200   Data   RO         2862    .constdata          mbcrc.o
    0x0800329e   0x0800329e   0x00000002   PAD
    0x080032a0   0x080032a0   0x00000020   Data   RO         3472    Region$$Table       anon$$obj.o


    Execution Region RW_IRAM1 (Exec base: 0x20000000, Load base: 0x080032c0, Size: 0x00000a48, Max: 0x00005000, ABSOLUTE, COMPRESSED[0x00000048])

    Exec Addr    Load Addr    Size         Type   Attr      Idx    E Section Name        Object

    0x20000000   COMPRESSED   0x00000014   Data   RW           21    .data               main.o
    0x20000014   COMPRESSED   0x0000000c   Data   RW         1431    .data               stm32f1xx_hal.o
    0x20000020   COMPRESSED   0x00000004   Data   RW         2711    .data               system_stm32f1xx.o
    0x20000024   COMPRESSED   0x000000ac   Data   RW         2748    .data               mb.o
    0x200000d0   COMPRESSED   0x0000000c   Data   RW         2887    .data               mbrtu.o
    0x200000dc   COMPRESSED   0x00000002   Data   RW         2945    .data               portevent.o
    0x200000de   COMPRESSED   0x00000002   Data   RW         2986    .data               portserial.o
    0x200000e0   COMPRESSED   0x00000002   Data   RW         3038    .data               porttimer.o
    0x200000e2   COMPRESSED   0x00000002   PAD
    0x200000e4   COMPRESSED   0x00000040   Data   RW         3086    .data               modbus_regs.o
    0x20000124   COMPRESSED   0x00000010   Data   RW         3205    .data               m1820.o
    0x20000134        -       0x00000080   Zero   RW          223    .bss                tim.o
    0x200001b4        -       0x00000080   Zero   RW          286    .bss                usart.o
    0x20000234   COMPRESSED   0x00000004   PAD
    0x20000238        -       0x00000020   Zero   RW         2135    .bss                stm32f1xx_hal_flash.o
    0x20000258        -       0x00000100   Zero   RW         2886    .bss                mbrtu.o
    0x20000358        -       0x0000008a   Zero   RW         3085    .bss                modbus_regs.o
    0x200003e2   COMPRESSED   0x00000002   PAD
    0x200003e4        -       0x00000060   Zero   RW         3363    .bss                c_w.l(libspace.o)
    0x20000444   COMPRESSED   0x00000004   PAD
    0x20000448        -       0x00000200   Zero   RW            2    HEAP                startup_stm32f103xb.o
    0x20000648        -       0x00000400   Zero   RW            1    STACK               startup_stm32f103xb.o


==============================================================================

Image component sizes


      Code (inc. data)   RO Data    RW Data    ZI Data      Debug   Object Name

       156         14          0          0          0        855   gpio.o
       568         28          0         16          0       6272   m1820.o
      1074        128          0         20          0     435252   main.o
       340         40          0        172          0       4532   mb.o
        44          4        512          0          0       1148   mbcrc.o
       222          0          0          0          0       3977   mbfuncholding.o
       534         48          0         12        256       5991   mbrtu.o
        24          0          0          0          0        592   mbutils.o
       580         58          0         64        138      31092   modbus_regs.o
       276         60          0          0          0       2584   param_store.o
        60         14          0          2          0       3321   portevent.o
       292         52          0          2          0       3571   portserial.o
       184         32          0          2          0       2647   porttimer.o
        64         26        236          0       1536        772   startup_stm32f103xb.o
       164         28          0         12          0       5601   stm32f1xx_hal.o
       198         14          0          0          0      28707   stm32f1xx_hal_cortex.o
       392         46          0          0         32       4426   stm32f1xx_hal_flash.o
       240         26          0          0          0       3093   stm32f1xx_hal_flash_ex.o
       514         34          0          0          0       3920   stm32f1xx_hal_gpio.o
        60          8          0          0          0        794   stm32f1xx_hal_msp.o
      1272        100          0          0          0       4964   stm32f1xx_hal_rcc.o
      1226         38          0          0          0      11957   stm32f1xx_hal_tim.o
        66          0          0          0          0       1228   stm32f1xx_hal_tim_ex.o
       282          6          0          0          0       1804   stm32f1xx_hal_uart.o
        28          0          0          0          0       4320   stm32f1xx_it.o
        72         16         24          4          0       1063   system_stm32f1xx.o
       384         42          0          0        128       3159   tim.o
       316         34          0          0        128       2191   usart.o

    ----------------------------------------------------------------------
      9660        896        806        308       2224     579833   Object Totals
         0          0         32          0          0          0   (incl. Generated)
        28          0          2          2          6          0   (incl. Padding)

    ----------------------------------------------------------------------

      Code (inc. data)   RO Data    RW Data    ZI Data      Debug   Library Member Name

        90          0          0          0          0          0   __dczerorl2.o
         8          0          0          0          0         68   __main.o
         0          0          0          0          0          0   __rtentry.o
        12          0          0          0          0          0   __rtentry2.o
         6          0          0          0          0          0   __rtentry4.o
        52          8          0          0          0          0   __scatter.o
        28          0          0          0          0          0   __scatter_zi.o
        22          0          0          0          0         80   abort.o
        48         34          0          0          0         76   defsig_abrt_inner.o
        14          0          0          0          0         80   defsig_abrt_outer.o
        10          0          0          0          0         68   defsig_exit.o
        50          0          0          0          0         88   defsig_general.o
        18          0          0          0          0         80   exit.o
         6          0          0          0          0        152   heapauxi.o
         0          0          0          0          0          0   indicate_semi.o
         2          0          0          0          0          0   libinit.o
         2          0          0          0          0          0   libinit2.o
         2          0          0          0          0          0   libshutdown.o
         2          0          0          0          0          0   libshutdown2.o
         8          4          0          0         96         68   libspace.o
        38          0          0          0          0         68   llushr.o
        68          0          0          0          0         68   rt_memclr.o
        78          0          0          0          0         80   rt_memclr_w.o
         2          0          0          0          0          0   rtexit.o
        10          0          0          0          0          0   rtexit2.o
        12          4          0          0          0         68   sys_exit.o
        74          0          0          0          0         80   sys_stackheap_outer.o
        14          0          0          0          0         76   sys_wrch.o
         2          0          0          0          0         68   use_no_semi.o
       430          8          0          0          0        168   faddsub_clz.o
        12          4          0          0          0         68   fcheck1.o
        24          0          0          0          0         68   fcmpi.o
       388         76          0          0          0         96   fdiv.o
        62          4          0          0          0         84   ffixu.o
        86          0          0          0          0        136   fflt_clz.o
       104          4          0          0          0         84   fleqf.o
       258          4          0          0          0         84   fmul.o
       140          4          0          0          0         84   fnaninf.o
        10          0          0          0          0         68   fretinf.o
        98          0          0          0          0         68   frleqf.o
       100          0          0          0          0         68   retnan.o
        76          0          0          0          0         68   scalbnf.o
        48          0          0          0          0         68   trapv.o
         0          0          0          0          0          0   usenofp.o

    ----------------------------------------------------------------------
      2526        154          0          0        100       2480   Library Totals
        12          0          0          0          4          0   (incl. Padding)

    ----------------------------------------------------------------------

      Code (inc. data)   RO Data    RW Data    ZI Data      Debug   Library Name

       678         50          0          0         96       1268   c_w.l
      1836        104          0          0          0       1212   fz_ws.l

    ----------------------------------------------------------------------
      2526        154          0          0        100       2480   Library Totals

    ----------------------------------------------------------------------

==============================================================================


      Code (inc. data)   RO Data    RW Data    ZI Data      Debug   

     12186       1050        806        308       2324     574821   Grand Totals
     12186       1050        806         72       2324     574821   ELF Image Totals (compressed)
     12186       1050        806         72          0          0   ROM Totals

==============================================================================

    Total RO  Size (Code + RO Data)                12992 (  12.69kB)
    Total RW  Size (RW Data + ZI Data)              2632 (   2.57kB)
    Total ROM Size (Code + RO Data + RW Data)      13064 (  12.76kB)

==============================================================================

